Component: Arm Compiler for Embedded 6.18 Tool: armlink [5e4cc100]

==============================================================================

Section Cross References

    startup_stm32f405xx.o(STACK) refers (Special) to heapauxi.o(.text) for __use_two_region_memory
    startup_stm32f405xx.o(HEAP) refers (Special) to heapauxi.o(.text) for __use_two_region_memory
    startup_stm32f405xx.o(RESET) refers (Special) to heapauxi.o(.text) for __use_two_region_memory
    startup_stm32f405xx.o(RESET) refers to startup_stm32f405xx.o(STACK) for __initial_sp
    startup_stm32f405xx.o(RESET) refers to startup_stm32f405xx.o(.text) for Reset_Handler
    startup_stm32f405xx.o(RESET) refers to stm32f4xx_it.o(.text.NMI_Handler) for NMI_Handler
    startup_stm32f405xx.o(RESET) refers to stm32f4xx_it.o(.text.HardFault_Handler) for HardFault_Handler
    startup_stm32f405xx.o(RESET) refers to stm32f4xx_it.o(.text.MemManage_Handler) for MemManage_Handler
    startup_stm32f405xx.o(RESET) refers to stm32f4xx_it.o(.text.BusFault_Handler) for BusFault_Handler
    startup_stm32f405xx.o(RESET) refers to stm32f4xx_it.o(.text.UsageFault_Handler) for UsageFault_Handler
    startup_stm32f405xx.o(RESET) refers to port.o(.text.SVC_Handler) for SVC_Handler
    startup_stm32f405xx.o(RESET) refers to stm32f4xx_it.o(.text.DebugMon_Handler) for DebugMon_Handler
    startup_stm32f405xx.o(RESET) refers to port.o(.text.PendSV_Handler) for PendSV_Handler
    startup_stm32f405xx.o(RESET) refers to cmsis_os2.o(.text.SysTick_Handler) for SysTick_Handler
    startup_stm32f405xx.o(RESET) refers to stm32f4xx_it.o(.text.DMA1_Stream4_IRQHandler) for DMA1_Stream4_IRQHandler
    startup_stm32f405xx.o(RESET) refers to stm32f4xx_it.o(.text.ADC_IRQHandler) for ADC_IRQHandler
    startup_stm32f405xx.o(RESET) refers to stm32f4xx_it.o(.text.TIM1_TRG_COM_TIM11_IRQHandler) for TIM1_TRG_COM_TIM11_IRQHandler
    startup_stm32f405xx.o(RESET) refers to stm32f4xx_it.o(.text.TIM2_IRQHandler) for TIM2_IRQHandler
    startup_stm32f405xx.o(RESET) refers to stm32f4xx_it.o(.text.USART1_IRQHandler) for USART1_IRQHandler
    startup_stm32f405xx.o(RESET) refers to stm32f4xx_it.o(.text.DMA2_Stream2_IRQHandler) for DMA2_Stream2_IRQHandler
    startup_stm32f405xx.o(RESET) refers to stm32f4xx_it.o(.text.DMA2_Stream7_IRQHandler) for DMA2_Stream7_IRQHandler
    startup_stm32f405xx.o(.text) refers (Special) to heapauxi.o(.text) for __use_two_region_memory
    startup_stm32f405xx.o(.text) refers to system_stm32f4xx.o(.text.SystemInit) for SystemInit
    startup_stm32f405xx.o(.text) refers to __main.o(!!!main) for __main
    startup_stm32f405xx.o(.text) refers to startup_stm32f405xx.o(HEAP) for Heap_Mem
    startup_stm32f405xx.o(.text) refers to startup_stm32f405xx.o(STACK) for Stack_Mem
    main.o(.text.main) refers to stm32f4xx_hal.o(.text.HAL_Init) for HAL_Init
    main.o(.text.main) refers to main.o(.text.SystemClock_Config) for SystemClock_Config
    main.o(.text.main) refers to gpio.o(.text.MX_GPIO_Init) for MX_GPIO_Init
    main.o(.text.main) refers to dma.o(.text.MX_DMA_Init) for MX_DMA_Init
    main.o(.text.main) refers to adc.o(.text.MX_ADC1_Init) for MX_ADC1_Init
    main.o(.text.main) refers to spi.o(.text.MX_SPI1_Init) for MX_SPI1_Init
    main.o(.text.main) refers to spi.o(.text.MX_SPI2_Init) for MX_SPI2_Init
    main.o(.text.main) refers to tim.o(.text.MX_TIM1_Init) for MX_TIM1_Init
    main.o(.text.main) refers to adc.o(.text.MX_ADC2_Init) for MX_ADC2_Init
    main.o(.text.main) refers to can.o(.text.MX_CAN1_Init) for MX_CAN1_Init
    main.o(.text.main) refers to i2c.o(.text.MX_I2C2_Init) for MX_I2C2_Init
    main.o(.text.main) refers to tim.o(.text.MX_TIM3_Init) for MX_TIM3_Init
    main.o(.text.main) refers to usart.o(.text.MX_USART1_UART_Init) for MX_USART1_UART_Init
    main.o(.text.main) refers to tim.o(.text.MX_TIM2_Init) for MX_TIM2_Init
    main.o(.text.main) refers to cmsis_os2.o(.text.osKernelInitialize) for osKernelInitialize
    main.o(.text.main) refers to freertos.o(.text.MX_FREERTOS_Init) for MX_FREERTOS_Init
    main.o(.text.main) refers to cmsis_os2.o(.text.osKernelStart) for osKernelStart
    main.o(.ARM.exidx.text.main) refers to main.o(.text.main) for [Anonymous Symbol]
    main.o(.text.SystemClock_Config) refers to rt_memclr_w.o(.text) for __aeabi_memclr4
    main.o(.text.SystemClock_Config) refers to stm32f4xx_hal_rcc.o(.text.HAL_RCC_OscConfig) for HAL_RCC_OscConfig
    main.o(.text.SystemClock_Config) refers to main.o(.text.Error_Handler) for Error_Handler
    main.o(.text.SystemClock_Config) refers to stm32f4xx_hal_rcc.o(.text.HAL_RCC_ClockConfig) for HAL_RCC_ClockConfig
    main.o(.ARM.exidx.text.SystemClock_Config) refers to main.o(.text.SystemClock_Config) for [Anonymous Symbol]
    main.o(.ARM.exidx.text.Error_Handler) refers to main.o(.text.Error_Handler) for [Anonymous Symbol]
    main.o(.text.HAL_TIM_PeriodElapsedCallback) refers to stm32f4xx_hal.o(.text.HAL_IncTick) for HAL_IncTick
[...]
    SafetyLimits::SafetyLimits__sub_object() 0x08007cd9   Thumb Code    38  safetytask.o(.text._ZN12SafetyLimitsC2Ev)
    SafetyManager::reset()                   0x08007d01   Thumb Code    22  safetytask.o(.text._ZN13SafetyManager5resetEv)
    SafetyManager::SafetyManager__sub_object() 0x08007d19   Thumb Code    20  safetytask.o(.text._ZN13SafetyManagerC2Ev)
    FOC::FOC()                               0x08007d2d   Thumb Code    76  foc.o(.text._ZN3FOCC2Ev)
    FOC::FOC__sub_object()                   0x08007d2d   Thumb Code    76  foc.o(.text._ZN3FOCC2Ev)
    FOC::~FOC()                              0x08007d79   Thumb Code    22  foc.o(.text._ZN3FOCD2Ev)
    FOC::~FOC__sub_object()                  0x08007d79   Thumb Code    22  foc.o(.text._ZN3FOCD2Ev)
    LPS::LPF_Update(float)                   0x08007d91   Thumb Code    34  lowpassfiliter.o(.text._ZN3LPS10LPF_UpdateEf)
    LPS::LPS(float, float)                   0x08007db5   Thumb Code   160  lowpassfiliter.o(.text._ZN3LPSC2Eff)
    LPS::LPS__sub_object(float, float)       0x08007db5   Thumb Code   160  lowpassfiliter.o(.text._ZN3LPSC2Eff)
    LPS::~LPS()                              0x08007e55   Thumb Code    10  lowpassfiliter.o(.text._ZN3LPSD2Ev)
    LPS::~LPS__sub_object()                  0x08007e55   Thumb Code    10  lowpassfiliter.o(.text._ZN3LPSD2Ev)
    Uart::InvokeCallback()                   0x08007e61   Thumb Code    34  bspuart.o(.text._ZN4Uart14InvokeCallbackEv)
    Uart::TxCpltCallback()                   0x08007e85   Thumb Code    38  bspuart.o(.text._ZN4Uart14TxCpltCallbackEv)
    Uart::StartDmaTxIfIdle()                 0x08007ead   Thumb Code   134  bspuart.o(.text._ZN4Uart16StartDmaTxIfIdleEv)
    Uart::SendData(unsigned char const*, unsigned int) 0x08007f35   Thumb Code    78  bspuart.o(.text._ZN4Uart8SendDataEPKhj)
    Uart::Uart(BspDevice_t)                  0x08007f85   Thumb Code   178  bspuart.o(.text._ZN4UartC2E11BspDevice_t)
    Uart::Uart__sub_object(BspDevice_t)      0x08007f85   Thumb Code   178  bspuart.o(.text._ZN4UartC2E11BspDevice_t)
    Timer::InvokeCallback()                  0x08008039   Thumb Code    28  bsptimer.o(.text._ZN5Timer14InvokeCallbackEv)
    arm_biquad_cascade_df2T_f32              0x080082bd   Thumb Code   876  arm_biquad_cascade_df2t_f32.o(.text.arm_biquad_cascade_df2T_f32)
    arm_biquad_cascade_df2T_init_f32         0x08008629   Thumb Code    22  arm_biquad_cascade_df2t_init_f32.o(.text.arm_biquad_cascade_df2T_init_f32)
    main                                     0x08008641   Thumb Code    80  main.o(.text.main)
    osKernelInitialize                       0x08008691   Thumb Code    70  cmsis_os2.o(.text.osKernelInitialize)
    osKernelStart                            0x080086d9   Thumb Code    82  cmsis_os2.o(.text.osKernelStart)
    osThreadNew                              0x0800872d   Thumb Code   346  cmsis_os2.o(.text.osThreadNew)
    pvPortMalloc                             0x0800972d   Thumb Code   492  heap_4.o(.text.pvPortMalloc)
    pxPortInitialiseStack                    0x08009919   Thumb Code    94  port.o(.text.pxPortInitialiseStack)
    userMain                                 0x08009979   Thumb Code    60  user_main.o(.text.userMain)
    uxListRemove                             0x080099b5   Thumb Code    72  list.o(.text.uxListRemove)
    vApplicationGetIdleTaskMemory            0x080099fd   Thumb Code    42  cmsis_os2.o(.text.vApplicationGetIdleTaskMemory)
    vApplicationGetTimerTaskMemory           0x08009a29   Thumb Code    44  cmsis_os2.o(.text.vApplicationGetTimerTaskMemory)
    vListInitialise                          0x08009a55   Thumb Code    46  list.o(.text.vListInitialise)
    vListInitialiseItem                      0x08009a85   Thumb Code    14  list.o(.text.vListInitialiseItem)
    vListInsert                              0x08009a95   Thumb Code   106  list.o(.text.vListInsert)
    vListInsertEnd                           0x08009b01   Thumb Code    58  list.o(.text.vListInsertEnd)
    vPortEnterCritical                       0x08009b51   Thumb Code    86  port.o(.text.vPortEnterCritical)
    vPortExitCritical                        0x08009ba9   Thumb Code    74  port.o(.text.vPortExitCritical)
    vPortFree                                0x08009bf5   Thumb Code   206  heap_4.o(.text.vPortFree)
    vPortSetupTimerInterrupt                 0x08009cc5   Thumb Code    68  port.o(.text.vPortSetupTimerInterrupt)
    vPortValidateInterruptPriority           0x08009d09   Thumb Code   132  port.o(.text.vPortValidateInterruptPriority)
    vQueueAddToRegistry                      0x08009d8d   Thumb Code    82  queue.o(.text.vQueueAddToRegistry)
    vQueueWaitForMessageRestricted           0x08009de1   Thumb Code   100  queue.o(.text.vQueueWaitForMessageRestricted)
    vTaskDelay                               0x08009e45   Thumb Code   110  tasks.o(.text.vTaskDelay)
    vTaskDelete                              0x08009eb5   Thumb Code   270  tasks.o(.text.vTaskDelete)
    vTaskInternalSetTimeOutState             0x08009fc5   Thumb Code    36  tasks.o(.text.vTaskInternalSetTimeOutState)
    vTaskMissedYield                         0x08009fe9   Thumb Code    14  tasks.o(.text.vTaskMissedYield)
    vTaskPlaceOnEventList                    0x08009ff9   Thumb Code    66  tasks.o(.text.vTaskPlaceOnEventList)
    vTaskPlaceOnEventListRestricted          0x0800a03d   Thumb Code    82  tasks.o(.text.vTaskPlaceOnEventListRestricted)
    vTaskStartScheduler                      0x0800a091   Thumb Code   224  tasks.o(.text.vTaskStartScheduler)
    vTaskSuspendAll                          0x0800a171   Thumb Code    16  tasks.o(.text.vTaskSuspendAll)
    vTaskSwitchContext                       0x0800a181   Thumb Code   198  tasks.o(.text.vTaskSwitchContext)
    xPortStartScheduler                      0x0800a249   Thumb Code   342  port.o(.text.xPortStartScheduler)
    xPortSysTickHandler                      0x0800a3a1   Thumb Code    60  port.o(.text.xPortSysTickHandler)
    xQueueGenericCreateStatic                0x0800a3dd   Thumb Code   270  queue.o(.text.xQueueGenericCreateStatic)
    xQueueGenericReset                       0x0800a4ed   Thumb Code   186  queue.o(.text.xQueueGenericReset)
    xQueueGenericSend                        0x0800a5a9   Thumb Code   556  queue.o(.text.xQueueGenericSend)
    xQueueGenericSendFromISR                 0x0800a7d5   Thumb Code   332  queue.o(.text.xQueueGenericSendFromISR)
    xQueueReceive                            0x0800a921   Thumb Code   476  queue.o(.text.xQueueReceive)
    xTaskCheckForTimeOut                     0x0800aafd   Thumb Code   204  tasks.o(.text.xTaskCheckForTimeOut)
    xTaskCreate                              0x0800abc9   Thumb Code   158  tasks.o(.text.xTaskCreate)
    xTaskCreateStatic                        0x0800ac69   Thumb Code   206  tasks.o(.text.xTaskCreateStatic)
    xTaskGetSchedulerState                   0x0800ad39   Thumb Code    56  tasks.o(.text.xTaskGetSchedulerState)
    xTaskGetTickCount                        0x0800ad71   Thumb Code    20  tasks.o(.text.xTaskGetTickCount)
    xTaskIncrementTick                       0x0800ad85   Thumb Code   452  tasks.o(.text.xTaskIncrementTick)
    xTaskPriorityDisinherit                  0x0800af49   Thumb Code   236  tasks.o(.text.xTaskPriorityDisinherit)
    xTaskRemoveFromEventList                 0x0800b035   Thumb Code   206  tasks.o(.text.xTaskRemoveFromEventList)
    xTaskResumeAll                           0x0800b105   Thumb Code   390  tasks.o(.text.xTaskResumeAll)
    xTimerCreateTimerTask                    0x0800b28d   Thumb Code   148  timers.o(.text.xTimerCreateTimerTask)
    xTimerGenericCommand                     0x0800b321   Thumb Code   176  timers.o(.text.xTimerGenericCommand)
    __btod_div_common                        0x0800b3d1   Thumb Code   696  btod.o(CL$$btod_div_common)
    _e2d                                     0x0800b709   Thumb Code   122  btod.o(CL$$btod_e2d)
    _e2e                                     0x0800b78d   Thumb Code   220  btod.o(CL$$btod_e2e)
    _btod_ediv                               0x0800b869   Thumb Code    42  btod.o(CL$$btod_ediv)
    _btod_edivd                              0x0800b893   Thumb Code    42  btod.o(CL$$btod_edivd)
    _btod_emul                               0x0800b8bd   Thumb Code    42  btod.o(CL$$btod_emul)
    _btod_emuld                              0x0800b8e7   Thumb Code    42  btod.o(CL$$btod_emuld)
    __btod_mult_common                       0x0800b911   Thumb Code   580  btod.o(CL$$btod_mult_common)
    __hardfp___mathlib_tofloat               0x0800bb59   Thumb Code   232  narrow.o(i.__hardfp___mathlib_tofloat)
    __hardfp_ldexp                           0x0800bc51   Thumb Code   200  ldexp.o(i.__hardfp_ldexp)
    __mathlib_dbl_overflow                   0x0800bd21   Thumb Code    24  dunder.o(i.__mathlib_dbl_overflow)
    __mathlib_dbl_underflow                  0x0800bd41   Thumb Code    24  dunder.o(i.__mathlib_dbl_underflow)
    __mathlib_narrow                         0x0800bd61   Thumb Code    18  narrow.o(i.__mathlib_narrow)
    __support_ldexp                          0x0800bd73   Thumb Code    20  ldexp.o(i.__support_ldexp)
    _is_digit                                0x0800bd87   Thumb Code    14  __printf_wp.o(i._is_digit)
    frexp                                    0x0800bd99   Thumb Code   118  frexp.o(i.frexp)
    _get_lc_numeric                          0x0800be25   Thumb Code    44  lc_numeric_c.o(locale$$code)
    _get_lc_ctype                            0x0800be51   Thumb Code    44  lc_ctype_c.o(locale$$code)
    __aeabi_d2f                              0x0800be7d   Thumb Code     0  d2f.o(x$fpl$d2f)
    _d2f                                     0x0800be7d   Thumb Code    98  d2f.o(x$fpl$d2f)
    __fpl_dcheck_NaN1                        0x0800bee1   Thumb Code    10  dcheck1.o(x$fpl$dcheck1)
    __fpl_dcmp_Inf                           0x0800bef1   Thumb Code    24  dcmpi.o(x$fpl$dcmpinf)
    __aeabi_cdcmpeq                          0x0800bf09   Thumb Code     0  deqf.o(x$fpl$deqf)
    _dcmpeq                                  0x0800bf09   Thumb Code   120  deqf.o(x$fpl$deqf)
    __aeabi_cdcmple                          0x0800bf81   Thumb Code     0  dleqf.o(x$fpl$dleqf)
    _dcmple                                  0x0800bf81   Thumb Code   120  dleqf.o(x$fpl$dleqf)
    __fpl_dcmple_InfNaN                      0x0800bfe3   Thumb Code     0  dleqf.o(x$fpl$dleqf)
    __aeabi_dmul                             0x0800bff9   Thumb Code     0  dmul.o(x$fpl$dmul)
    _dmul                                    0x0800bff9   Thumb Code   332  dmul.o(x$fpl$dmul)
    __fpl_dnaninf                            0x0800c14d   Thumb Code   156  dnaninf.o(x$fpl$dnaninf)
    __fpl_dretinf                            0x0800c1e9   Thumb Code    12  dretinf.o(x$fpl$dretinf)
    __aeabi_cdrcmple                         0x0800c1f5   Thumb Code     0  drleqf.o(x$fpl$drleqf)
    _drcmple                                 0x0800c1f5   Thumb Code   108  drleqf.o(x$fpl$drleqf)
    _fp_init                                 0x0800c261   Thumb Code    26  fpinit.o(x$fpl$fpinit)
    __fplib_config_fpu_vfp                   0x0800c279   Thumb Code     0  fpinit.o(x$fpl$fpinit)
    __fplib_config_pureend_doubles           0x0800c279   Thumb Code     0  fpinit.o(x$fpl$fpinit)
    __fpl_fretinf                            0x0800c27b   Thumb Code    10  fretinf.o(x$fpl$fretinf)
    __ieee_status                            0x0800c285   Thumb Code     6  istatus.o(x$fpl$ieeestatus)
    __fpl_return_NaN                         0x0800c28b   Thumb Code   100  retnan.o(x$fpl$retnan)
    __ARM_scalbn                             0x0800c2ef   Thumb Code    92  scalbn.o(x$fpl$scalbn)
    _scanf_real                              0x0800c34b   Thumb Code     4  scanf1.o(x$fpl$scanf1)
    _scanf_hex_real                          0x0800c34f   Thumb Code     4  scanf2.o(x$fpl$scanf2)
    _scanf_infnan                            0x0800c353   Thumb Code     4  scanf2.o(x$fpl$scanf2)
    __fpl_cmpreturn                          0x0800c357   Thumb Code    48  trapv.o(x$fpl$trapveneer)
    __I$use$fp                               0x0800c386   Number         0  usenofp.o(x$fpl$usenofp)
    AHBPrescTable                            0x0800c41c   Data          16  system_stm32f4xx.o(.rodata.AHBPrescTable)
    APBPrescTable                            0x0800c42c   Data           8  system_stm32f4xx.o(.rodata.APBPrescTable)
    defaultTask_attributes                   0x0800c43c   Data          36  freertos.o(.rodata.defaultTask_attributes)
    Region$$Table$$Base                      0x0800c484   Number         0  anon$$obj.o(Region$$Table)
    Region$$Table$$Limit                     0x0800c4a4   Number         0  anon$$obj.o(Region$$Table)
    __aeabi_HUGE_VAL                         0x0800c4a4   Data           0  fpconst.o(c$$dinf)
    __aeabi_HUGE_VALL                        0x0800c4a4   Data           0  fpconst.o(c$$dinf)
    __aeabi_INFINITY                         0x0800c4a4   Data           0  fpconst.o(c$$dinf)
    __dInf                                   0x0800c4a4   Data           0  fpconst.o(c$$dinf)
    __huge_val                               0x0800c4a4   Data           0  fpconst.o(c$$dinf)
    __dbl_max                                0x0800c4ac   Data           0  fpconst.o(c$$dmax)
    __ctype                                  0x0800c4dd   Data           0  lc_ctype_c.o(locale$$data)
    SHT$$INIT_ARRAY$$Base                    0x0800c5e0   Number         0  motortask.o(.init_array)
    SHT$$INIT_ARRAY$$Limit                   0x0800c5ec   Number         0  init_aeabi.o(.init_array)
    SystemCoreClock                          0x20000000   Data           4  system_stm32f4xx.o(.data.SystemCoreClock)
    uwTickFreq                               0x2000001c   Data           1  stm32f4xx_hal.o(.data.uwTickFreq)
    uwTickPrio                               0x20000020   Data           4  stm32f4xx_hal.o(.data.uwTickPrio)
    __libspace_start                         0x20000028   Data          96  libspace.o(.bss)
    Ia                                       0x20000088   Data           4  user_main.o(.bss.Ia)
    __temporary_stack_top$libspace           0x20000088   Data           0  libspace.o(.bss)
    IaFilter                                 0x2000008c   Data          48  user_main.o(.bss.IaFilter)
    Ib                                       0x200000bc   Data           4  user_main.o(.bss.Ib)
    IbFilter                                 0x200000c0   Data          48  user_main.o(.bss.IbFilter)
    Ic                                       0x200000f0   Data           4  user_main.o(.bss.Ic)
    IcFilter                                 0x200000f4   Data          48  user_main.o(.bss.IcFilter)
    IdFilter                                 0x20000124   Data          48  user_main.o(.bss.IdFilter)
    IqFilter                                 0x20000154   Data          48  user_main.o(.bss.IqFilter)
    VBUS                                     0x20000188   Data           4  user_main.o(.bss.VBUS)
    adcValueIa                               0x2000019c   Data           4  user_main.o(.bss.adcValueIa)
    adcValueIb                               0x200001a0   Data           4  user_main.o(.bss.adcValueIb)
    adcValueIc                               0x200001a4   Data           4  user_main.o(.bss.adcValueIc)
    adcValueVbus                             0x200001a8   Data           4  user_main.o(.bss.adcValueVbus)
    cmdBuffer                                0x200001ac   Data          16  cmdtask.o(.bss.cmdBuffer)
    ctrledDataList                           0x200001bc   Data         768  vofa.o(.bss.ctrledDataList)
    currentAOffset                           0x200004bc   Data           4  user_main.o(.bss.currentAOffset)
    currentBOffset                           0x200004c0   Data           4  user_main.o(.bss.currentBOffset)
    currentCOffset                           0x200004c4   Data           4  user_main.o(.bss.currentCOffset)
    defaultTaskHandle                        0x200004c8   Data           4  freertos.o(.bss.defaultTaskHandle)
    hadc1                                    0x200004cc   Data          72  adc.o(.bss.hadc1)
    hadc2                                    0x20000514   Data          72  adc.o(.bss.hadc2)
    hcan1                                    0x2000055c   Data          40  can.o(.bss.hcan1)
    hdma_tim3_ch1_trig                       0x20000584   Data          96  tim.o(.bss.hdma_tim3_ch1_trig)
    hdma_usart1_rx                           0x200005e4   Data          96  usart.o(.bss.hdma_usart1_rx)
    hdma_usart1_tx                           0x20000644   Data          96  usart.o(.bss.hdma_usart1_tx)
    hi2c2                                    0x200006a4   Data          84  i2c.o(.bss.hi2c2)
    hspi1                                    0x200006f8   Data          88  spi.o(.bss.hspi1)
    hspi2                                    0x20000750   Data          88  spi.o(.bss.hspi2)
    htim1                                    0x200007a8   Data          72  tim.o(.bss.htim1)
    htim11                                   0x200007f0   Data          72  stm32f4xx_hal_timebase_tim.o(.bss.htim11)
    htim2                                    0x20000838   Data          72  tim.o(.bss.htim2)
    htim3                                    0x20000880   Data          72  tim.o(.bss.htim3)
    huart1                                   0x200008c8   Data          72  usart.o(.bss.huart1)
    motor                                    0x20000910   Data         352  motortask.o(.bss.motor)
    pxCurrentTCB                             0x20000b64   Data           4  tasks.o(.bss.pxCurrentTCB)
    rxBuffer_VOFA                            0x20000fdc   Data         128  vofa.o(.bss.rxBuffer_VOFA)
    safetyLimits                             0x2000105c   Data          12  safetytask.o(.bss.safetyLimits)
    safetyManager                            0x20001068   Data          12  safetytask.o(.bss.safetyManager)
    uwTick                                   0x20004c7c   Data           4  stm32f4xx_hal.o(.bss.uwTick)
    xQueueRegistry                           0x200053d4   Data          64  queue.o(.bss.xQueueRegistry)



==============================================================================

Memory Map of the image

  Image Entry point : 0x08000189

  Load Region LR_IROM1 (Base: 0x08000000, Size: 0x0000c618, Max: 0x00100000, ABSOLUTE)

    Execution Region ER_IROM1 (Exec base: 0x08000000, Load base: 0x08000000, Size: 0x0000c5ec, Max: 0x00100000, ABSOLUTE)

    Exec Addr    Load Addr    Size         Type   Attr      Idx    E Section Name        Object

    0x08000000   0x08000000   0x00000188   Data   RO            3    RESET               startup_stm32f405xx.o
    0x08000188   0x08000188   0x00000008   Code   RO         2952  * !!!main             c_w.l(__main.o)
    0x08000190   0x08000190   0x00000034   Code   RO         3597    !!!scatter          c_w.l(__scatter.o)
    0x080001c4   0x080001c4   0x0000001a   Code   RO         3599    !!handler_copy      c_w.l(__scatter_copy.o)
    0x080001de   0x080001de   0x00000002   PAD
    0x080001e0   0x080001e0   0x0000001c   Code   RO         3601    !!handler_zi        c_w.l(__scatter_zi.o)
    0x080001fc   0x080001fc   0x00000002   Code   RO         3429    .ARM.Collect$$libinit$$00000000  c_w.l(libinit.o)
    0x080001fe   0x080001fe   0x00000004   Code   RO         3114    .ARM.Collect$$libinit$$00000001  c_w.l(libinit2.o)
    0x08000202   0x08000202   0x00000000   Code   RO         3117    .ARM.Collect$$libinit$$00000004  c_w.l(libinit2.o)
    0x08000202   0x08000202   0x00000000   Code   RO         3119    .ARM.Collect$$libinit$$00000006  c_w.l(libinit2.o)
    0x08000202   0x08000202   0x00000008   Code   RO         3120    .ARM.Collect$$libinit$$00000007  c_w.l(libinit2.o)
    0x0800020a   0x0800020a   0x00000000   Code   RO         3122    .ARM.Collect$$libinit$$0000000C  c_w.l(libinit2.o)
    0x0800020a   0x0800020a   0x00000000   Code   RO         3124    .ARM.Collect$$libinit$$0000000E  c_w.l(libinit2.o)
    0x0800020a   0x0800020a   0x00000000   Code   RO         3126    .ARM.Collect$$libinit$$00000010  c_w.l(libinit2.o)
    0x0800020a   0x0800020a   0x00000006   Code   RO         3127    .ARM.Collect$$libinit$$00000011  c_w.l(libinit2.o)
    0x08000210   0x08000210   0x00000000   Code   RO         3129    .ARM.Collect$$libinit$$00000013  c_w.l(libinit2.o)
    0x08000210   0x08000210   0x0000000c   Code   RO         3130    .ARM.Collect$$libinit$$00000014  c_w.l(libinit2.o)
    0x0800021c   0x0800021c   0x00000000   Code   RO         3131    .ARM.Collect$$libinit$$00000015  c_w.l(libinit2.o)
    0x0800021c   0x0800021c   0x00000000   Code   RO         3133    .ARM.Collect$$libinit$$00000017  c_w.l(libinit2.o)
    0x0800021c   0x0800021c   0x0000000a   Code   RO         3134    .ARM.Collect$$libinit$$00000018  c_w.l(libinit2.o)
    0x08000226   0x08000226   0x00000000   Code   RO         3135    .ARM.Collect$$libinit$$00000019  c_w.l(libinit2.o)
    0x08000226   0x08000226   0x00000000   Code   RO         3137    .ARM.Collect$$libinit$$0000001B  c_w.l(libinit2.o)
    0x08000226   0x08000226   0x00000000   Code   RO         3139    .ARM.Collect$$libinit$$0000001D  c_w.l(libinit2.o)
    0x08000226   0x08000226   0x00000000   Code   RO         3141    .ARM.Collect$$libinit$$0000001F  c_w.l(libinit2.o)
    0x08000226   0x08000226   0x00000000   Code   RO         3143    .ARM.Collect$$libinit$$00000021  c_w.l(libinit2.o)
    0x08000226   0x08000226   0x00000000   Code   RO         3145    .ARM.Collect$$libinit$$00000023  c_w.l(libinit2.o)
    0x08000226   0x08000226   0x00000000   Code   RO         3147    .ARM.Collect$$libinit$$00000025  c_w.l(libinit2.o)
    0x08000226   0x08000226   0x00000000   Code   RO         3149    .ARM.Collect$$libinit$$00000027  c_w.l(libinit2.o)
    0x08000226   0x08000226   0x00000000   Code   RO         3153    .ARM.Collect$$libinit$$0000002E  c_w.l(libinit2.o)
    0x08000226   0x08000226   0x00000000   Code   RO         3155    .ARM.Collect$$libinit$$00000030  c_w.l(libinit2.o)
    0x08000226   0x08000226   0x00000000   Code   RO         3157    .ARM.Collect$$libinit$$00000032  c_w.l(libinit2.o)
    0x08000226   0x08000226   0x00000004   Code   RO         3158    .ARM.Collect$$libinit$$00000033  c_w.l(libinit2.o)
    0x0800022a   0x0800022a   0x00000000   Code   RO         3159    .ARM.Collect$$libinit$$00000034  c_w.l(libinit2.o)
    0x0800022a   0x0800022a   0x00000002   Code   RO         3160    .ARM.Collect$$libinit$$00000035  c_w.l(libinit2.o)
    0x0800022c   0x0800022c   0x00000002   Code   RO         3558    .ARM.Collect$$libshutdown$$00000000  c_w.l(libshutdown.o)
    0x0800022e   0x0800022e   0x00000006   Code   RO         3430    .ARM.Collect$$libshutdown$$00000001  c_w.l(libshutdown2.o)
    0x08000234   0x08000234   0x00000000   Code   RO         3431    .ARM.Collect$$libshutdown$$00000002  c_w.l(libshutdown2.o)
    0x08000234   0x08000234   0x00000000   Code   RO         3433    .ARM.Collect$$libshutdown$$00000004  c_w.l(libshutdown2.o)
    0x08000234   0x08000234   0x00000000   Code   RO         3436    .ARM.Collect$$libshutdown$$00000007  c_w.l(libshutdown2.o)
    0x08000234   0x08000234   0x00000000   Code   RO         3439    .ARM.Collect$$libshutdown$$0000000A  c_w.l(libshutdown2.o)
    0x08000234   0x08000234   0x00000000   Code   RO         3441    .ARM.Collect$$libshutdown$$0000000C  c_w.l(libshutdown2.o)
    0x08000234   0x08000234   0x00000000   Code   RO         3444    .ARM.Collect$$libshutdown$$0000000F  c_w.l(libshutdown2.o)
    0x08000234   0x08000234   0x00000002   Code   RO         3445    .ARM.Collect$$libshutdown$$00000010  c_w.l(libshutdown2.o)
    0x08000236   0x08000236   0x00000000   Code   RO         2992    .ARM.Collect$$rtentry$$00000000  c_w.l(__rtentry.o)
    0x08000236   0x08000236   0x00000000   Code   RO         3207    .ARM.Collect$$rtentry$$00000002  c_w.l(__rtentry2.o)
    0x08000236   0x08000236   0x00000006   Code   RO         3219    .ARM.Collect$$rtentry$$00000004  c_w.l(__rtentry4.o)
    0x0800023c   0x0800023c   0x00000000   Code   RO         3209    .ARM.Collect$$rtentry$$00000009  c_w.l(__rtentry2.o)
    0x0800023c   0x0800023c   0x00000004   Code   RO         3210    .ARM.Collect$$rtentry$$0000000A  c_w.l(__rtentry2.o)
    0x08000240   0x08000240   0x00000000   Code   RO         3212    .ARM.Collect$$rtentry$$0000000C  c_w.l(__rtentry2.o)
    0x08000240   0x08000240   0x00000008   Code   RO         3213    .ARM.Collect$$rtentry$$0000000D  c_w.l(__rtentry2.o)
    0x08000248   0x08000248   0x00000002   Code   RO         3472    .ARM.Collect$$rtexit$$00000000  c_w.l(rtexit.o)
    0x0800024a   0x0800024a   0x00000000   Code   RO         3522    .ARM.Collect$$rtexit$$00000002  c_w.l(rtexit2.o)
    0x0800024a   0x0800024a   0x00000004   Code   RO         3523    .ARM.Collect$$rtexit$$00000003  c_w.l(rtexit2.o)
    0x0800024e   0x0800024e   0x00000006   Code   RO         3524    .ARM.Collect$$rtexit$$00000004  c_w.l(rtexit2.o)
    0x08000254   0x08000254   0x00000040   Code   RO            4    .text               startup_stm32f405xx.o
    0x08000294   0x08000294   0x000000f0   Code   RO         2924    .text               c_w.l(lludivv7m.o)
    0x08000384   0x08000384   0x0000003c   Code   RO         2928    .text               c_w.l(sscanf.o)
    0x080003c0   0x080003c0   0x0000000a   Code   RO         2933    .text               c_w.l(cxa_atexit.o)
    0x080003ca   0x080003ca   0x0000003e   Code   RO         2936    .text               c_w.l(strlen.o)
    0x08000408   0x08000408   0x00000096   Code   RO         2938    .text               c_w.l(strncmp.o)
    0x0800049e   0x0800049e   0x0000008a   Code   RO         2940    .text               c_w.l(rt_memcpy_v6.o)
    0x08000528   0x08000528   0x00000010   Code   RO         2944    .text               c_w.l(aeabi_memset4.o)
    0x08000538   0x08000538   0x0000004e   Code   RO         2948    .text               c_w.l(rt_memclr_w.o)
    0x08000586   0x08000586   0x00000006   Code   RO         2950    .text               c_w.l(heapauxi.o)
    0x0800058c   0x0800058c   0x00000024   Code   RO         2957    .text               c_w.l(init_aeabi.o)
    0x080005b0   0x080005b0   0x00000016   Code   RO         2997    .text               c_w.l(_rserrno.o)
    0x080005c6   0x080005c6   0x00000156   Code   RO         3090    .text               c_w.l(_scanf_longlong.o)
    0x0800071c   0x0800071c   0x0000014c   Code   RO         3092    .text               c_w.l(_scanf_int.o)
    0x08000868   0x08000868   0x000000e0   Code   RO         3094    .text               c_w.l(_scanf_str.o)
    0x08000948   0x08000948   0x0000002c   Code   RO         3096    .text               c_w.l(scanf_char.o)
    0x08000974   0x08000974   0x00000040   Code   RO         3098    .text               c_w.l(_sgetc.o)
    0x080009b4   0x080009b4   0x00000114   Code   RO         3100    .text               c_w.l(_scanf_mbtowc.o)
    0x08000ac8   0x08000ac8   0x000000e8   Code   RO         3102    .text               c_w.l(_scanf_wctomb.o)
    0x08000bb0   0x08000bb0   0x000000d0   Code   RO         3104    .text               c_w.l(_scanf_wstr.o)
    0x08000c80   0x08000c80   0x0000002e   Code   RO         3109    .text               c_w.l(aeabi_atexit.o)
    0x08000cae   0x08000cae   0x00000064   Code   RO         3112    .text               c_w.l(rt_memcpy_w.o)
    0x08000d12   0x08000d12   0x00000002   PAD
    0x08000d14   0x08000d14   0x00000008   Code   RO         3226    .text               c_w.l(rt_ddtor_pointer_addr_intlibspace.o)
    0x08000d1c   0x08000d1c   0x00000008   Code   RO         3231    .text               c_w.l(rt_errno_addr_intlibspace.o)
    0x08000d24   0x08000d24   0x0000005e   Code   RO         3235    .text               c_w.l(h1_alloc.o)
    0x08000d82   0x08000d82   0x00000012   Code   RO         3291    .text               c_w.l(isspace.o)
    0x08000d94   0x08000d94   0x0000001c   Code   RO         3309    .text               c_w.l(_chval.o)
    0x08000db0   0x08000db0   0x00000374   Code   RO         3311    .text               c_w.l(_scanf.o)
    0x08001124   0x08001124   0x000004f8   Code   RO         3313    .text               c_w.l(scanf_fp.o)
    0x0800161c   0x0800161c   0x0000001e   Code   RO         3317    .text               c_w.l(_scanf_wcharmap.o)
    0x0800163a   0x0800163a   0x00000040   Code   RO         3319    .text               c_w.l(_mbrtoc16.o)
    0x0800167a   0x0800167a   0x00000048   Code   RO         3321    .text               c_w.l(_c16rtomb.o)
    0x080016c2   0x080016c2   0x00000042   Code   RO         3323    .text               c_w.l(cxa_finalize.o)
    0x08001704   0x08001704   0x00000008   Code   RO         3332    .text               c_w.l(libspace.o)
    0x0800170c   0x0800170c   0x0000004a   Code   RO         3337    .text               c_w.l(sys_stackheap_outer.o)
    0x08001756   0x08001756   0x00000002   PAD
    0x08001758   0x08001758   0x00000010   Code   RO         3339    .text               c_w.l(rt_ctype_table.o)
    0x08001768   0x08001768   0x00000008   Code   RO         3344    .text               c_w.l(rt_heap_descriptor_intlibspace.o)
    0x08001770   0x08001770   0x00000008   Code   RO         3349    .text               c_w.l(rt_locale_intlibspace.o)
    0x08001778   0x08001778   0x00000004   Code   RO         3351    .text               c_w.l(hguard.o)
    0x0800177c   0x0800177c   0x0000008a   Code   RO         3353    .text               c_w.l(init_alloc.o)
    0x08001806   0x08001806   0x0000000e   Code   RO         3359    .text               c_w.l(h1_init.o)
    0x08001814   0x08001814   0x0000004e   Code   RO         3361    .text               c_w.l(h1_free.o)
    0x08001862   0x08001862   0x00000026   Code   RO         3375    .text               c_w.l(llshl.o)
    0x08001888   0x08001888   0x000000e4   Code   RO         3379    .text               c_w.l(bigflt0.o)
    0x0800196c   0x0800196c   0x00000012   Code   RO         3412    .text               c_w.l(exit.o)
    0x0800197e   0x0800197e   0x00000000   Code   RO         3478    .text               c_w.l(maybetermalloc1.o)
    0x0800197e   0x0800197e   0x00000034   Code   RO         3480    .text               c_w.l(h1_extend.o)
    0x080019b2   0x080019b2   0x00000002   PAD
    0x080019b4   0x080019b4   0x00000320   Code   RO         3484    .text               c_w.l(scanf_hexfp.o)
    0x08001cd4   0x08001cd4   0x00000134   Code   RO         3486    .text               c_w.l(scanf_infnan.o)
    0x08001e08   0x08001e08   0x0000000a   Code   RO         3493    .text               c_w.l(defsig_exit.o)
    0x08001e12   0x08001e12   0x0000000e   Code   RO         3497    .text               c_w.l(defsig_rtmem_outer.o)
    0x08001e20   0x08001e20   0x0000007c   Code   RO         3501    .text               c_w.l(strcmpv7em.o)
    0x08001e9c   0x08001e9c   0x0000000c   Code   RO         3514    .text               c_w.l(sys_exit.o)
    0x08001ea8   0x08001ea8   0x00000002   Code   RO         3518    .text               c_w.l(use_no_semi.o)
    0x08001eaa   0x08001eaa   0x00000000   Code   RO         3520    .text               c_w.l(indicate_semi.o)
    0x08001eaa   0x08001eaa   0x00000032   Code   RO         3534    .text               c_w.l(defsig_general.o)
    0x08001edc   0x08001edc   0x00000050   Code   RO         3536    .text               c_w.l(defsig_rtmem_inner.o)
    0x08001f2c   0x08001f2c   0x0000000e   Code   RO         3546    .text               c_w.l(sys_wrch.o)
    0x08001f3a   0x08001f3a   0x00000002   PAD
    0x08001f3c   0x08001f3c   0x0000001c   Code   RO          176    .text.ADC_IRQHandler  stm32f4xx_it.o
    0x08001f58   0x08001f58   0x0000018a   Code   RO          557    .text.ADC_Init      stm32f4xx_hal_adc.o
    0x080020e2   0x080020e2   0x00000002   PAD
    0x080020e4   0x080020e4   0x00000056   Code   RO         2277    .text.Bsp_FindDeviceByHandle  bspdevice.o
    0x0800213a   0x0800213a   0x00000002   PAD
    0x0800213c   0x0800213c   0x0000003c   Code   RO         2283    .text.Bsp_GetDeviceHandle  bspdevice.o
    0x08002178   0x08002178   0x00000004   Code   RO          168    .text.BusFault_Handler  stm32f4xx_it.o
    0x0800217c   0x0800217c   0x00000010   Code   RO          174    .text.DMA1_Stream4_IRQHandler  stm32f4xx_it.o
    0x0800218c   0x0800218c   0x00000010   Code   RO          184    .text.DMA2_Stream2_IRQHandler  stm32f4xx_it.o
    0x0800219c   0x0800219c   0x00000010   Code   RO          186    .text.DMA2_Stream7_IRQHandler  stm32f4xx_it.o
    0x080021ac   0x080021ac   0x00000056   Code   RO          828    .text.DMA_CalcBaseAndBitshift  stm32f4xx_hal_dma.o
    0x08002202   0x08002202   0x00000002   PAD
    0x08002204   0x08002204   0x000000f0   Code   RO          826    .text.DMA_CheckFifoParam  stm32f4xx_hal_dma.o
    0x080022f4   0x080022f4   0x00000050   Code   RO          834    .text.DMA_SetConfig  stm32f4xx_hal_dma.o
    0x08002344   0x08002344   0x00000002   Code   RO          172    .text.DebugMon_Handler  stm32f4xx_it.o
    0x08002346   0x08002346   0x00000002   PAD
    0x08002348   0x08002348   0x00000006   Code   RO           15    .text.Error_Handler  main.o
    0x0800234e   0x0800234e   0x00000002   PAD
    0x08002350   0x08002350   0x000002d2   Code   RO          638    .text.HAL_ADCEx_InjectedConfigChannel  stm32f4xx_hal_adc_ex.o
    0x08002622   0x08002622   0x00000002   PAD
    0x08002624   0x08002624   0x00000174   Code   RO         2495    .text.HAL_ADCEx_InjectedConvCpltCallback  user_main.o
    0x08002798   0x08002798   0x0000005a   Code   RO          622    .text.HAL_ADCEx_InjectedGetValue  stm32f4xx_hal_adc_ex.o
    0x080027f2   0x080027f2   0x00000002   PAD
    0x080027f4   0x080027f4   0x00000218   Code   RO          597    .text.HAL_ADC_ConfigChannel  stm32f4xx_hal_adc.o
    0x08002a0c   0x08002a0c   0x00000008   Code   RO          577    .text.HAL_ADC_ConvCpltCallback  stm32f4xx_hal_adc.o
    0x08002a14   0x08002a14   0x00000008   Code   RO          581    .text.HAL_ADC_ErrorCallback  stm32f4xx_hal_adc.o
    0x08002a1c   0x08002a1c   0x0000021c   Code   RO          575    .text.HAL_ADC_IRQHandler  stm32f4xx_hal_adc.o
    0x08002c38   0x08002c38   0x000000a8   Code   RO          553    .text.HAL_ADC_Init  stm32f4xx_hal_adc.o
    0x08002ce0   0x08002ce0   0x00000008   Code   RO          579    .text.HAL_ADC_LevelOutOfWindowCallback  stm32f4xx_hal_adc.o
    0x08002ce8   0x08002ce8   0x00000120   Code   RO           53    .text.HAL_ADC_MspInit  adc.o
    0x08002e08   0x08002e08   0x000001de   Code   RO         1088    .text.HAL_CAN_Init  stm32f4xx_hal_can.o
    0x08002fe6   0x08002fe6   0x00000002   PAD
    0x08002fe8   0x08002fe8   0x00000092   Code   RO           68    .text.HAL_CAN_MspInit  can.o
    0x0800307a   0x0800307a   0x00000002   PAD
    0x0800307c   0x0800307c   0x000000ec   Code   RO          838    .text.HAL_DMA_Abort  stm32f4xx_hal_dma.o
    0x08003168   0x08003168   0x00000044   Code   RO          840    .text.HAL_DMA_Abort_IT  stm32f4xx_hal_dma.o
    0x080031ac   0x080031ac   0x0000031e   Code   RO          844    .text.HAL_DMA_IRQHandler  stm32f4xx_hal_dma.o
    0x080034ca   0x080034ca   0x00000002   PAD
    0x080034cc   0x080034cc   0x0000016e   Code   RO          824    .text.HAL_DMA_Init  stm32f4xx_hal_dma.o
    0x0800363a   0x0800363a   0x00000002   PAD
    0x0800363c   0x0800363c   0x000000c2   Code   RO          836    .text.HAL_DMA_Start_IT  stm32f4xx_hal_dma.o
    0x080036fe   0x080036fe   0x00000002   PAD
    0x08003700   0x08003700   0x000003b6   Code   RO          786    .text.HAL_GPIO_Init  stm32f4xx_hal_gpio.o
    0x08003ab6   0x08003ab6   0x00000002   PAD
    0x08003ab8   0x08003ab8   0x0000002e   Code   RO          792    .text.HAL_GPIO_WritePin  stm32f4xx_hal_gpio.o
    0x08003ae6   0x08003ae6   0x00000002   PAD
    0x08003ae8   0x08003ae8   0x0000000c   Code   RO         1011    .text.HAL_GetTick   stm32f4xx_hal.o
    0x08003af4   0x08003af4   0x000002a4   Code   RO         1167    .text.HAL_I2C_Init  stm32f4xx_hal_i2c.o
    0x08003d98   0x08003d98   0x00000092   Code   RO           90    .text.HAL_I2C_MspInit  i2c.o
    0x08003e2a   0x08003e2a   0x00000002   PAD
    0x08003e2c   0x08003e2c   0x0000001a   Code   RO         1009    .text.HAL_IncTick   stm32f4xx_hal.o
    0x08003e46   0x08003e46   0x00000002   PAD
    0x08003e48   0x08003e48   0x00000036   Code   RO          999    .text.HAL_Init      stm32f4xx_hal.o
    0x08003e7e   0x08003e7e   0x00000002   PAD
    0x08003e80   0x08003e80   0x000000dc   Code   RO          203    .text.HAL_InitTick  stm32f4xx_hal_timebase_tim.o
    0x08003f5c   0x08003f5c   0x00000058   Code   RO          195    .text.HAL_MspInit   stm32f4xx_hal_msp.o
    0x08003fb4   0x08003fb4   0x00000014   Code   RO          934    .text.HAL_NVIC_EnableIRQ  stm32f4xx_hal_cortex.o
    0x08003fc8   0x08003fc8   0x00000032   Code   RO          926    .text.HAL_NVIC_SetPriority  stm32f4xx_hal_cortex.o
    0x08003ffa   0x08003ffa   0x00000002   PAD
    0x08003ffc   0x08003ffc   0x00000010   Code   RO          922    .text.HAL_NVIC_SetPriorityGrouping  stm32f4xx_hal_cortex.o
    0x0800400c   0x0800400c   0x00000262   Code   RO          654    .text.HAL_RCC_ClockConfig  stm32f4xx_hal_rcc.o
    0x0800426e   0x0800426e   0x00000002   PAD
    0x08004270   0x08004270   0x00000054   Code   RO          672    .text.HAL_RCC_GetClockConfig  stm32f4xx_hal_rcc.o
    0x080042c4   0x080042c4   0x0000000c   Code   RO          664    .text.HAL_RCC_GetHCLKFreq  stm32f4xx_hal_rcc.o
    0x080042d0   0x080042d0   0x00000022   Code   RO          666    .text.HAL_RCC_GetPCLK1Freq  stm32f4xx_hal_rcc.o
    0x080042f2   0x080042f2   0x00000002   PAD
    0x080042f4   0x080042f4   0x00000022   Code   RO          668    .text.HAL_RCC_GetPCLK2Freq  stm32f4xx_hal_rcc.o
    0x08004316   0x08004316   0x00000002   PAD
    0x08004318   0x08004318   0x000000e6   Code   RO          656    .text.HAL_RCC_GetSysClockFreq  stm32f4xx_hal_rcc.o
    0x080043fe   0x080043fe   0x00000002   PAD
    0x08004400   0x08004400   0x000006be   Code   RO          652    .text.HAL_RCC_OscConfig  stm32f4xx_hal_rcc.o
    0x08004abe   0x08004abe   0x00000002   PAD
    0x08004ac0   0x08004ac0   0x00000100   Code   RO         1339    .text.HAL_SPI_Init  stm32f4xx_hal_spi.o
    0x08004bc0   0x08004bc0   0x000001b6   Code   RO          106    .text.HAL_SPI_MspInit  spi.o
    0x08004d76   0x08004d76   0x00000002   PAD
    0x08004d78   0x08004d78   0x00000008   Code   RO          540    .text.HAL_TIMEx_BreakCallback  stm32f4xx_hal_tim_ex.o
    0x08004d80   0x08004d80   0x00000008   Code   RO          536    .text.HAL_TIMEx_CommutCallback  stm32f4xx_hal_tim_ex.o
    0x08004d88   0x08004d88   0x000000b2   Code   RO          532    .text.HAL_TIMEx_ConfigBreakDeadTime  stm32f4xx_hal_tim_ex.o
    0x08004e3a   0x08004e3a   0x00000002   PAD
    0x08004e3c   0x08004e3c   0x00000122   Code   RO          530    .text.HAL_TIMEx_MasterConfigSynchronization  stm32f4xx_hal_tim_ex.o
    0x08004f5e   0x08004f5e   0x00000002   PAD
    0x08004f60   0x08004f60   0x0000009c   Code   RO          217    .text.HAL_TIM_Base_Init  stm32f4xx_hal_tim.o
    0x08004ffc   0x08004ffc   0x000000f2   Code   RO          129    .text.HAL_TIM_Base_MspInit  tim.o
    0x080050ee   0x080050ee   0x00000002   PAD
    0x080050f0   0x080050f0   0x000000f6   Code   RO          231    .text.HAL_TIM_Base_Start_IT  stm32f4xx_hal_tim.o
    0x080051e6   0x080051e6   0x00000002   PAD
    0x080051e8   0x080051e8   0x00000184   Code   RO          409    .text.HAL_TIM_ConfigClockSource  stm32f4xx_hal_tim.o
    0x0800536c   0x0800536c   0x00000008   Code   RO          353    .text.HAL_TIM_IC_CaptureCallback  stm32f4xx_hal_tim.o
    0x08005374   0x08005374   0x0000021a   Code   RO          351    .text.HAL_TIM_IRQHandler  stm32f4xx_hal_tim.o
    0x0800558e   0x0800558e   0x00000002   PAD
    0x08005590   0x08005590   0x0000010e   Code   RO          121    .text.HAL_TIM_MspPostInit  tim.o
    0x0800569e   0x0800569e   0x00000002   PAD
    0x080056a0   0x080056a0   0x00000008   Code   RO          355    .text.HAL_TIM_OC_DelayElapsedCallback  stm32f4xx_hal_tim.o
    0x080056a8   0x080056a8   0x00000142   Code   RO          383    .text.HAL_TIM_PWM_ConfigChannel  stm32f4xx_hal_tim.o
    0x080057ea   0x080057ea   0x00000002   PAD
    0x080057ec   0x080057ec   0x0000009c   Code   RO          271    .text.HAL_TIM_PWM_Init  stm32f4xx_hal_tim.o
    0x08005888   0x08005888   0x00000050   Code   RO          127    .text.HAL_TIM_PWM_MspInit  tim.o
    0x080058d8   0x080058d8   0x00000008   Code   RO          357    .text.HAL_TIM_PWM_PulseFinishedCallback  stm32f4xx_hal_tim.o
    0x080058e0   0x080058e0   0x00000040   Code   RO           17    .text.HAL_TIM_PeriodElapsedCallback  main.o
    0x08005920   0x08005920   0x00000008   Code   RO          361    .text.HAL_TIM_TriggerCallback  stm32f4xx_hal_tim.o
    0x08005928   0x08005928   0x000000c2   Code   RO         1510    .text.HAL_UARTEx_ReceiveToIdle_DMA  stm32f4xx_hal_uart.o
    0x080059ea   0x080059ea   0x00000002   PAD
    0x080059ec   0x080059ec   0x00000024   Code   RO         2354    .text.HAL_UARTEx_RxEventCallback  callback.o
    0x08005a10   0x08005a10   0x0000003e   Code   RO         2356    .text.HAL_UART_ErrorCallback  callback.o
    0x08005a4e   0x08005a4e   0x00000002   PAD
    0x08005a50   0x08005a50   0x0000042c   Code   RO         1540    .text.HAL_UART_IRQHandler  stm32f4xx_hal_uart.o
    0x08005e7c   0x08005e7c   0x0000009e   Code   RO         1456    .text.HAL_UART_Init  stm32f4xx_hal_uart.o
    0x08005f1a   0x08005f1a   0x00000002   PAD
    0x08005f1c   0x08005f1c   0x00000148   Code   RO          148    .text.HAL_UART_MspInit  usart.o
    0x08006064   0x08006064   0x00000008   Code   RO         1558    .text.HAL_UART_RxCpltCallback  stm32f4xx_hal_uart.o
    0x0800606c   0x0800606c   0x00000008   Code   RO         1560    .text.HAL_UART_RxHalfCpltCallback  stm32f4xx_hal_uart.o
    0x08006074   0x08006074   0x000000e2   Code   RO         1484    .text.HAL_UART_Transmit_DMA  stm32f4xx_hal_uart.o
    0x08006156   0x08006156   0x00000002   PAD
    0x08006158   0x08006158   0x00000010   Code   RO         2358    .text.HAL_UART_TxCpltCallback  callback.o
    0x08006168   0x08006168   0x00000008   Code   RO         1556    .text.HAL_UART_TxHalfCpltCallback  stm32f4xx_hal_uart.o
    0x08006170   0x08006170   0x00000004   Code   RO          164    .text.HardFault_Handler  stm32f4xx_it.o
    0x08006174   0x08006174   0x00000028   Code   RO         2679    .text.IsPowerOfTwo  ringbuffer.o
    0x0800619c   0x0800619c   0x00000128   Code   RO           49    .text.MX_ADC1_Init  adc.o
    0x080062c4   0x080062c4   0x00000080   Code   RO           51    .text.MX_ADC2_Init  adc.o
    0x08006344   0x08006344   0x00000046   Code   RO           66    .text.MX_CAN1_Init  can.o
    0x0800638a   0x0800638a   0x00000002   PAD
    0x0800638c   0x0800638c   0x00000086   Code   RO           80    .text.MX_DMA_Init   dma.o
    0x08006412   0x08006412   0x00000002   PAD
    0x08006414   0x08006414   0x00000024   Code   RO           35    .text.MX_FREERTOS_Init  freertos.o
    0x08006438   0x08006438   0x000000f4   Code   RO           27    .text.MX_GPIO_Init  gpio.o
    0x0800652c   0x0800652c   0x00000048   Code   RO           88    .text.MX_I2C2_Init  i2c.o
    0x08006574   0x08006574   0x00000050   Code   RO          102    .text.MX_SPI1_Init  spi.o
    0x080065c4   0x080065c4   0x0000004e   Code   RO          104    .text.MX_SPI2_Init  spi.o
    0x08006612   0x08006612   0x00000002   PAD
    0x08006614   0x08006614   0x0000013c   Code   RO          119    .text.MX_TIM1_Init  tim.o
    0x08006750   0x08006750   0x00000082   Code   RO          123    .text.MX_TIM2_Init  tim.o
    0x080067d2   0x080067d2   0x00000002   PAD
    0x080067d4   0x080067d4   0x000000d4   Code   RO          125    .text.MX_TIM3_Init  tim.o
    0x080068a8   0x080068a8   0x00000040   Code   RO          146    .text.MX_USART1_UART_Init  usart.o
    0x080068e8   0x080068e8   0x00000004   Code   RO          166    .text.MemManage_Handler  stm32f4xx_it.o
    0x080068ec   0x080068ec   0x00000004   Code   RO          162    .text.NMI_Handler   stm32f4xx_it.o
    0x080068f0   0x080068f0   0x0000006c   Code   RO          932    .text.NVIC_EncodePriority  stm32f4xx_hal_cortex.o
    0x0800695c   0x0800695c   0x00000004   PAD
    0x08006960   0x08006960   0x00000064   Code   RO         2255    .text.PendSV_Handler  port.o
    0x080069c4   0x080069c4   0x0000001a   Code   RO         2683    .text.RingBuffer_GetLength  ringbuffer.o
    0x080069de   0x080069de   0x00000002   PAD
    0x080069e0   0x080069e0   0x0000001a   Code   RO         2685    .text.RingBuffer_GetRemain  ringbuffer.o
    0x080069fa   0x080069fa   0x00000002   PAD
    0x080069fc   0x080069fc   0x00000046   Code   RO         2681    .text.RingBuffer_Init  ringbuffer.o
    0x08006a42   0x08006a42   0x00000002   PAD
    0x08006a44   0x08006a44   0x00000086   Code   RO         2687    .text.RingBuffer_Write  ringbuffer.o
    0x08006aca   0x08006aca   0x00000002   PAD
    0x08006acc   0x08006acc   0x0000005e   Code   RO         2677    .text.RoundUpToPowerOfTwo  ringbuffer.o
    0x08006b2a   0x08006b2a   0x00000006   PAD
    0x08006b30   0x08006b30   0x00000024   Code   RO         2239    .text.SVC_Handler   port.o
    0x08006b54   0x08006b54   0x0000000e   Code   RO         2035    .text.SVC_Setup     cmsis_os2.o
    0x08006b62   0x08006b62   0x00000002   PAD
    0x08006b64   0x08006b64   0x0000001c   Code   RO           37    .text.StartDefaultTask  freertos.o
    0x08006b80   0x08006b80   0x0000001e   Code   RO         2025    .text.SysTick_Handler  cmsis_os2.o
    0x08006b9e   0x08006b9e   0x00000002   PAD
    0x08006ba0   0x08006ba0   0x000000bc   Code   RO           13    .text.SystemClock_Config  main.o
    0x08006c5c   0x08006c5c   0x00000012   Code   RO         1587    .text.SystemInit    system_stm32f4xx.o
    0x08006c6e   0x08006c6e   0x00000002   PAD
    0x08006c70   0x08006c70   0x0000001c   Code   RO          178    .text.TIM1_TRG_COM_TIM11_IRQHandler  stm32f4xx_it.o
    0x08006c8c   0x08006c8c   0x00000010   Code   RO          180    .text.TIM2_IRQHandler  stm32f4xx_it.o
    0x08006c9c   0x08006c9c   0x000001b0   Code   RO          221    .text.TIM_Base_SetConfig  stm32f4xx_hal_tim.o
    0x08006e4c   0x08006e4c   0x00000034   Code   RO          407    .text.TIM_ETR_SetConfig  stm32f4xx_hal_tim.o
    0x08006e80   0x08006e80   0x0000002a   Code   RO          413    .text.TIM_ITRx_SetConfig  stm32f4xx_hal_tim.o
    0x08006eaa   0x08006eaa   0x00000002   PAD
    0x08006eac   0x08006eac   0x000000ea   Code   RO          365    .text.TIM_OC1_SetConfig  stm32f4xx_hal_tim.o
    0x08006f96   0x08006f96   0x00000002   PAD
    0x08006f98   0x08006f98   0x000000f4   Code   RO          367    .text.TIM_OC2_SetConfig  stm32f4xx_hal_tim.o
    0x0800708c   0x0800708c   0x000000f2   Code   RO          369    .text.TIM_OC3_SetConfig  stm32f4xx_hal_tim.o
    0x0800717e   0x0800717e   0x00000002   PAD
    0x08007180   0x08007180   0x000000a4   Code   RO          371    .text.TIM_OC4_SetConfig  stm32f4xx_hal_tim.o
    0x08007224   0x08007224   0x00000050   Code   RO          411    .text.TIM_TI1_ConfigInputStage  stm32f4xx_hal_tim.o
    0x08007274   0x08007274   0x00000052   Code   RO          415    .text.TIM_TI2_ConfigInputStage  stm32f4xx_hal_tim.o
    0x080072c6   0x080072c6   0x00000002   PAD
    0x080072c8   0x080072c8   0x00000042   Code   RO         2312    .text.Timer_Callback_Trampoline  bsptimer.o
    0x0800730a   0x0800730a   0x00000002   PAD
    0x0800730c   0x0800730c   0x00000020   Code   RO         1544    .text.UART_DMAAbortOnError  stm32f4xx_hal_uart.o
    0x0800732c   0x0800732c   0x0000007c   Code   RO         1490    .text.UART_DMAError  stm32f4xx_hal_uart.o
    0x080073a8   0x080073a8   0x000000f4   Code   RO         1576    .text.UART_DMAReceiveCplt  stm32f4xx_hal_uart.o
    0x0800749c   0x0800749c   0x00000034   Code   RO         1578    .text.UART_DMARxHalfCplt  stm32f4xx_hal_uart.o
    0x080074d0   0x080074d0   0x0000007a   Code   RO         1486    .text.UART_DMATransmitCplt  stm32f4xx_hal_uart.o
    0x0800754a   0x0800754a   0x00000002   PAD
    0x0800754c   0x0800754c   0x00000016   Code   RO         1488    .text.UART_DMATxHalfCplt  stm32f4xx_hal_uart.o
    0x08007562   0x08007562   0x00000002   PAD
    0x08007564   0x08007564   0x00000094   Code   RO         1504    .text.UART_EndRxTransfer  stm32f4xx_hal_uart.o
    0x080075f8   0x080075f8   0x00000026   Code   RO         1552    .text.UART_EndTransmit_IT  stm32f4xx_hal_uart.o
    0x0800761e   0x0800761e   0x00000002   PAD
    0x08007620   0x08007620   0x00000036   Code   RO         1502    .text.UART_EndTxTransfer  stm32f4xx_hal_uart.o
    0x08007656   0x08007656   0x00000002   PAD
    0x08007658   0x08007658   0x0000016a   Code   RO         1542    .text.UART_Receive_IT  stm32f4xx_hal_uart.o
    0x080077c2   0x080077c2   0x00000002   PAD
    0x080077c4   0x080077c4   0x0000013a   Code   RO         1460    .text.UART_SetConfig  stm32f4xx_hal_uart.o
    0x080078fe   0x080078fe   0x00000002   PAD
    0x08007900   0x08007900   0x0000010c   Code   RO         1494    .text.UART_Start_Receive_DMA  stm32f4xx_hal_uart.o
    0x08007a0c   0x08007a0c   0x00000094   Code   RO         1550    .text.UART_Transmit_IT  stm32f4xx_hal_uart.o
    0x08007aa0   0x08007aa0   0x00000010   Code   RO          182    .text.USART1_IRQHandler  stm32f4xx_it.o
    0x08007ab0   0x08007ab0   0x0000004e   Code   RO         2342    .text.Uart_TxCpltCallback_Trampoline  bspuart.o
    0x08007afe   0x08007afe   0x00000002   PAD
    0x08007b00   0x08007b00   0x00000004   Code   RO          170    .text.UsageFault_Handler  stm32f4xx_it.o
    0x08007b04   0x08007b04   0x0000002e   Code   RO         2713    .text.VOFA_Receive  vofa.o
    0x08007b32   0x08007b32   0x00000002   PAD
    0x08007b34   0x08007b34   0x00000178   Code   RO         2729    .text.VOFA_RxCallBack  vofa.o
    0x08007cac   0x08007cac   0x00000008   Code   RO         2394    .text._GLOBAL__sub_I_MotorTask.cpp  motortask.o
    0x08007cb4   0x08007cb4   0x0000000c   Code   RO         2458    .text._GLOBAL__sub_I_SafetyTask.cpp  safetytask.o
    0x08007cc0   0x08007cc0   0x00000018   Code   RO         2497    .text._GLOBAL__sub_I_user_main.cpp  user_main.o
    0x08007cd8   0x08007cd8   0x00000026   Code   RO         2470    .text._ZN12SafetyLimitsC2Ev  safetytask.o
    0x08007cfe   0x08007cfe   0x00000002   PAD
    0x08007d00   0x08007d00   0x00000016   Code   RO         2418    .text._ZN13SafetyManager5resetEv  safetytask.o
    0x08007d16   0x08007d16   0x00000002   PAD
    0x08007d18   0x08007d18   0x00000014   Code   RO         2472    .text._ZN13SafetyManagerC2Ev  safetytask.o
    0x08007d2c   0x08007d2c   0x0000004c   Code   RO         2564    .text._ZN3FOCC2Ev   foc.o
    0x08007d78   0x08007d78   0x00000016   Code   RO         2566    .text._ZN3FOCD2Ev   foc.o
    0x08007d8e   0x08007d8e   0x00000002   PAD
    0x08007d90   0x08007d90   0x00000022   Code   RO         2618    .text._ZN3LPS10LPF_UpdateEf  lowpassfiliter.o
    0x08007db2   0x08007db2   0x00000002   PAD
    0x08007db4   0x08007db4   0x000000a0   Code   RO         2616    .text._ZN3LPSC2Eff  lowpassfiliter.o
    0x08007e54   0x08007e54   0x0000000a   Code   RO         2614    .text._ZN3LPSD2Ev   lowpassfiliter.o
    0x08007e5e   0x08007e5e   0x00000002   PAD
    0x08007e60   0x08007e60   0x00000022   Code   RO         2336    .text._ZN4Uart14InvokeCallbackEv  bspuart.o
    0x08007e82   0x08007e82   0x00000002   PAD
    0x08007e84   0x08007e84   0x00000026   Code   RO         2334    .text._ZN4Uart14TxCpltCallbackEv  bspuart.o
    0x08007eaa   0x08007eaa   0x00000002   PAD
    0x08007eac   0x08007eac   0x00000086   Code   RO         2332    .text._ZN4Uart16StartDmaTxIfIdleEv  bspuart.o
    0x08007f32   0x08007f32   0x00000002   PAD
    0x08007f34   0x08007f34   0x0000004e   Code   RO         2330    .text._ZN4Uart8SendDataEPKhj  bspuart.o
    0x08007f82   0x08007f82   0x00000002   PAD
    0x08007f84   0x08007f84   0x000000b2   Code   RO         2322    .text._ZN4UartC2E11BspDevice_t  bspuart.o
    0x08008036   0x08008036   0x00000002   PAD
    0x08008038   0x08008038   0x0000001c   Code   RO         2310    .text._ZN5Timer14InvokeCallbackEv  bsptimer.o
    0x08008054   0x08008054   0x00000030   Code   RO          936    .text.__NVIC_EnableIRQ  stm32f4xx_hal_cortex.o
    0x08008084   0x08008084   0x00000010   Code   RO          928    .text.__NVIC_GetPriorityGrouping  stm32f4xx_hal_cortex.o
    0x08008094   0x08008094   0x00000042   Code   RO          930    .text.__NVIC_SetPriority  stm32f4xx_hal_cortex.o
    0x080080d6   0x080080d6   0x00000002   PAD
    0x080080d8   0x080080d8   0x00000042   Code   RO         2189    .text.__NVIC_SetPriority  cmsis_os2.o
    0x0800811a   0x0800811a   0x00000002   PAD
    0x0800811c   0x0800811c   0x0000003c   Code   RO          924    .text.__NVIC_SetPriorityGrouping  stm32f4xx_hal_cortex.o
    0x08008158   0x08008158   0x0000002c   Code   RO         2390    .text.__cxx_global_var_init  motortask.o
    0x08008184   0x08008184   0x00000010   Code   RO         2432    .text.__cxx_global_var_init  safetytask.o
    0x08008194   0x08008194   0x00000038   Code   RO         2475    .text.__cxx_global_var_init  user_main.o
    0x080081cc   0x080081cc   0x00000010   Code   RO         2434    .text.__cxx_global_var_init.1  safetytask.o
    0x080081dc   0x080081dc   0x00000038   Code   RO         2477    .text.__cxx_global_var_init.1  user_main.o
    0x08008214   0x08008214   0x00000038   Code   RO         2479    .text.__cxx_global_var_init.2  user_main.o
    0x0800824c   0x0800824c   0x00000038   Code   RO         2481    .text.__cxx_global_var_init.3  user_main.o
    0x08008284   0x08008284   0x00000038   Code   RO         2483    .text.__cxx_global_var_init.4  user_main.o
    0x080082bc   0x080082bc   0x0000036c   Code   RO         2785    .text.arm_biquad_cascade_df2T_f32  arm_cortexM4lf_math.lib(arm_biquad_cascade_df2t_f32.o)
    0x08008628   0x08008628   0x00000016   Code   RO         2776    .text.arm_biquad_cascade_df2T_init_f32  arm_cortexM4lf_math.lib(arm_biquad_cascade_df2t_init_f32.o)
    0x0800863e   0x0800863e   0x00000002   PAD
    0x08008640   0x08008640   0x00000050   Code   RO           11    .text.main          main.o
    0x08008690   0x08008690   0x00000046   Code   RO         2027    .text.osKernelInitialize  cmsis_os2.o
    0x080086d6   0x080086d6   0x00000002   PAD
    0x080086d8   0x080086d8   0x00000052   Code   RO         2033    .text.osKernelStart  cmsis_os2.o
    0x0800872a   0x0800872a   0x00000002   PAD
    0x0800872c   0x0800872c   0x0000015a   Code   RO         2057    .text.osThreadNew   cmsis_os2.o
    0x08008886   0x08008886   0x00000002   PAD
    0x08008888   0x08008888   0x000000d4   Code   RO         1819    .text.prvAddCurrentTaskToDelayedList  tasks.o
    0x0800895c   0x0800895c   0x00000122   Code   RO         1805    .text.prvAddNewTaskToReadyList  tasks.o
    0x08008a7e   0x08008a7e   0x00000002   PAD
    0x08008a80   0x08008a80   0x000000a2   Code   RO         1956    .text.prvCheckForValidListAndQueue  timers.o
    0x08008b22   0x08008b22   0x00000002   PAD
    0x08008b24   0x08008b24   0x0000005a   Code   RO         1923    .text.prvCheckTasksWaitingTermination  tasks.o
    0x08008b7e   0x08008b7e   0x00000002   PAD
    0x08008b80   0x08008b80   0x00000042   Code   RO         1698    .text.prvCopyDataFromQueue  queue.o
    0x08008bc2   0x08008bc2   0x00000002   PAD
    0x08008bc4   0x08008bc4   0x000000cc   Code   RO         1686    .text.prvCopyDataToQueue  queue.o
    0x08008c90   0x08008c90   0x0000005e   Code   RO         1811    .text.prvDeleteTCB  tasks.o
    0x08008cee   0x08008cee   0x00000002   PAD
    0x08008cf0   0x08008cf0   0x00000040   Code   RO         1994    .text.prvGetNextExpireTime  timers.o
    0x08008d30   0x08008d30   0x000000bc   Code   RO         2206    .text.prvHeapInit   heap_4.o
    0x08008dec   0x08008dec   0x00000038   Code   RO         1845    .text.prvIdleTask   tasks.o
    0x08008e24   0x08008e24   0x00000048   Code   RO         1660    .text.prvInitialiseNewQueue  queue.o
    0x08008e6c   0x08008e6c   0x00000122   Code   RO         1803    .text.prvInitialiseNewTask  tasks.o
    0x08008f8e   0x08008f8e   0x00000002   PAD
    0x08008f90   0x08008f90   0x0000008e   Code   RO         1921    .text.prvInitialiseTaskLists  tasks.o
    0x0800901e   0x0800901e   0x00000002   PAD
    0x08009020   0x08009020   0x000000c6   Code   RO         2208    .text.prvInsertBlockIntoFreeList  heap_4.o
    0x080090e6   0x080090e6   0x00000002   PAD
    0x080090e8   0x080090e8   0x00000086   Code   RO         2006    .text.prvInsertTimerInActiveList  timers.o
    0x0800916e   0x0800916e   0x00000002   PAD
    0x08009170   0x08009170   0x00000028   Code   RO         1700    .text.prvIsQueueEmpty  queue.o
    0x08009198   0x08009198   0x0000002e   Code   RO         1688    .text.prvIsQueueFull  queue.o
    0x080091c6   0x080091c6   0x00000002   PAD
    0x080091c8   0x080091c8   0x00000028   Code   RO         2247    .text.prvPortStartFirstTask  port.o
    0x080091f0   0x080091f0   0x0000008e   Code   RO         2002    .text.prvProcessExpiredTimer  timers.o
    0x0800927e   0x0800927e   0x00000002   PAD
    0x08009280   0x08009280   0x00000192   Code   RO         1998    .text.prvProcessReceivedCommands  timers.o
    0x08009412   0x08009412   0x00000002   PAD
    0x08009414   0x08009414   0x0000009a   Code   RO         1996    .text.prvProcessTimerOrBlockTask  timers.o
    0x080094ae   0x080094ae   0x00000002   PAD
    0x080094b0   0x080094b0   0x00000046   Code   RO         1813    .text.prvResetNextTaskUnblockTime  tasks.o
    0x080094f6   0x080094f6   0x00000002   PAD
    0x080094f8   0x080094f8   0x00000044   Code   RO         2000    .text.prvSampleTimeNow  timers.o
    0x0800953c   0x0800953c   0x000000d4   Code   RO         2004    .text.prvSwitchTimerLists  timers.o
    0x08009610   0x08009610   0x0000004c   Code   RO         2237    .text.prvTaskExitError  port.o
    0x0800965c   0x0800965c   0x0000001e   Code   RO         1958    .text.prvTimerTask  timers.o
    0x0800967a   0x0800967a   0x00000002   PAD
    0x0800967c   0x0800967c   0x000000ae   Code   RO         1690    .text.prvUnlockQueue  queue.o
    0x0800972a   0x0800972a   0x00000002   PAD
    0x0800972c   0x0800972c   0x000001ec   Code   RO         2204    .text.pvPortMalloc  heap_4.o
    0x08009918   0x08009918   0x0000005e   Code   RO         2235    .text.pxPortInitialiseStack  port.o
    0x08009976   0x08009976   0x00000002   PAD
    0x08009978   0x08009978   0x0000003c   Code   RO         2487    .text.userMain      user_main.o
    0x080099b4   0x080099b4   0x00000048   Code   RO         1647    .text.uxListRemove  list.o
    0x080099fc   0x080099fc   0x0000002a   Code   RO         2185    .text.vApplicationGetIdleTaskMemory  cmsis_os2.o
    0x08009a26   0x08009a26   0x00000002   PAD
    0x08009a28   0x08009a28   0x0000002c   Code   RO         2187    .text.vApplicationGetTimerTaskMemory  cmsis_os2.o
    0x08009a54   0x08009a54   0x0000002e   Code   RO         1639    .text.vListInitialise  list.o
    0x08009a82   0x08009a82   0x00000002   PAD
    0x08009a84   0x08009a84   0x0000000e   Code   RO         1641    .text.vListInitialiseItem  list.o
    0x08009a92   0x08009a92   0x00000002   PAD
    0x08009a94   0x08009a94   0x0000006a   Code   RO         1645    .text.vListInsert   list.o
    0x08009afe   0x08009afe   0x00000002   PAD
    0x08009b00   0x08009b00   0x0000003a   Code   RO         1643    .text.vListInsertEnd  list.o
    0x08009b3a   0x08009b3a   0x00000002   PAD
    0x08009b3c   0x08009b3c   0x00000014   Code   RO         2245    .text.vPortEnableVFP  port.o
    0x08009b50   0x08009b50   0x00000056   Code   RO         2251    .text.vPortEnterCritical  port.o
    0x08009ba6   0x08009ba6   0x00000002   PAD
    0x08009ba8   0x08009ba8   0x0000004a   Code   RO         2253    .text.vPortExitCritical  port.o
    0x08009bf2   0x08009bf2   0x00000002   PAD
    0x08009bf4   0x08009bf4   0x000000ce   Code   RO         2210    .text.vPortFree     heap_4.o
    0x08009cc2   0x08009cc2   0x00000002   PAD
    0x08009cc4   0x08009cc4   0x00000044   Code   RO         2243    .text.vPortSetupTimerInterrupt  port.o
    0x08009d08   0x08009d08   0x00000084   Code   RO         2259    .text.vPortValidateInterruptPriority  port.o
    0x08009d8c   0x08009d8c   0x00000052   Code   RO         1730    .text.vQueueAddToRegistry  queue.o
    0x08009dde   0x08009dde   0x00000002   PAD
    0x08009de0   0x08009de0   0x00000064   Code   RO         1734    .text.vQueueWaitForMessageRestricted  queue.o
    0x08009e44   0x08009e44   0x0000006e   Code   RO         1823    .text.vTaskDelay    tasks.o
    0x08009eb2   0x08009eb2   0x00000002   PAD
    0x08009eb4   0x08009eb4   0x0000010e   Code   RO         1809    .text.vTaskDelete   tasks.o
    0x08009fc2   0x08009fc2   0x00000002   PAD
    0x08009fc4   0x08009fc4   0x00000024   Code   RO         1877    .text.vTaskInternalSetTimeOutState  tasks.o
    0x08009fe8   0x08009fe8   0x0000000e   Code   RO         1881    .text.vTaskMissedYield  tasks.o
    0x08009ff6   0x08009ff6   0x00000002   PAD
    0x08009ff8   0x08009ff8   0x00000042   Code   RO         1865    .text.vTaskPlaceOnEventList  tasks.o
    0x0800a03a   0x0800a03a   0x00000002   PAD
    0x0800a03c   0x0800a03c   0x00000052   Code   RO         1869    .text.vTaskPlaceOnEventListRestricted  tasks.o
    0x0800a08e   0x0800a08e   0x00000002   PAD
    0x0800a090   0x0800a090   0x000000e0   Code   RO         1843    .text.vTaskStartScheduler  tasks.o
    0x0800a170   0x0800a170   0x00000010   Code   RO         1817    .text.vTaskSuspendAll  tasks.o
    0x0800a180   0x0800a180   0x000000c6   Code   RO         1835    .text.vTaskSwitchContext  tasks.o
    0x0800a246   0x0800a246   0x00000002   PAD
    0x0800a248   0x0800a248   0x00000156   Code   RO         2241    .text.xPortStartScheduler  port.o
    0x0800a39e   0x0800a39e   0x00000002   PAD
    0x0800a3a0   0x0800a3a0   0x0000003c   Code   RO         2257    .text.xPortSysTickHandler  port.o
    0x0800a3dc   0x0800a3dc   0x0000010e   Code   RO         1658    .text.xQueueGenericCreateStatic  queue.o
    0x0800a4ea   0x0800a4ea   0x00000002   PAD
    0x0800a4ec   0x0800a4ec   0x000000ba   Code   RO         1656    .text.xQueueGenericReset  queue.o
    0x0800a5a6   0x0800a5a6   0x00000002   PAD
    0x0800a5a8   0x0800a5a8   0x0000022c   Code   RO         1676    .text.xQueueGenericSend  queue.o
    0x0800a7d4   0x0800a7d4   0x0000014c   Code   RO         1692    .text.xQueueGenericSendFromISR  queue.o
    0x0800a920   0x0800a920   0x000001dc   Code   RO         1696    .text.xQueueReceive  queue.o
    0x0800aafc   0x0800aafc   0x000000cc   Code   RO         1879    .text.xTaskCheckForTimeOut  tasks.o
    0x0800abc8   0x0800abc8   0x0000009e   Code   RO         1807    .text.xTaskCreate   tasks.o
    0x0800ac66   0x0800ac66   0x00000002   PAD
    0x0800ac68   0x0800ac68   0x000000ce   Code   RO         1801    .text.xTaskCreateStatic  tasks.o
    0x0800ad36   0x0800ad36   0x00000002   PAD
    0x0800ad38   0x0800ad38   0x00000038   Code   RO         1895    .text.xTaskGetSchedulerState  tasks.o
    0x0800ad70   0x0800ad70   0x00000014   Code   RO         1851    .text.xTaskGetTickCount  tasks.o
    0x0800ad84   0x0800ad84   0x000001c4   Code   RO         1849    .text.xTaskIncrementTick  tasks.o
    0x0800af48   0x0800af48   0x000000ec   Code   RO         1899    .text.xTaskPriorityDisinherit  tasks.o
    0x0800b034   0x0800b034   0x000000ce   Code   RO         1871    .text.xTaskRemoveFromEventList  tasks.o
    0x0800b102   0x0800b102   0x00000002   PAD
    0x0800b104   0x0800b104   0x00000186   Code   RO         1821    .text.xTaskResumeAll  tasks.o
    0x0800b28a   0x0800b28a   0x00000002   PAD
    0x0800b28c   0x0800b28c   0x00000094   Code   RO         1954    .text.xTimerCreateTimerTask  timers.o
    0x0800b320   0x0800b320   0x000000b0   Code   RO         1966    .text.xTimerGenericCommand  timers.o
    0x0800b3d0   0x0800b3d0   0x00000338   Code   RO         3392    CL$$btod_div_common  c_w.l(btod.o)
    0x0800b708   0x0800b708   0x00000084   Code   RO         3390    CL$$btod_e2d        c_w.l(btod.o)
    0x0800b78c   0x0800b78c   0x000000dc   Code   RO         3389    CL$$btod_e2e        c_w.l(btod.o)
    0x0800b868   0x0800b868   0x0000002a   Code   RO         3386    CL$$btod_ediv       c_w.l(btod.o)
    0x0800b892   0x0800b892   0x0000002a   Code   RO         3388    CL$$btod_edivd      c_w.l(btod.o)
    0x0800b8bc   0x0800b8bc   0x0000002a   Code   RO         3385    CL$$btod_emul       c_w.l(btod.o)
    0x0800b8e6   0x0800b8e6   0x0000002a   Code   RO         3387    CL$$btod_emuld      c_w.l(btod.o)
    0x0800b910   0x0800b910   0x00000244   Code   RO         3391    CL$$btod_mult_common  c_w.l(btod.o)
    0x0800bb54   0x0800bb54   0x00000004   PAD
    0x0800bb58   0x0800bb58   0x000000f8   Code   RO         3460    i.__hardfp___mathlib_tofloat  m_wm.l(narrow.o)
    0x0800bc50   0x0800bc50   0x000000d0   Code   RO         3538    i.__hardfp_ldexp    m_wm.l(ldexp.o)
    0x0800bd20   0x0800bd20   0x00000020   Code   RO         3565    i.__mathlib_dbl_overflow  m_wm.l(dunder.o)
    0x0800bd40   0x0800bd40   0x00000020   Code   RO         3567    i.__mathlib_dbl_underflow  m_wm.l(dunder.o)
    0x0800bd60   0x0800bd60   0x00000012   Code   RO         3461    i.__mathlib_narrow  m_wm.l(narrow.o)
    0x0800bd72   0x0800bd72   0x00000014   Code   RO         3540    i.__support_ldexp   m_wm.l(ldexp.o)
    0x0800bd86   0x0800bd86   0x0000000e   Code   RO         3057    i._is_digit         c_w.l(__printf_wp.o)
    0x0800bd94   0x0800bd94   0x00000004   PAD
    0x0800bd98   0x0800bd98   0x0000008c   Code   RO         3510    i.frexp             m_wm.l(frexp.o)
    0x0800be24   0x0800be24   0x0000002c   Code   RO         3410    locale$$code        c_w.l(lc_numeric_c.o)
    0x0800be50   0x0800be50   0x0000002c   Code   RO         3491    locale$$code        c_w.l(lc_ctype_c.o)
    0x0800be7c   0x0800be7c   0x00000062   Code   RO         2960    x$fpl$d2f           fz_wm.l(d2f.o)
    0x0800bede   0x0800bede   0x00000002   PAD
    0x0800bee0   0x0800bee0   0x00000010   Code   RO         3589    x$fpl$dcheck1       fz_wm.l(dcheck1.o)
    0x0800bef0   0x0800bef0   0x00000018   Code   RO         3328    x$fpl$dcmpinf       fz_wm.l(dcmpi.o)
    0x0800bf08   0x0800bf08   0x00000078   Code   RO         3165    x$fpl$deqf          fz_wm.l(deqf.o)
    0x0800bf80   0x0800bf80   0x00000078   Code   RO         3169    x$fpl$dleqf         fz_wm.l(dleqf.o)
    0x0800bff8   0x0800bff8   0x00000154   Code   RO         2980    x$fpl$dmul          fz_wm.l(dmul.o)
    0x0800c14c   0x0800c14c   0x0000009c   Code   RO         3171    x$fpl$dnaninf       fz_wm.l(dnaninf.o)
    0x0800c1e8   0x0800c1e8   0x0000000c   Code   RO         3173    x$fpl$dretinf       fz_wm.l(dretinf.o)
    0x0800c1f4   0x0800c1f4   0x0000006c   Code   RO         3506    x$fpl$drleqf        fz_wm.l(drleqf.o)
    0x0800c260   0x0800c260   0x0000001a   Code   RO         3330    x$fpl$fpinit        fz_wm.l(fpinit.o)
    0x0800c27a   0x0800c27a   0x0000000a   Code   RO         3179    x$fpl$fretinf       fz_wm.l(fretinf.o)
    0x0800c284   0x0800c284   0x00000006   Code   RO         3450    x$fpl$ieeestatus    fz_wm.l(istatus.o)
    0x0800c28a   0x0800c28a   0x00000064   Code   RO         3591    x$fpl$retnan        fz_wm.l(retnan.o)
    0x0800c2ee   0x0800c2ee   0x0000005c   Code   RO         3559    x$fpl$scalbn        fz_wm.l(scalbn.o)
    0x0800c34a   0x0800c34a   0x00000004   Code   RO         3189    x$fpl$scanf1        fz_wm.l(scanf1.o)
    0x0800c34e   0x0800c34e   0x00000008   Code   RO         3452    x$fpl$scanf2        fz_wm.l(scanf2.o)
    0x0800c356   0x0800c356   0x00000030   Code   RO         3593    x$fpl$trapveneer    fz_wm.l(trapv.o)
    0x0800c386   0x0800c386   0x00000000   Code   RO         3191    x$fpl$usenofp       fz_wm.l(usenofp.o)
    0x0800c386   0x0800c386   0x00000002   PAD
    0x0800c388   0x0800c388   0x00000094   Data   RO         3380    .constdata          c_w.l(bigflt0.o)
    0x0800c41c   0x0800c41c   0x00000010   Data   RO         1592    .rodata.AHBPrescTable  system_stm32f4xx.o
    0x0800c42c   0x0800c42c   0x00000008   Data   RO         1593    .rodata.APBPrescTable  system_stm32f4xx.o
    0x0800c434   0x0800c434   0x00000008   Data   RO          854    .rodata.DMA_CalcBaseAndBitshift.flagBitshiftOffset  stm32f4xx_hal_dma.o
    0x0800c43c   0x0800c43c   0x00000024   Data   RO           40    .rodata.defaultTask_attributes  freertos.o
    0x0800c460   0x0800c460   0x0000000c   Data   RO           39    .rodata.str1.1      freertos.o
    0x0800c46c   0x0800c46c   0x00000005   Data   RO         1939    .rodata.str1.1      tasks.o
    0x0800c471   0x0800c471   0x0000000d   Data   RO         2009    .rodata.str1.1      timers.o
    0x0800c47e   0x0800c47e   0x00000006   Data   RO         2737    .rodata.str1.1      vofa.o
    0x0800c484   0x0800c484   0x00000020   Data   RO         3596    Region$$Table       anon$$obj.o
    0x0800c4a4   0x0800c4a4   0x00000008   Data   RO         3446    c$$dinf             fz_wm.l(fpconst.o)
    0x0800c4ac   0x0800c4ac   0x00000008   Data   RO         3449    c$$dmax             fz_wm.l(fpconst.o)
    0x0800c4b4   0x0800c4b4   0x0000001c   Data   RO         3409    locale$$data        c_w.l(lc_numeric_c.o)
    0x0800c4d0   0x0800c4d0   0x00000110   Data   RO         3490    locale$$data        c_w.l(lc_ctype_c.o)
    0x0800c5e0   0x0800c5e0   0x00000004   Data   RO         2404    .init_array         motortask.o
    0x0800c5e4   0x0800c5e0   0x00000004   Data   RO         2463    .init_array         safetytask.o
    0x0800c5e8   0x0800c5e0   0x00000004   Data   RO         2521    .init_array         user_main.o
    0x0800c5ec   0x0800c5e0   0x00000000   Data   RO         2955    .init_array         c_w.l(init_aeabi.o)


    Execution Region RW_IRAM1 (Exec base: 0x20000000, Load base: 0x0800c5f0, Size: 0x00009458, Max: 0x0001c000, ABSOLUTE)

    Exec Addr    Load Addr    Size         Type   Attr      Idx    E Section Name        Object

    0x20000000   0x0800c5f0   0x00000004   Data   RW         1591    .data.SystemCoreClock  system_stm32f4xx.o
    0x20000004   0x0800c5f4   0x00000018   Data   RW         2289    .data._ZL13deviceHandles  bspdevice.o
    0x2000001c   0x0800c60c   0x00000001   Data   RW         1054    .data.uwTickFreq    stm32f4xx_hal.o
    0x2000001d   0x0800c60d   0x00000003   PAD
    0x20000020   0x0800c610   0x00000004   Data   RW         1053    .data.uwTickPrio    stm32f4xx_hal.o
    0x20000024   0x0800c614   0x00000004   Data   RW         2263    .data.uxCriticalNesting  port.o
    0x20000028        -       0x00000060   Zero   RW         3333    .bss                c_w.l(libspace.o)
    0x20000088        -       0x00000004   Zero   RW         2506    .bss.Ia             user_main.o
    0x2000008c        -       0x00000030   Zero   RW         2517    .bss.IaFilter       user_main.o
    0x200000bc        -       0x00000004   Zero   RW         2507    .bss.Ib             user_main.o
    0x200000c0        -       0x00000030   Zero   RW         2518    .bss.IbFilter       user_main.o
    0x200000f0        -       0x00000004   Zero   RW         2508    .bss.Ic             user_main.o
    0x200000f4        -       0x00000030   Zero   RW         2519    .bss.IcFilter       user_main.o
    0x20000124        -       0x00000030   Zero   RW         2516    .bss.IdFilter       user_main.o
    0x20000154        -       0x00000030   Zero   RW         2515    .bss.IqFilter       user_main.o
    0x20000184        -       0x00000004   Zero   RW         2191    .bss.KernelState    cmsis_os2.o
    0x20000188        -       0x00000004   Zero   RW         2509    .bss.VBUS           user_main.o
    0x2000018c        -       0x00000004   Zero   RW         2344    .bss._ZL13uartInstances  bspuart.o
    0x20000190        -       0x0000000c   Zero   RW         2314    .bss._ZL14timerInstances  bsptimer.o
    0x2000019c        -       0x00000004   Zero   RW         2502    .bss.adcValueIa     user_main.o
    0x200001a0        -       0x00000004   Zero   RW         2503    .bss.adcValueIb     user_main.o
    0x200001a4        -       0x00000004   Zero   RW         2504    .bss.adcValueIc     user_main.o
    0x200001a8        -       0x00000004   Zero   RW         2505    .bss.adcValueVbus   user_main.o
    0x200001ac        -       0x00000010   Zero   RW         2379    .bss.cmdBuffer      cmdtask.o
    0x200001bc        -       0x00000300   Zero   RW         2734    .bss.ctrledDataList  vofa.o
    0x200004bc        -       0x00000004   Zero   RW         2510    .bss.currentAOffset  user_main.o
    0x200004c0        -       0x00000004   Zero   RW         2511    .bss.currentBOffset  user_main.o
    0x200004c4        -       0x00000004   Zero   RW         2512    .bss.currentCOffset  user_main.o
    0x200004c8        -       0x00000004   Zero   RW           41    .bss.defaultTaskHandle  freertos.o
    0x200004cc        -       0x00000048   Zero   RW           57    .bss.hadc1          adc.o
    0x20000514        -       0x00000048   Zero   RW           58    .bss.hadc2          adc.o
    0x2000055c        -       0x00000028   Zero   RW           72    .bss.hcan1          can.o
    0x20000584        -       0x00000060   Zero   RW          138    .bss.hdma_tim3_ch1_trig  tim.o
    0x200005e4        -       0x00000060   Zero   RW          153    .bss.hdma_usart1_rx  usart.o
    0x20000644        -       0x00000060   Zero   RW          154    .bss.hdma_usart1_tx  usart.o
    0x200006a4        -       0x00000054   Zero   RW           94    .bss.hi2c2          i2c.o
    0x200006f8        -       0x00000058   Zero   RW          110    .bss.hspi1          spi.o
    0x20000750        -       0x00000058   Zero   RW          111    .bss.hspi2          spi.o
    0x200007a8        -       0x00000048   Zero   RW          135    .bss.htim1          tim.o
    0x200007f0        -       0x00000048   Zero   RW          209    .bss.htim11         stm32f4xx_hal_timebase_tim.o
    0x20000838        -       0x00000048   Zero   RW          136    .bss.htim2          tim.o
    0x20000880        -       0x00000048   Zero   RW          137    .bss.htim3          tim.o
    0x200008c8        -       0x00000048   Zero   RW          152    .bss.huart1         usart.o
    0x20000910        -       0x00000160   Zero   RW         2396    .bss.motor          motortask.o
    0x20000a70        -       0x000000a0   Zero   RW         2017    .bss.prvCheckForValidListAndQueue.ucStaticTimerQueueStorage  timers.o
    0x20000b10        -       0x00000050   Zero   RW         2016    .bss.prvCheckForValidListAndQueue.xStaticTimerQueue  timers.o
    0x20000b60        -       0x00000004   Zero   RW         2013    .bss.prvSampleTimeNow.xLastTime  timers.o
    0x20000b64        -       0x00000004   Zero   RW         1925    .bss.pxCurrentTCB   tasks.o
    0x20000b68        -       0x00000004   Zero   RW         2011    .bss.pxCurrentTimerList  timers.o
    0x20000b6c        -       0x00000004   Zero   RW         1933    .bss.pxDelayedTaskList  tasks.o
    0x20000b70        -       0x00000004   Zero   RW         2220    .bss.pxEnd          heap_4.o
    0x20000b74        -       0x00000004   Zero   RW         1934    .bss.pxOverflowDelayedTaskList  tasks.o
    0x20000b78        -       0x00000004   Zero   RW         2012    .bss.pxOverflowTimerList  timers.o
    0x20000b7c        -       0x00000460   Zero   RW         1936    .bss.pxReadyTasksLists  tasks.o
    0x20000fdc        -       0x00000080   Zero   RW         2733    .bss.rxBuffer_VOFA  vofa.o
    0x2000105c        -       0x0000000c   Zero   RW         2461    .bss.safetyLimits   safetytask.o
    0x20001068        -       0x0000000c   Zero   RW         2462    .bss.safetyManager  safetytask.o
    0x20001074        -       0x00003c00   Zero   RW         2227    .bss.ucHeap         heap_4.o
    0x20004c74        -       0x00000001   Zero   RW         2261    .bss.ucMaxSysCallPriority  port.o
    0x20004c75   0x0800c618   0x00000003   PAD
    0x20004c78        -       0x00000004   Zero   RW         2262    .bss.ulMaxPRIGROUPValue  port.o
    0x20004c7c        -       0x00000004   Zero   RW         1055    .bss.uwTick         stm32f4xx_hal.o
    0x20004c80        -       0x00000004   Zero   RW         1929    .bss.uxCurrentNumberOfTasks  tasks.o
    0x20004c84        -       0x00000004   Zero   RW         1928    .bss.uxDeletedTasksWaitingCleanUp  tasks.o
    0x20004c88        -       0x00000004   Zero   RW         1931    .bss.uxSchedulerSuspended  tasks.o
    0x20004c8c        -       0x00000004   Zero   RW         1926    .bss.uxTaskNumber   tasks.o
    0x20004c90        -       0x00000004   Zero   RW         1937    .bss.uxTopReadyPriority  tasks.o
    0x20004c94        -       0x00000200   Zero   RW         2194    .bss.vApplicationGetIdleTaskMemory.Idle_Stack  cmsis_os2.o
    0x20004e94        -       0x0000005c   Zero   RW         2193    .bss.vApplicationGetIdleTaskMemory.Idle_TCB  cmsis_os2.o
    0x20004ef0        -       0x00000400   Zero   RW         2196    .bss.vApplicationGetTimerTaskMemory.Timer_Stack  cmsis_os2.o
    0x200052f0        -       0x0000005c   Zero   RW         2195    .bss.vApplicationGetTimerTaskMemory.Timer_TCB  cmsis_os2.o
    0x2000534c        -       0x00000014   Zero   RW         2014    .bss.xActiveTimerList1  timers.o
    0x20005360        -       0x00000014   Zero   RW         2015    .bss.xActiveTimerList2  timers.o
    0x20005374        -       0x00000004   Zero   RW         2221    .bss.xBlockAllocatedBit  heap_4.o
    0x20005378        -       0x00000014   Zero   RW         1945    .bss.xDelayedTaskList1  tasks.o
    0x2000538c        -       0x00000014   Zero   RW         1946    .bss.xDelayedTaskList2  tasks.o
    0x200053a0        -       0x00000004   Zero   RW         2222    .bss.xFreeBytesRemaining  heap_4.o
    0x200053a4        -       0x00000004   Zero   RW         1940    .bss.xIdleTaskHandle  tasks.o
    0x200053a8        -       0x00000004   Zero   RW         2224    .bss.xMinimumEverFreeBytesRemaining  heap_4.o
    0x200053ac        -       0x00000004   Zero   RW         1941    .bss.xNextTaskUnblockTime  tasks.o
    0x200053b0        -       0x00000004   Zero   RW         1944    .bss.xNumOfOverflows  tasks.o
    0x200053b4        -       0x00000004   Zero   RW         2225    .bss.xNumberOfSuccessfulAllocations  heap_4.o
    0x200053b8        -       0x00000004   Zero   RW         2226    .bss.xNumberOfSuccessfulFrees  heap_4.o
    0x200053bc        -       0x00000004   Zero   RW         1943    .bss.xPendedTicks   tasks.o
    0x200053c0        -       0x00000014   Zero   RW         1938    .bss.xPendingReadyList  tasks.o
    0x200053d4        -       0x00000040   Zero   RW         1736    .bss.xQueueRegistry  queue.o
    0x20005414        -       0x00000004   Zero   RW         1930    .bss.xSchedulerRunning  tasks.o
    0x20005418        -       0x00000008   Zero   RW         2223    .bss.xStart         heap_4.o
    0x20005420        -       0x00000014   Zero   RW         1935    .bss.xSuspendedTaskList  tasks.o
    0x20005434        -       0x00000014   Zero   RW         1927    .bss.xTasksWaitingTermination  tasks.o
    0x20005448        -       0x00000004   Zero   RW         1932    .bss.xTickCount     tasks.o
    0x2000544c        -       0x00000004   Zero   RW         2008    .bss.xTimerQueue    timers.o
    0x20005450        -       0x00000004   Zero   RW         2010    .bss.xTimerTaskHandle  timers.o
    0x20005454        -       0x00000004   Zero   RW         1942    .bss.xYieldPending  tasks.o
    0x20005458        -       0x00001000   Zero   RW            2    HEAP                startup_stm32f405xx.o
    0x20006458        -       0x00003000   Zero   RW            1    STACK               startup_stm32f405xx.o


    Execution Region RW_IRAM2 (Exec base: 0x2001c000, Load base: 0x0800c618, Size: 0x00000000, Max: 0x00004000, ABSOLUTE)

    **** No section assigned to this execution region ****


==============================================================================

Image component sizes


      Code (inc. data)   RO Data    RW Data    ZI Data      Debug   Object Name

       712          0          0          0        144       7578   adc.o
       146          0          0         24          0      16253   bspdevice.o
        94          0          0          0         12      18306   bsptimer.o
       540          0          0          0          4      21228   bspuart.o
       114          0          0          0          0      20298   callback.o
       216          0          0          0         40       4104   can.o
         0          0          0          0         16      19028   cmdtask.o
       694          0          0          0       1724      34897   cmsis_os2.o
       134          0          0          0          0       3290   dma.o
        98          4          0          0          0      27297   foc.o
        64          0         48          0          4       2593   freertos.o
       244          0          0          0          0       2163   gpio.o
      1084          0          0          0      15392       4482   heap_4.o
       218          0          0          0         84       5072   i2c.o
       296          0          0          0          0       2230   list.o
       204          4          0          0          0      14959   lowpassfiliter.o
       338          0          0          0          0       6147   main.o
        52          0          4          0        352      18888   motortask.o
      1128         16          0          4          5       3842   port.o
      2604          0          0          0         64      17296   queue.o
       390          0          0          0          0       2293   ringbuffer.o
       124          0          4          0         24      24628   safetytask.o
       596          0          0          0        176       5319   spi.o
        64         26        392          0      16384        844   startup_stm32f405xx.o
        92          0          0          5          4       7074   stm32f4xx_hal.o
      1662          0          0          0          0      10057   stm32f4xx_hal_adc.o
       812          4          0          0          0       8232   stm32f4xx_hal_adc_ex.o
       478          0          0          0          0      11515   stm32f4xx_hal_can.o
       384          0          0          0          0       9654   stm32f4xx_hal_cortex.o
      2068          8          8          0          0       8483   stm32f4xx_hal_dma.o
       996          0          0          0          0       5111   stm32f4xx_hal_gpio.o
       676          0          0          0          0      37448   stm32f4xx_hal_i2c.o
        88          0          0          0          0       3319   stm32f4xx_hal_msp.o
      2730          0          0          0          0       7581   stm32f4xx_hal_rcc.o
       256          0          0          0          0      19377   stm32f4xx_hal_spi.o
      3410         14          0          0          0      35859   stm32f4xx_hal_tim.o
       484          0          0          0          0      15274   stm32f4xx_hal_tim_ex.o
       220          0          0          0         72       7007   stm32f4xx_hal_timebase_tim.o
      3598          0          0          0          0      20244   stm32f4xx_hal_uart.o
       158          0          0          0          0       1461   stm32f4xx_it.o
        18          0         24          4          0       2539   system_stm32f4xx.o
      4188          0          5          0       1280      24107   tasks.o
      1250          0          0          0        312       9424   tim.o
      1692         10         13          0        300      11601   timers.o
       392          0          0          0        264       6871   usart.o
       736         24          4          0        284      20975   user_main.o
       422          0          6          0        896       6697   vofa.o

    ----------------------------------------------------------------------
     37200        110        540         40      37840     572945   Object Totals
         0          0         32          0          0          0   (incl. Generated)
       236          0          0          3          3          0   (incl. Padding)

    ----------------------------------------------------------------------

      Code (inc. data)   RO Data    RW Data    ZI Data      Debug   Library Member Name

       876          0          0          0          0       3405   arm_biquad_cascade_df2t_f32.o
        22          0          0          0          0       1093   arm_biquad_cascade_df2t_init_f32.o
         8          0          0          0          0         68   __main.o
        14          0          0          0          0         68   __printf_wp.o
         0          0          0          0          0          0   __rtentry.o
        12          0          0          0          0          0   __rtentry2.o
         6          0          0          0          0          0   __rtentry4.o
        52          8          0          0          0          0   __scatter.o
        26          0          0          0          0          0   __scatter_copy.o
        28          0          0          0          0          0   __scatter_zi.o
        72          0          0          0          0         96   _c16rtomb.o
        28          0          0          0          0         68   _chval.o
        64          0          0          0          0         84   _mbrtoc16.o
        22          0          0          0          0        100   _rserrno.o
       884          6          0          0          0        100   _scanf.o
       332          0          0          0          0         96   _scanf_int.o
       342          0          0          0          0        100   _scanf_longlong.o
       276          0          0          0          0        100   _scanf_mbtowc.o
       224          0          0          0          0         96   _scanf_str.o
        30          0          0          0          0         76   _scanf_wcharmap.o
       232          0          0          0          0        100   _scanf_wctomb.o
       208          0          0          0          0         96   _scanf_wstr.o
        64          0          0          0          0         84   _sgetc.o
        46          0          0          0          0         84   aeabi_atexit.o
        16          0          0          0          0         68   aeabi_memset4.o
       228          4        148          0          0         96   bigflt0.o
      1924        136          0          0          0        752   btod.o
        10          0          0          0          0         68   cxa_atexit.o
        66          0          0          0          0         84   cxa_finalize.o
        10          0          0          0          0         68   defsig_exit.o
        50          0          0          0          0         88   defsig_general.o
        80         58          0          0          0         76   defsig_rtmem_inner.o
        14          0          0          0          0         80   defsig_rtmem_outer.o
        18          0          0          0          0         80   exit.o
        94          0          0          0          0         80   h1_alloc.o
        52          0          0          0          0         68   h1_extend.o
        78          0          0          0          0         80   h1_free.o
        14          0          0          0          0         84   h1_init.o
         6          0          0          0          0        152   heapauxi.o
         4          0          0          0          0        136   hguard.o
         0          0          0          0          0          0   indicate_semi.o
        36          8          0          0          0         80   init_aeabi.o
       138          0          0          0          0        168   init_alloc.o
        18          0          0          0          0         76   isspace.o
        44         10        272          0          0         76   lc_ctype_c.o
        44         10         28          0          0         76   lc_numeric_c.o
         2          0          0          0          0          0   libinit.o
        46          0          0          0          0          0   libinit2.o
         2          0          0          0          0          0   libshutdown.o
         8          0          0          0          0          0   libshutdown2.o
         8          4          0          0         96         68   libspace.o
        38          0          0          0          0         68   llshl.o
       240          0          0          0          0        100   lludivv7m.o
         0          0          0          0          0          0   maybetermalloc1.o
        16          4          0          0          0         76   rt_ctype_table.o
         8          4          0          0          0         68   rt_ddtor_pointer_addr_intlibspace.o
         8          4          0          0          0         68   rt_errno_addr_intlibspace.o
         8          4          0          0          0         68   rt_heap_descriptor_intlibspace.o
         8          4          0          0          0         68   rt_locale_intlibspace.o
        78          0          0          0          0         80   rt_memclr_w.o
       138          0          0          0          0         68   rt_memcpy_v6.o
       100          0          0          0          0         80   rt_memcpy_w.o
         2          0          0          0          0          0   rtexit.o
        10          0          0          0          0          0   rtexit2.o
        44          8          0          0          0         84   scanf_char.o
      1272         16          0          0          0        168   scanf_fp.o
       800         14          0          0          0        100   scanf_hexfp.o
       308         16          0          0          0        100   scanf_infnan.o
        60          8          0          0          0         84   sscanf.o
       124          0          0          0          0         88   strcmpv7em.o
        62          0          0          0          0         76   strlen.o
       150          0          0          0          0         80   strncmp.o
        12          4          0          0          0         68   sys_exit.o
        74          0          0          0          0         80   sys_stackheap_outer.o
        14          0          0          0          0         76   sys_wrch.o
         2          0          0          0          0         68   use_no_semi.o
        98          4          0          0          0        140   d2f.o
        16          4          0          0          0        116   dcheck1.o
        24          0          0          0          0        116   dcmpi.o
       120          4          0          0          0        140   deqf.o
       120          4          0          0          0        140   dleqf.o
       340         12          0          0          0        152   dmul.o
       156          4          0          0          0        140   dnaninf.o
        12          0          0          0          0        116   dretinf.o
       108          0          0          0          0        128   drleqf.o
         0          0         16          0          0          0   fpconst.o
        26          0          0          0          0        116   fpinit.o
        10          0          0          0          0        116   fretinf.o
         6          0          0          0          0        116   istatus.o
       100          0          0          0          0        116   retnan.o
        92          0          0          0          0        116   scalbn.o
         4          0          0          0          0        116   scanf1.o
         8          0          0          0          0        132   scanf2.o
        48          0          0          0          0        116   trapv.o
         0          0          0          0          0          0   usenofp.o
        64         16          0          0          0        248   dunder.o
       140         22          0          0          0        132   frexp.o
       228          8          0          0          0        308   ldexp.o
       266         16          0          0          0        308   narrow.o

    ----------------------------------------------------------------------
     12464        424        464          0         96      13462   Library Totals
        24          0          0          0          0          0   (incl. Padding)

    ----------------------------------------------------------------------

      Code (inc. data)   RO Data    RW Data    ZI Data      Debug   Library Name

       898          0          0          0          0       4498   arm_cortexM4lf_math.lib
      9556        330        448          0         96       5836   c_w.l
      1288         32         16          0          0       2132   fz_wm.l
       698         62          0          0          0        996   m_wm.l

    ----------------------------------------------------------------------
     12464        424        464          0         96      13462   Library Totals

    ----------------------------------------------------------------------

==============================================================================


      Code (inc. data)   RO Data    RW Data    ZI Data      Debug   

     49664        534       1004         40      37936     579983   Grand Totals
     49664        534       1004         40      37936     579983   ELF Image Totals
     49664        534       1004         40          0          0   ROM Totals

==============================================================================

    Total RO  Size (Code + RO Data)                50668 (  49.48kB)
    Total RW  Size (RW Data + ZI Data)             37976 (  37.09kB)
    Total ROM Size (Code + RO Data + RW Data)      50708 (  49.52kB)

==============================================================================

