Component: Arm Compiler for Embedded 6.18 Tool: armlink [5e4cc100]

==============================================================================

Section Cross References

    startup_stm32f405xx.o(STACK) refers (Special) to heapauxi.o(.text) for __use_two_region_memory
    startup_stm32f405xx.o(HEAP) refers (Special) to heapauxi.o(.text) for __use_two_region_memory
    startup_stm32f405xx.o(RESET) refers (Special) to heapauxi.o(.text) for __use_two_region_memory
    startup_stm32f405xx.o(RESET) refers to startup_stm32f405xx.o(STACK) for __initial_sp
    startup_stm32f405xx.o(RESET) refers to startup_stm32f405xx.o(.text) for Reset_Handler
    startup_stm32f405xx.o(RESET) refers to stm32f4xx_it.o(.text.NMI_Handler) for NMI_Handler
    startup_stm32f405xx.o(RESET) refers to stm32f4xx_it.o(.text.HardFault_Handler) for HardFault_Handler
    startup_stm32f405xx.o(RESET) refers to stm32f4xx_it.o(.text.MemManage_Handler) for MemManage_Handler
    startup_stm32f405xx.o(RESET) refers to stm32f4xx_it.o(.text.BusFault_Handler) for BusFault_Handler
    startup_stm32f405xx.o(RESET) refers to stm32f4xx_it.o(.text.UsageFault_Handler) for UsageFault_Handler
    startup_stm32f405xx.o(RESET) refers to port.o(.text.SVC_Handler) for SVC_Handler
    startup_stm32f405xx.o(RESET) refers to stm32f4xx_it.o(.text.DebugMon_Handler) for DebugMon_Handler
    startup_stm32f405xx.o(RESET) refers to port.o(.text.PendSV_Handler) for PendSV_Handler
    startup_stm32f405xx.o(RESET) refers to cmsis_os2.o(.text.SysTick_Handler) for SysTick_Handler
    startup_stm32f405xx.o(RESET) refers to stm32f4xx_it.o(.text.TIM1_TRG_COM_TIM11_IRQHandler) for TIM1_TRG_COM_TIM11_IRQHandler
    startup_stm32f405xx.o(RESET) refers to stm32f4xx_it.o(.text.OTG_FS_IRQHandler) for OTG_FS_IRQHandler
    startup_stm32f405xx.o(.text) refers (Special) to heapauxi.o(.text) for __use_two_region_memory
    startup_stm32f405xx.o(.text) refers to system_stm32f4xx.o(.text.SystemInit) for SystemInit
    startup_stm32f405xx.o(.text) refers to __main.o(!!!main) for __main
    startup_stm32f405xx.o(.text) refers to startup_stm32f405xx.o(HEAP) for Heap_Mem
    startup_stm32f405xx.o(.text) refers to startup_stm32f405xx.o(STACK) for Stack_Mem
    main.o(.text.main) refers to stm32f4xx_hal.o(.text.HAL_Init) for HAL_Init
    main.o(.text.main) refers to main.o(.text.SystemClock_Config) for SystemClock_Config
    main.o(.text.main) refers to gpio.o(.text.MX_GPIO_Init) for MX_GPIO_Init
    main.o(.text.main) refers to adc.o(.text.MX_ADC1_Init) for MX_ADC1_Init
    main.o(.text.main) refers to spi.o(.text.MX_SPI1_Init) for MX_SPI1_Init
    main.o(.text.main) refers to spi.o(.text.MX_SPI2_Init) for MX_SPI2_Init
    main.o(.text.main) refers to tim.o(.text.MX_TIM1_Init) for MX_TIM1_Init
    main.o(.text.main) refers to adc.o(.text.MX_ADC2_Init) for MX_ADC2_Init
    main.o(.text.main) refers to can.o(.text.MX_CAN1_Init) for MX_CAN1_Init
    main.o(.text.main) refers to i2c.o(.text.MX_I2C2_Init) for MX_I2C2_Init
    main.o(.text.main) refers to tim.o(.text.MX_TIM3_Init) for MX_TIM3_Init
    main.o(.text.main) refers to usart.o(.text.MX_USART1_UART_Init) for MX_USART1_UART_Init
    main.o(.text.main) refers to cmsis_os2.o(.text.osKernelInitialize) for osKernelInitialize
    main.o(.text.main) refers to freertos.o(.text.MX_FREERTOS_Init) for MX_FREERTOS_Init
    main.o(.text.main) refers to cmsis_os2.o(.text.osKernelStart) for osKernelStart
    main.o(.ARM.exidx.text.main) refers to main.o(.text.main) for [Anonymous Symbol]
    main.o(.text.SystemClock_Config) refers to rt_memclr_w.o(.text) for __aeabi_memclr4
    main.o(.text.SystemClock_Config) refers to stm32f4xx_hal_rcc.o(.text.HAL_RCC_OscConfig) for HAL_RCC_OscConfig
    main.o(.text.SystemClock_Config) refers to main.o(.text.Error_Handler) for Error_Handler
    main.o(.text.SystemClock_Config) refers to stm32f4xx_hal_rcc.o(.text.HAL_RCC_ClockConfig) for HAL_RCC_ClockConfig
    main.o(.ARM.exidx.text.SystemClock_Config) refers to main.o(.text.SystemClock_Config) for [Anonymous Symbol]
    main.o(.ARM.exidx.text.Error_Handler) refers to main.o(.text.Error_Handler) for [Anonymous Symbol]
    main.o(.text.HAL_TIM_PeriodElapsedCallback) refers to stm32f4xx_hal.o(.text.HAL_IncTick) for HAL_IncTick
    main.o(.ARM.exidx.text.HAL_TIM_PeriodElapsedCallback) refers to main.o(.text.HAL_TIM_PeriodElapsedCallback) for [Anonymous Symbol]
    gpio.o(.text.MX_GPIO_Init) refers to stm32f4xx_hal_gpio.o(.text.HAL_GPIO_WritePin) for HAL_GPIO_WritePin
    gpio.o(.text.MX_GPIO_Init) refers to stm32f4xx_hal_gpio.o(.text.HAL_GPIO_Init) for HAL_GPIO_Init
    gpio.o(.ARM.exidx.text.MX_GPIO_Init) refers to gpio.o(.text.MX_GPIO_Init) for [Anonymous Symbol]
    freertos.o(.text.MX_FREERTOS_Init) refers to freertos.o(.text.StartDefaultTask) for StartDefaultTask
    freertos.o(.text.MX_FREERTOS_Init) refers to freertos.o(.rodata.defaultTask_attributes) for defaultTask_attributes
[...]
    HAL_PCD_EP_ClrStall                      0x080019a5   Thumb Code   200  stm32f4xx_hal_pcd.o(.text.HAL_PCD_EP_ClrStall)
    HAL_PCD_EP_GetRxCount                    0x08001a6d   Thumb Code    34  stm32f4xx_hal_pcd.o(.text.HAL_PCD_EP_GetRxCount)
    HAL_PCD_EP_Open                          0x08001a91   Thumb Code   238  stm32f4xx_hal_pcd.o(.text.HAL_PCD_EP_Open)
    HAL_PCD_EP_Receive                       0x08001b81   Thumb Code   108  stm32f4xx_hal_pcd.o(.text.HAL_PCD_EP_Receive)
    HAL_PCD_EP_SetStall                      0x08001bed   Thumb Code   222  stm32f4xx_hal_pcd.o(.text.HAL_PCD_EP_SetStall)
    HAL_PCD_EP_Transmit                      0x08001ccd   Thumb Code   108  stm32f4xx_hal_pcd.o(.text.HAL_PCD_EP_Transmit)
    HAL_PCD_IRQHandler                       0x08001d39   Thumb Code  2104  stm32f4xx_hal_pcd.o(.text.HAL_PCD_IRQHandler)
    HAL_PCD_ISOINIncompleteCallback          0x08002571   Thumb Code    28  usbd_conf.o(.text.HAL_PCD_ISOINIncompleteCallback)
    HAL_PCD_ISOOUTIncompleteCallback         0x0800258d   Thumb Code    28  usbd_conf.o(.text.HAL_PCD_ISOOUTIncompleteCallback)
    HAL_PCD_Init                             0x080025a9   Thumb Code   578  stm32f4xx_hal_pcd.o(.text.HAL_PCD_Init)
    HAL_PCD_MspInit                          0x080027ed   Thumb Code   176  usbd_conf.o(.text.HAL_PCD_MspInit)
    HAL_PCD_ResetCallback                    0x0800289d   Thumb Code    82  usbd_conf.o(.text.HAL_PCD_ResetCallback)
    HAL_PCD_ResumeCallback                   0x080028f1   Thumb Code    20  usbd_conf.o(.text.HAL_PCD_ResumeCallback)
    HAL_PCD_SOFCallback                      0x08002905   Thumb Code    20  usbd_conf.o(.text.HAL_PCD_SOFCallback)
    HAL_PCD_SetAddress                       0x08002919   Thumb Code    92  stm32f4xx_hal_pcd.o(.text.HAL_PCD_SetAddress)
    HAL_PCD_SetupStageCallback               0x08002975   Thumb Code    24  usbd_conf.o(.text.HAL_PCD_SetupStageCallback)
    HAL_PCD_Start                            0x0800298d   Thumb Code   124  stm32f4xx_hal_pcd.o(.text.HAL_PCD_Start)
    HAL_PCD_SuspendCallback                  0x08002a09   Thumb Code    62  usbd_conf.o(.text.HAL_PCD_SuspendCallback)
    HAL_RCC_ClockConfig                      0x08002a49   Thumb Code   610  stm32f4xx_hal_rcc.o(.text.HAL_RCC_ClockConfig)
    HAL_RCC_GetClockConfig                   0x08002cad   Thumb Code    84  stm32f4xx_hal_rcc.o(.text.HAL_RCC_GetClockConfig)
    HAL_RCC_GetHCLKFreq                      0x08002d01   Thumb Code    12  stm32f4xx_hal_rcc.o(.text.HAL_RCC_GetHCLKFreq)
    HAL_RCC_GetPCLK1Freq                     0x08002d0d   Thumb Code    34  stm32f4xx_hal_rcc.o(.text.HAL_RCC_GetPCLK1Freq)
    HAL_RCC_GetPCLK2Freq                     0x08002d31   Thumb Code    34  stm32f4xx_hal_rcc.o(.text.HAL_RCC_GetPCLK2Freq)
    HAL_RCC_GetSysClockFreq                  0x08002d55   Thumb Code   230  stm32f4xx_hal_rcc.o(.text.HAL_RCC_GetSysClockFreq)
    HAL_RCC_OscConfig                        0x08002e3d   Thumb Code  1726  stm32f4xx_hal_rcc.o(.text.HAL_RCC_OscConfig)
    HAL_SPI_Init                             0x080034fd   Thumb Code   256  stm32f4xx_hal_spi.o(.text.HAL_SPI_Init)
    HAL_SPI_MspInit                          0x080035fd   Thumb Code   438  spi.o(.text.HAL_SPI_MspInit)
    HAL_TIMEx_BreakCallback                  0x080037b5   Thumb Code     8  stm32f4xx_hal_tim_ex.o(.text.HAL_TIMEx_BreakCallback)
    HAL_TIMEx_CommutCallback                 0x080037bd   Thumb Code     8  stm32f4xx_hal_tim_ex.o(.text.HAL_TIMEx_CommutCallback)
    HAL_TIMEx_ConfigBreakDeadTime            0x080037c5   Thumb Code   178  stm32f4xx_hal_tim_ex.o(.text.HAL_TIMEx_ConfigBreakDeadTime)
    HAL_TIMEx_MasterConfigSynchronization    0x08003879   Thumb Code   290  stm32f4xx_hal_tim_ex.o(.text.HAL_TIMEx_MasterConfigSynchronization)
    HAL_TIM_Base_Init                        0x0800399d   Thumb Code   156  stm32f4xx_hal_tim.o(.text.HAL_TIM_Base_Init)
    HAL_TIM_Base_MspInit                     0x08003a39   Thumb Code     8  stm32f4xx_hal_tim.o(.text.HAL_TIM_Base_MspInit)
    HAL_TIM_Base_Start_IT                    0x08003a41   Thumb Code   246  stm32f4xx_hal_tim.o(.text.HAL_TIM_Base_Start_IT)
    HAL_TIM_IC_CaptureCallback               0x08003b39   Thumb Code     8  stm32f4xx_hal_tim.o(.text.HAL_TIM_IC_CaptureCallback)
    HAL_TIM_IRQHandler                       0x08003b41   Thumb Code   538  stm32f4xx_hal_tim.o(.text.HAL_TIM_IRQHandler)
    HAL_TIM_MspPostInit                      0x08003d5d   Thumb Code   270  tim.o(.text.HAL_TIM_MspPostInit)
    HAL_TIM_OC_DelayElapsedCallback          0x08003e6d   Thumb Code     8  stm32f4xx_hal_tim.o(.text.HAL_TIM_OC_DelayElapsedCallback)
    HAL_TIM_PWM_ConfigChannel                0x08003e75   Thumb Code   322  stm32f4xx_hal_tim.o(.text.HAL_TIM_PWM_ConfigChannel)
    HAL_TIM_PWM_Init                         0x08003fb9   Thumb Code   156  stm32f4xx_hal_tim.o(.text.HAL_TIM_PWM_Init)
    HAL_TIM_PWM_MspInit                      0x08004055   Thumb Code   136  tim.o(.text.HAL_TIM_PWM_MspInit)
    HAL_TIM_PWM_PulseFinishedCallback        0x080040dd   Thumb Code     8  stm32f4xx_hal_tim.o(.text.HAL_TIM_PWM_PulseFinishedCallback)
    HAL_TIM_PeriodElapsedCallback            0x080040e5   Thumb Code    34  main.o(.text.HAL_TIM_PeriodElapsedCallback)
    HAL_TIM_TriggerCallback                  0x08004109   Thumb Code     8  stm32f4xx_hal_tim.o(.text.HAL_TIM_TriggerCallback)
    HAL_UART_Init                            0x08004111   Thumb Code   158  stm32f4xx_hal_uart.o(.text.HAL_UART_Init)
    HAL_UART_MspInit                         0x080041b1   Thumb Code   144  usart.o(.text.HAL_UART_MspInit)
    HardFault_Handler                        0x08004241   Thumb Code     4  stm32f4xx_it.o(.text.HardFault_Handler)
    MX_ADC1_Init                             0x080042c1   Thumb Code   126  adc.o(.text.MX_ADC1_Init)
    MX_ADC2_Init                             0x08004341   Thumb Code   128  adc.o(.text.MX_ADC2_Init)
    MX_CAN1_Init                             0x080043c1   Thumb Code    70  can.o(.text.MX_CAN1_Init)
    MX_FREERTOS_Init                         0x08004409   Thumb Code    36  freertos.o(.text.MX_FREERTOS_Init)
    MX_GPIO_Init                             0x0800442d   Thumb Code   200  gpio.o(.text.MX_GPIO_Init)
    MX_I2C2_Init                             0x080044f5   Thumb Code    72  i2c.o(.text.MX_I2C2_Init)
    MX_SPI1_Init                             0x0800453d   Thumb Code    78  spi.o(.text.MX_SPI1_Init)
    MX_SPI2_Init                             0x0800458d   Thumb Code    78  spi.o(.text.MX_SPI2_Init)
    MX_TIM1_Init                             0x080045dd   Thumb Code   274  tim.o(.text.MX_TIM1_Init)
    MX_TIM3_Init                             0x080046f1   Thumb Code   154  tim.o(.text.MX_TIM3_Init)
    MX_USART1_UART_Init                      0x0800478d   Thumb Code    64  usart.o(.text.MX_USART1_UART_Init)
    MX_USB_DEVICE_Init                       0x080047cd   Thumb Code   118  usb_device.o(.text.MX_USB_DEVICE_Init)
    MemManage_Handler                        0x08004845   Thumb Code     4  stm32f4xx_it.o(.text.MemManage_Handler)
    NMI_Handler                              0x08004849   Thumb Code     4  stm32f4xx_it.o(.text.NMI_Handler)
    OTG_FS_IRQHandler                        0x080048b9   Thumb Code    16  stm32f4xx_it.o(.text.OTG_FS_IRQHandler)
    PendSV_Handler                           0x08004c51   Thumb Code   100  port.o(.text.PendSV_Handler)
    SVC_Handler                              0x08004cc1   Thumb Code    36  port.o(.text.SVC_Handler)
    StartDefaultTask                         0x08004d2d   Thumb Code    20  freertos.o(.text.StartDefaultTask)
    SysTick_Handler                          0x08004d41   Thumb Code    30  cmsis_os2.o(.text.SysTick_Handler)
    SystemClock_Config                       0x08004d61   Thumb Code   188  main.o(.text.SystemClock_Config)
    SystemInit                               0x08004e1d   Thumb Code    18  system_stm32f4xx.o(.text.SystemInit)
    TIM1_TRG_COM_TIM11_IRQHandler            0x08004e31   Thumb Code    28  stm32f4xx_it.o(.text.TIM1_TRG_COM_TIM11_IRQHandler)
    TIM_Base_SetConfig                       0x08004e4d   Thumb Code   432  stm32f4xx_hal_tim.o(.text.TIM_Base_SetConfig)
    TIM_OC2_SetConfig                        0x080050e9   Thumb Code   244  stm32f4xx_hal_tim.o(.text.TIM_OC2_SetConfig)
    USBD_CDC_GetDeviceQualifierDescriptor    0x08005779   Thumb Code    22  usbd_cdc.o(.text.USBD_CDC_GetDeviceQualifierDescriptor)
    USBD_CDC_ReceivePacket                   0x08005af5   Thumb Code   126  usbd_cdc.o(.text.USBD_CDC_ReceivePacket)
    USBD_CDC_RegisterInterface               0x08005b75   Thumb Code    52  usbd_cdc.o(.text.USBD_CDC_RegisterInterface)
    USBD_CDC_SetRxBuffer                     0x08005ba9   Thumb Code    60  usbd_cdc.o(.text.USBD_CDC_SetRxBuffer)
    USBD_CDC_SetTxBuffer                     0x08005be5   Thumb Code    70  usbd_cdc.o(.text.USBD_CDC_SetTxBuffer)
    USBD_ClrClassConfig                      0x08005df9   Thumb Code    50  usbd_core.o(.text.USBD_ClrClassConfig)
    USBD_CoreFindEP                          0x08005e6d   Thumb Code    14  usbd_core.o(.text.USBD_CoreFindEP)
    USBD_CoreFindIF                          0x08005e7d   Thumb Code    14  usbd_core.o(.text.USBD_CoreFindIF)
    USBD_CtlContinueRx                       0x08005e8d   Thumb Code    30  usbd_ioreq.o(.text.USBD_CtlContinueRx)
    USBD_CtlContinueSendData                 0x08005ead   Thumb Code    30  usbd_ioreq.o(.text.USBD_CtlContinueSendData)
    USBD_CtlError                            0x08005ecd   Thumb Code    28  usbd_ctlreq.o(.text.USBD_CtlError)
    USBD_CtlPrepareRx                        0x08005ee9   Thumb Code    54  usbd_ioreq.o(.text.USBD_CtlPrepareRx)
    USBD_CtlReceiveStatus                    0x08005f21   Thumb Code    34  usbd_ioreq.o(.text.USBD_CtlReceiveStatus)
    USBD_CtlSendData                         0x08005f45   Thumb Code    50  usbd_ioreq.o(.text.USBD_CtlSendData)
    USBD_CtlSendStatus                       0x08005f79   Thumb Code    34  usbd_ioreq.o(.text.USBD_CtlSendStatus)
    USBD_FS_ConfigStrDescriptor              0x08005f9d   Thumb Code    78  usbd_desc.o(.text.USBD_FS_ConfigStrDescriptor)
    USBD_FS_DeviceDescriptor                 0x08005fed   Thumb Code    26  usbd_desc.o(.text.USBD_FS_DeviceDescriptor)
    USBD_FS_InterfaceStrDescriptor           0x08006009   Thumb Code    78  usbd_desc.o(.text.USBD_FS_InterfaceStrDescriptor)
    USBD_FS_LangIDStrDescriptor              0x08006059   Thumb Code    26  usbd_desc.o(.text.USBD_FS_LangIDStrDescriptor)
    USBD_FS_ManufacturerStrDescriptor        0x08006075   Thumb Code    40  usbd_desc.o(.text.USBD_FS_ManufacturerStrDescriptor)
    USBD_FS_ProductStrDescriptor             0x0800609d   Thumb Code    78  usbd_desc.o(.text.USBD_FS_ProductStrDescriptor)
    USBD_FS_SerialStrDescriptor              0x080060ed   Thumb Code    32  usbd_desc.o(.text.USBD_FS_SerialStrDescriptor)
    USBD_GetEpDesc                           0x08006449   Thumb Code   118  usbd_core.o(.text.USBD_GetEpDesc)
    USBD_GetNextDesc                         0x080064f5   Thumb Code    38  usbd_core.o(.text.USBD_GetNextDesc)
    USBD_GetString                           0x08006581   Thumb Code   188  usbd_ctlreq.o(.text.USBD_GetString)
    USBD_Get_USB_Status                      0x0800663d   Thumb Code    82  usbd_conf.o(.text.USBD_Get_USB_Status)
    USBD_Init                                0x08006691   Thumb Code   106  usbd_core.o(.text.USBD_Init)
    USBD_LL_ClearStallEP                     0x080066fd   Thumb Code    58  usbd_conf.o(.text.USBD_LL_ClearStallEP)
    USBD_LL_CloseEP                          0x08006739   Thumb Code    58  usbd_conf.o(.text.USBD_LL_CloseEP)
    USBD_LL_DataInStage                      0x08006775   Thumb Code   400  usbd_core.o(.text.USBD_LL_DataInStage)
    USBD_LL_DataOutStage                     0x08006905   Thumb Code   434  usbd_core.o(.text.USBD_LL_DataOutStage)
    USBD_LL_DevConnected                     0x08006ab9   Thumb Code    10  usbd_core.o(.text.USBD_LL_DevConnected)
    USBD_LL_DevDisconnected                  0x08006ac5   Thumb Code    64  usbd_core.o(.text.USBD_LL_DevDisconnected)
    USBD_LL_GetRxDataSize                    0x08006b05   Thumb Code    28  usbd_conf.o(.text.USBD_LL_GetRxDataSize)
    USBD_LL_Init                             0x08006b21   Thumb Code   126  usbd_conf.o(.text.USBD_LL_Init)
    USBD_LL_IsStallEP                        0x08006ba1   Thumb Code    90  usbd_conf.o(.text.USBD_LL_IsStallEP)
    USBD_LL_IsoINIncomplete                  0x08006bfd   Thumb Code   110  usbd_core.o(.text.USBD_LL_IsoINIncomplete)
    USBD_LL_IsoOUTIncomplete                 0x08006c6d   Thumb Code   110  usbd_core.o(.text.USBD_LL_IsoOUTIncomplete)
    USBD_LL_OpenEP                           0x08006cdd   Thumb Code    74  usbd_conf.o(.text.USBD_LL_OpenEP)
    USBD_LL_PrepareReceive                   0x08006d29   Thumb Code    66  usbd_conf.o(.text.USBD_LL_PrepareReceive)
    USBD_LL_Reset                            0x08006d6d   Thumb Code   156  usbd_core.o(.text.USBD_LL_Reset)
    USBD_LL_Resume                           0x08006e09   Thumb Code    36  usbd_core.o(.text.USBD_LL_Resume)
    USBD_LL_SOF                              0x08006e2d   Thumb Code    62  usbd_core.o(.text.USBD_LL_SOF)
    USBD_LL_SetSpeed                         0x08006e6d   Thumb Code    22  usbd_core.o(.text.USBD_LL_SetSpeed)
    USBD_LL_SetUSBAddress                    0x08006e85   Thumb Code    58  usbd_conf.o(.text.USBD_LL_SetUSBAddress)
    USBD_LL_SetupStage                       0x08006ec1   Thumb Code   148  usbd_core.o(.text.USBD_LL_SetupStage)
    USBD_LL_StallEP                          0x08006f55   Thumb Code    58  usbd_conf.o(.text.USBD_LL_StallEP)
    USBD_LL_Start                            0x08006f91   Thumb Code    50  usbd_conf.o(.text.USBD_LL_Start)
    USBD_LL_Suspend                          0x08006fc5   Thumb Code    44  usbd_core.o(.text.USBD_LL_Suspend)
    USBD_LL_Transmit                         0x08006ff1   Thumb Code    66  usbd_conf.o(.text.USBD_LL_Transmit)
    USBD_ParseSetupRequest                   0x08007035   Thumb Code    98  usbd_ctlreq.o(.text.USBD_ParseSetupRequest)
    USBD_RegisterClass                       0x08007099   Thumb Code   114  usbd_core.o(.text.USBD_RegisterClass)
    USBD_RunTestMode                         0x0800710d   Thumb Code    10  usbd_core.o(.text.USBD_RunTestMode)
    USBD_SetClassConfig                      0x080071a5   Thumb Code    54  usbd_core.o(.text.USBD_SetClassConfig)
    USBD_Start                               0x080073ad   Thumb Code    16  usbd_core.o(.text.USBD_Start)
    USBD_StdDevReq                           0x080073bd   Thumb Code   204  usbd_ctlreq.o(.text.USBD_StdDevReq)
    USBD_StdEPReq                            0x08007489   Thumb Code   940  usbd_ctlreq.o(.text.USBD_StdEPReq)
    USBD_StdItfReq                           0x08007835   Thumb Code   244  usbd_ctlreq.o(.text.USBD_StdItfReq)
    USBD_static_free                         0x08007929   Thumb Code     8  usbd_conf.o(.text.USBD_static_free)
    USBD_static_malloc                       0x08007931   Thumb Code    16  usbd_conf.o(.text.USBD_static_malloc)
    USB_ActivateEndpoint                     0x08007941   Thumb Code   222  stm32f4xx_ll_usb.o(.text.USB_ActivateEndpoint)
    USB_ActivateSetup                        0x08007a21   Thumb Code    44  stm32f4xx_ll_usb.o(.text.USB_ActivateSetup)
    USB_CoreInit                             0x08007a4d   Thumb Code   214  stm32f4xx_ll_usb.o(.text.USB_CoreInit)
    USB_DeactivateEndpoint                   0x08007b9d   Thumb Code   312  stm32f4xx_ll_usb.o(.text.USB_DeactivateEndpoint)
    USB_DevConnect                           0x08007cd5   Thumb Code    42  stm32f4xx_ll_usb.o(.text.USB_DevConnect)
    USB_DevDisconnect                        0x08007d01   Thumb Code    42  stm32f4xx_ll_usb.o(.text.USB_DevDisconnect)
    USB_DevInit                              0x08007d2d   Thumb Code   666  stm32f4xx_ll_usb.o(.text.USB_DevInit)
    USB_DisableGlobalInt                     0x08007fc9   Thumb Code    20  stm32f4xx_ll_usb.o(.text.USB_DisableGlobalInt)
    USB_EP0_OutStart                         0x08007fdd   Thumb Code   158  stm32f4xx_ll_usb.o(.text.USB_EP0_OutStart)
    USB_EPClearStall                         0x0800807d   Thumb Code   160  stm32f4xx_ll_usb.o(.text.USB_EPClearStall)
    USB_EPSetStall                           0x0800811d   Thumb Code   168  stm32f4xx_ll_usb.o(.text.USB_EPSetStall)
    USB_EPStartXfer                          0x080081c5   Thumb Code  1016  stm32f4xx_ll_usb.o(.text.USB_EPStartXfer)
    USB_EPStopXfer                           0x080085bd   Thumb Code   284  stm32f4xx_ll_usb.o(.text.USB_EPStopXfer)
    USB_EnableGlobalInt                      0x080086d9   Thumb Code    20  stm32f4xx_ll_usb.o(.text.USB_EnableGlobalInt)
    USB_FlushRxFifo                          0x080086ed   Thumb Code   116  stm32f4xx_ll_usb.o(.text.USB_FlushRxFifo)
    USB_FlushTxFifo                          0x08008761   Thumb Code   122  stm32f4xx_ll_usb.o(.text.USB_FlushTxFifo)
    USB_GetDevSpeed                          0x080087dd   Thumb Code    76  stm32f4xx_ll_usb.o(.text.USB_GetDevSpeed)
    USB_GetMode                              0x08008829   Thumb Code    16  stm32f4xx_ll_usb.o(.text.USB_GetMode)
    USB_ReadDevAllInEpInterrupt              0x08008839   Thumb Code    36  stm32f4xx_ll_usb.o(.text.USB_ReadDevAllInEpInterrupt)
    USB_ReadDevAllOutEpInterrupt             0x0800885d   Thumb Code    36  stm32f4xx_ll_usb.o(.text.USB_ReadDevAllOutEpInterrupt)
    USB_ReadDevInEPInterrupt                 0x08008881   Thumb Code    78  stm32f4xx_ll_usb.o(.text.USB_ReadDevInEPInterrupt)
    USB_ReadDevOutEPInterrupt                0x080088d1   Thumb Code    46  stm32f4xx_ll_usb.o(.text.USB_ReadDevOutEPInterrupt)
    USB_ReadInterrupts                       0x08008901   Thumb Code    26  stm32f4xx_ll_usb.o(.text.USB_ReadInterrupts)
    USB_ReadPacket                           0x0800891d   Thumb Code   180  stm32f4xx_ll_usb.o(.text.USB_ReadPacket)
    USB_SetCurrentMode                       0x080089d1   Thumb Code   222  stm32f4xx_ll_usb.o(.text.USB_SetCurrentMode)
    USB_SetDevAddress                        0x08008ab1   Thumb Code    54  stm32f4xx_ll_usb.o(.text.USB_SetDevAddress)
    USB_SetDevSpeed                          0x08008ae9   Thumb Code    34  stm32f4xx_ll_usb.o(.text.USB_SetDevSpeed)
    USB_SetTurnaroundTime                    0x08008b0d   Thumb Code   442  stm32f4xx_ll_usb.o(.text.USB_SetTurnaroundTime)
    USB_WritePacket                          0x08008cc9   Thumb Code   130  stm32f4xx_ll_usb.o(.text.USB_WritePacket)
    UsageFault_Handler                       0x08008d4d   Thumb Code     4  stm32f4xx_it.o(.text.UsageFault_Handler)
    main                                     0x08008e55   Thumb Code    72  main.o(.text.main)
    osDelay                                  0x08008e9d   Thumb Code    52  cmsis_os2.o(.text.osDelay)
    osKernelInitialize                       0x08008ed1   Thumb Code    70  cmsis_os2.o(.text.osKernelInitialize)
    osKernelStart                            0x08008f19   Thumb Code    82  cmsis_os2.o(.text.osKernelStart)
    osThreadNew                              0x08008f6d   Thumb Code   346  cmsis_os2.o(.text.osThreadNew)
    pvPortMalloc                             0x08009f6d   Thumb Code   492  heap_4.o(.text.pvPortMalloc)
    pxPortInitialiseStack                    0x0800a159   Thumb Code    94  port.o(.text.pxPortInitialiseStack)
    uxListRemove                             0x0800a1b9   Thumb Code    72  list.o(.text.uxListRemove)
    vApplicationGetIdleTaskMemory            0x0800a201   Thumb Code    42  cmsis_os2.o(.text.vApplicationGetIdleTaskMemory)
    vApplicationGetTimerTaskMemory           0x0800a22d   Thumb Code    44  cmsis_os2.o(.text.vApplicationGetTimerTaskMemory)
    vListInitialise                          0x0800a259   Thumb Code    46  list.o(.text.vListInitialise)
    vListInitialiseItem                      0x0800a289   Thumb Code    14  list.o(.text.vListInitialiseItem)
    vListInsert                              0x0800a299   Thumb Code   106  list.o(.text.vListInsert)
    vListInsertEnd                           0x0800a305   Thumb Code    58  list.o(.text.vListInsertEnd)
    vPortEnterCritical                       0x0800a355   Thumb Code    86  port.o(.text.vPortEnterCritical)
    vPortExitCritical                        0x0800a3ad   Thumb Code    74  port.o(.text.vPortExitCritical)
    vPortFree                                0x0800a3f9   Thumb Code   206  heap_4.o(.text.vPortFree)
    vPortSetupTimerInterrupt                 0x0800a4c9   Thumb Code    68  port.o(.text.vPortSetupTimerInterrupt)
    vPortValidateInterruptPriority           0x0800a50d   Thumb Code   132  port.o(.text.vPortValidateInterruptPriority)
    vQueueAddToRegistry                      0x0800a591   Thumb Code    82  queue.o(.text.vQueueAddToRegistry)
    vQueueWaitForMessageRestricted           0x0800a5e5   Thumb Code   100  queue.o(.text.vQueueWaitForMessageRestricted)
    vTaskDelay                               0x0800a649   Thumb Code   110  tasks.o(.text.vTaskDelay)
    vTaskInternalSetTimeOutState             0x0800a6b9   Thumb Code    36  tasks.o(.text.vTaskInternalSetTimeOutState)
    vTaskMissedYield                         0x0800a6dd   Thumb Code    14  tasks.o(.text.vTaskMissedYield)
    vTaskPlaceOnEventList                    0x0800a6ed   Thumb Code    66  tasks.o(.text.vTaskPlaceOnEventList)
    vTaskPlaceOnEventListRestricted          0x0800a731   Thumb Code    82  tasks.o(.text.vTaskPlaceOnEventListRestricted)
    vTaskStartScheduler                      0x0800a785   Thumb Code   224  tasks.o(.text.vTaskStartScheduler)
    vTaskSuspendAll                          0x0800a865   Thumb Code    16  tasks.o(.text.vTaskSuspendAll)
    vTaskSwitchContext                       0x0800a875   Thumb Code   198  tasks.o(.text.vTaskSwitchContext)
    xPortStartScheduler                      0x0800a93d   Thumb Code   342  port.o(.text.xPortStartScheduler)
    xPortSysTickHandler                      0x0800aa95   Thumb Code    60  port.o(.text.xPortSysTickHandler)
    xQueueGenericCreateStatic                0x0800aad1   Thumb Code   270  queue.o(.text.xQueueGenericCreateStatic)
    xQueueGenericReset                       0x0800abe1   Thumb Code   186  queue.o(.text.xQueueGenericReset)
    xQueueGenericSend                        0x0800ac9d   Thumb Code   556  queue.o(.text.xQueueGenericSend)
    xQueueGenericSendFromISR                 0x0800aec9   Thumb Code   332  queue.o(.text.xQueueGenericSendFromISR)
    xQueueReceive                            0x0800b015   Thumb Code   476  queue.o(.text.xQueueReceive)
    xTaskCheckForTimeOut                     0x0800b1f1   Thumb Code   204  tasks.o(.text.xTaskCheckForTimeOut)
    xTaskCreate                              0x0800b2bd   Thumb Code   158  tasks.o(.text.xTaskCreate)
    xTaskCreateStatic                        0x0800b35d   Thumb Code   206  tasks.o(.text.xTaskCreateStatic)
    xTaskGetSchedulerState                   0x0800b42d   Thumb Code    56  tasks.o(.text.xTaskGetSchedulerState)
    xTaskGetTickCount                        0x0800b465   Thumb Code    20  tasks.o(.text.xTaskGetTickCount)
    xTaskIncrementTick                       0x0800b479   Thumb Code   452  tasks.o(.text.xTaskIncrementTick)
    xTaskPriorityDisinherit                  0x0800b63d   Thumb Code   236  tasks.o(.text.xTaskPriorityDisinherit)
    xTaskRemoveFromEventList                 0x0800b729   Thumb Code   206  tasks.o(.text.xTaskRemoveFromEventList)
    xTaskResumeAll                           0x0800b7f9   Thumb Code   390  tasks.o(.text.xTaskResumeAll)
    xTimerCreateTimerTask                    0x0800b981   Thumb Code   148  timers.o(.text.xTimerCreateTimerTask)
    xTimerGenericCommand                     0x0800ba15   Thumb Code   176  timers.o(.text.xTimerGenericCommand)
    _fp_init                                 0x0800bac5   Thumb Code    26  fpinit.o(x$fpl$fpinit)
    __fplib_config_fpu_vfp                   0x0800badd   Thumb Code     0  fpinit.o(x$fpl$fpinit)
    __fplib_config_pureend_doubles           0x0800badd   Thumb Code     0  fpinit.o(x$fpl$fpinit)
    AHBPrescTable                            0x0800bade   Data          16  system_stm32f4xx.o(.rodata.AHBPrescTable)
    APBPrescTable                            0x0800baee   Data           8  system_stm32f4xx.o(.rodata.APBPrescTable)
    defaultTask_attributes                   0x0800baf8   Data          36  freertos.o(.rodata.defaultTask_attributes)
    Region$$Table$$Base                      0x0800bb7c   Number         0  anon$$obj.o(Region$$Table)
    Region$$Table$$Limit                     0x0800bb9c   Number         0  anon$$obj.o(Region$$Table)
    FS_Desc                                  0x20000004   Data          28  usbd_desc.o(.data.FS_Desc)
    SystemCoreClock                          0x20000020   Data           4  system_stm32f4xx.o(.data.SystemCoreClock)
    USBD_CDC                                 0x20000024   Data          56  usbd_cdc.o(.data.USBD_CDC)
    USBD_FS_DeviceDesc                       0x200000ac   Data          18  usbd_desc.o(.data.USBD_FS_DeviceDesc)
    USBD_Interface_fops_FS                   0x200000c0   Data          20  usbd_cdc_if.o(.data.USBD_Interface_fops_FS)
    USBD_LangIDDesc                          0x200000d4   Data           4  usbd_desc.o(.data.USBD_LangIDDesc)
    USBD_StringSerial                        0x200000d8   Data          26  usbd_desc.o(.data.USBD_StringSerial)
    uwTickFreq                               0x200000f2   Data           1  stm32f4xx_hal.o(.data.uwTickFreq)
    uwTickPrio                               0x200000f4   Data           4  stm32f4xx_hal.o(.data.uwTickPrio)
    __libspace_start                         0x20000100   Data          96  libspace.o(.bss)
    __temporary_stack_top$libspace           0x20000160   Data           0  libspace.o(.bss)
    USBD_StrDesc                             0x20000168   Data         512  usbd_desc.o(.bss.USBD_StrDesc)
    UserRxBufferFS                           0x20000588   Data        2048  usbd_cdc_if.o(.bss.UserRxBufferFS)
    UserTxBufferFS                           0x20000d88   Data        2048  usbd_cdc_if.o(.bss.UserTxBufferFS)
    defaultTaskHandle                        0x20001588   Data           4  freertos.o(.bss.defaultTaskHandle)
    hUsbDeviceFS                             0x2000158c   Data         732  usb_device.o(.bss.hUsbDeviceFS)
    hadc1                                    0x20001868   Data          72  adc.o(.bss.hadc1)
    hadc2                                    0x200018b0   Data          72  adc.o(.bss.hadc2)
    hcan1                                    0x200018f8   Data          40  can.o(.bss.hcan1)
    hi2c2                                    0x20001920   Data          84  i2c.o(.bss.hi2c2)
    hpcd_USB_OTG_FS                          0x20001974   Data        1252  usbd_conf.o(.bss.hpcd_USB_OTG_FS)
    hspi1                                    0x20001e58   Data          88  spi.o(.bss.hspi1)
    hspi2                                    0x20001eb0   Data          88  spi.o(.bss.hspi2)
    htim1                                    0x20001f08   Data          72  tim.o(.bss.htim1)
    htim11                                   0x20001f50   Data          72  stm32f4xx_hal_timebase_tim.o(.bss.htim11)
    htim3                                    0x20001f98   Data          72  tim.o(.bss.htim3)
    huart1                                   0x20001fe0   Data          72  usart.o(.bss.huart1)
    pxCurrentTCB                             0x2000211c   Data           4  tasks.o(.bss.pxCurrentTCB)
    uwTick                                   0x2000619c   Data           4  stm32f4xx_hal.o(.bss.uwTick)
    xQueueRegistry                           0x200068f4   Data          64  queue.o(.bss.xQueueRegistry)



==============================================================================

Memory Map of the image

  Image Entry point : 0x08000189

  Load Region LR_IROM1 (Base: 0x08000000, Size: 0x0000bca0, Max: 0x00100000, ABSOLUTE)

    Execution Region ER_IROM1 (Exec base: 0x08000000, Load base: 0x08000000, Size: 0x0000bb9c, Max: 0x00100000, ABSOLUTE)

    Exec Addr    Load Addr    Size         Type   Attr      Idx    E Section Name        Object

    0x08000000   0x08000000   0x00000188   Data   RO            3    RESET               startup_stm32f405xx.o
    0x08000188   0x08000188   0x00000008   Code   RO         2751  * !!!main             c_w.l(__main.o)
    0x08000190   0x08000190   0x00000034   Code   RO         2928    !!!scatter          c_w.l(__scatter.o)
    0x080001c4   0x080001c4   0x0000001a   Code   RO         2930    !!handler_copy      c_w.l(__scatter_copy.o)
    0x080001de   0x080001de   0x00000002   PAD
    0x080001e0   0x080001e0   0x0000001c   Code   RO         2932    !!handler_zi        c_w.l(__scatter_zi.o)
    0x080001fc   0x080001fc   0x00000002   Code   RO         2790    .ARM.Collect$$libinit$$00000000  c_w.l(libinit.o)
    0x080001fe   0x080001fe   0x00000004   Code   RO         2802    .ARM.Collect$$libinit$$00000001  c_w.l(libinit2.o)
    0x08000202   0x08000202   0x00000000   Code   RO         2805    .ARM.Collect$$libinit$$00000004  c_w.l(libinit2.o)
    0x08000202   0x08000202   0x00000000   Code   RO         2807    .ARM.Collect$$libinit$$00000006  c_w.l(libinit2.o)
    0x08000202   0x08000202   0x00000000   Code   RO         2810    .ARM.Collect$$libinit$$0000000C  c_w.l(libinit2.o)
    0x08000202   0x08000202   0x00000000   Code   RO         2812    .ARM.Collect$$libinit$$0000000E  c_w.l(libinit2.o)
    0x08000202   0x08000202   0x00000000   Code   RO         2814    .ARM.Collect$$libinit$$00000010  c_w.l(libinit2.o)
    0x08000202   0x08000202   0x00000000   Code   RO         2817    .ARM.Collect$$libinit$$00000013  c_w.l(libinit2.o)
    0x08000202   0x08000202   0x00000000   Code   RO         2819    .ARM.Collect$$libinit$$00000015  c_w.l(libinit2.o)
    0x08000202   0x08000202   0x00000000   Code   RO         2821    .ARM.Collect$$libinit$$00000017  c_w.l(libinit2.o)
    0x08000202   0x08000202   0x00000000   Code   RO         2823    .ARM.Collect$$libinit$$00000019  c_w.l(libinit2.o)
    0x08000202   0x08000202   0x00000000   Code   RO         2825    .ARM.Collect$$libinit$$0000001B  c_w.l(libinit2.o)
    0x08000202   0x08000202   0x00000000   Code   RO         2827    .ARM.Collect$$libinit$$0000001D  c_w.l(libinit2.o)
    0x08000202   0x08000202   0x00000000   Code   RO         2829    .ARM.Collect$$libinit$$0000001F  c_w.l(libinit2.o)
    0x08000202   0x08000202   0x00000000   Code   RO         2831    .ARM.Collect$$libinit$$00000021  c_w.l(libinit2.o)
    0x08000202   0x08000202   0x00000000   Code   RO         2833    .ARM.Collect$$libinit$$00000023  c_w.l(libinit2.o)
    0x08000202   0x08000202   0x00000000   Code   RO         2835    .ARM.Collect$$libinit$$00000025  c_w.l(libinit2.o)
    0x08000202   0x08000202   0x00000000   Code   RO         2837    .ARM.Collect$$libinit$$00000027  c_w.l(libinit2.o)
    0x08000202   0x08000202   0x00000000   Code   RO         2841    .ARM.Collect$$libinit$$0000002E  c_w.l(libinit2.o)
    0x08000202   0x08000202   0x00000000   Code   RO         2843    .ARM.Collect$$libinit$$00000030  c_w.l(libinit2.o)
    0x08000202   0x08000202   0x00000000   Code   RO         2845    .ARM.Collect$$libinit$$00000032  c_w.l(libinit2.o)
    0x08000202   0x08000202   0x00000000   Code   RO         2847    .ARM.Collect$$libinit$$00000034  c_w.l(libinit2.o)
    0x08000202   0x08000202   0x00000002   Code   RO         2848    .ARM.Collect$$libinit$$00000035  c_w.l(libinit2.o)
    0x08000204   0x08000204   0x00000002   Code   RO         2883    .ARM.Collect$$libshutdown$$00000000  c_w.l(libshutdown.o)
    0x08000206   0x08000206   0x00000000   Code   RO         2911    .ARM.Collect$$libshutdown$$00000002  c_w.l(libshutdown2.o)
    0x08000206   0x08000206   0x00000000   Code   RO         2913    .ARM.Collect$$libshutdown$$00000004  c_w.l(libshutdown2.o)
    0x08000206   0x08000206   0x00000000   Code   RO         2916    .ARM.Collect$$libshutdown$$00000007  c_w.l(libshutdown2.o)
    0x08000206   0x08000206   0x00000000   Code   RO         2919    .ARM.Collect$$libshutdown$$0000000A  c_w.l(libshutdown2.o)
    0x08000206   0x08000206   0x00000000   Code   RO         2921    .ARM.Collect$$libshutdown$$0000000C  c_w.l(libshutdown2.o)
    0x08000206   0x08000206   0x00000000   Code   RO         2924    .ARM.Collect$$libshutdown$$0000000F  c_w.l(libshutdown2.o)
    0x08000206   0x08000206   0x00000002   Code   RO         2925    .ARM.Collect$$libshutdown$$00000010  c_w.l(libshutdown2.o)
    0x08000208   0x08000208   0x00000000   Code   RO         2753    .ARM.Collect$$rtentry$$00000000  c_w.l(__rtentry.o)
    0x08000208   0x08000208   0x00000000   Code   RO         2761    .ARM.Collect$$rtentry$$00000002  c_w.l(__rtentry2.o)
    0x08000208   0x08000208   0x00000006   Code   RO         2773    .ARM.Collect$$rtentry$$00000004  c_w.l(__rtentry4.o)
    0x0800020e   0x0800020e   0x00000000   Code   RO         2763    .ARM.Collect$$rtentry$$00000009  c_w.l(__rtentry2.o)
    0x0800020e   0x0800020e   0x00000004   Code   RO         2764    .ARM.Collect$$rtentry$$0000000A  c_w.l(__rtentry2.o)
    0x08000212   0x08000212   0x00000000   Code   RO         2766    .ARM.Collect$$rtentry$$0000000C  c_w.l(__rtentry2.o)
    0x08000212   0x08000212   0x00000008   Code   RO         2767    .ARM.Collect$$rtentry$$0000000D  c_w.l(__rtentry2.o)
    0x0800021a   0x0800021a   0x00000002   Code   RO         2794    .ARM.Collect$$rtexit$$00000000  c_w.l(rtexit.o)
    0x0800021c   0x0800021c   0x00000000   Code   RO         2854    .ARM.Collect$$rtexit$$00000002  c_w.l(rtexit2.o)
    0x0800021c   0x0800021c   0x00000004   Code   RO         2855    .ARM.Collect$$rtexit$$00000003  c_w.l(rtexit2.o)
    0x08000220   0x08000220   0x00000006   Code   RO         2856    .ARM.Collect$$rtexit$$00000004  c_w.l(rtexit2.o)
    0x08000226   0x08000226   0x00000002   PAD
    0x08000228   0x08000228   0x00000040   Code   RO            4    .text               startup_stm32f405xx.o
    0x08000268   0x08000268   0x000000f0   Code   RO         2737    .text               c_w.l(lludivv7m.o)
    0x08000358   0x08000358   0x0000008a   Code   RO         2739    .text               c_w.l(rt_memcpy_v6.o)
    0x080003e2   0x080003e2   0x00000010   Code   RO         2743    .text               c_w.l(aeabi_memset4.o)
    0x080003f2   0x080003f2   0x0000004e   Code   RO         2747    .text               c_w.l(rt_memclr_w.o)
    0x08000440   0x08000440   0x00000006   Code   RO         2749    .text               c_w.l(heapauxi.o)
    0x08000446   0x08000446   0x00000064   Code   RO         2758    .text               c_w.l(rt_memcpy_w.o)
    0x080004aa   0x080004aa   0x0000004a   Code   RO         2777    .text               c_w.l(sys_stackheap_outer.o)
    0x080004f4   0x080004f4   0x00000012   Code   RO         2779    .text               c_w.l(exit.o)
    0x08000506   0x08000506   0x00000002   PAD
    0x08000508   0x08000508   0x00000008   Code   RO         2791    .text               c_w.l(libspace.o)
    0x08000510   0x08000510   0x0000000c   Code   RO         2849    .text               c_w.l(sys_exit.o)
    0x0800051c   0x0800051c   0x00000002   Code   RO         2872    .text               c_w.l(use_no_semi.o)
    0x0800051e   0x0800051e   0x00000000   Code   RO         2874    .text               c_w.l(indicate_semi.o)
    0x0800051e   0x0800051e   0x00000002   PAD
    0x08000520   0x08000520   0x0000018a   Code   RO         1303    .text.ADC_Init      stm32f4xx_hal_adc.o
    0x080006aa   0x080006aa   0x00000002   PAD
    0x080006ac   0x080006ac   0x00000004   Code   RO          150    .text.BusFault_Handler  stm32f4xx_it.o
    0x080006b0   0x080006b0   0x0000005c   Code   RO          233    .text.CDC_Control_FS  usbd_cdc_if.o
    0x0800070c   0x0800070c   0x00000004   Code   RO          231    .text.CDC_DeInit_FS  usbd_cdc_if.o
    0x08000710   0x08000710   0x00000032   Code   RO          229    .text.CDC_Init_FS   usbd_cdc_if.o
    0x08000742   0x08000742   0x00000002   PAD
    0x08000744   0x08000744   0x00000024   Code   RO          235    .text.CDC_Receive_FS  usbd_cdc_if.o
    0x08000768   0x08000768   0x00000018   Code   RO          237    .text.CDC_TransmitCplt_FS  usbd_cdc_if.o
    0x08000780   0x08000780   0x00000002   Code   RO          154    .text.DebugMon_Handler  stm32f4xx_it.o
    0x08000782   0x08000782   0x00000002   PAD
    0x08000784   0x08000784   0x00000006   Code   RO           15    .text.Error_Handler  main.o
    0x0800078a   0x0800078a   0x00000002   PAD
    0x0800078c   0x0800078c   0x0000005c   Code   RO          212    .text.Get_SerialNum  usbd_desc.o
    0x080007e8   0x080007e8   0x00000218   Code   RO         1343    .text.HAL_ADC_ConfigChannel  stm32f4xx_hal_adc.o
    0x08000a00   0x08000a00   0x000000a8   Code   RO         1299    .text.HAL_ADC_Init  stm32f4xx_hal_adc.o
    0x08000aa8   0x08000aa8   0x000000f8   Code   RO           53    .text.HAL_ADC_MspInit  adc.o
    0x08000ba0   0x08000ba0   0x000001de   Code   RO         1396    .text.HAL_CAN_Init  stm32f4xx_hal_can.o
    0x08000d7e   0x08000d7e   0x00000002   PAD
    0x08000d80   0x08000d80   0x00000092   Code   RO           68    .text.HAL_CAN_MspInit  can.o
    0x08000e12   0x08000e12   0x00000002   PAD
    0x08000e14   0x08000e14   0x00000042   Code   RO         1230    .text.HAL_Delay     stm32f4xx_hal.o
    0x08000e56   0x08000e56   0x00000002   PAD
    0x08000e58   0x08000e58   0x000003b6   Code   RO          997    .text.HAL_GPIO_Init  stm32f4xx_hal_gpio.o
    0x0800120e   0x0800120e   0x00000002   PAD
    0x08001210   0x08001210   0x0000002e   Code   RO         1003    .text.HAL_GPIO_WritePin  stm32f4xx_hal_gpio.o
    0x0800123e   0x0800123e   0x00000002   PAD
    0x08001240   0x08001240   0x0000000c   Code   RO         1222    .text.HAL_GetTick   stm32f4xx_hal.o
    0x0800124c   0x0800124c   0x000002a4   Code   RO         1475    .text.HAL_I2C_Init  stm32f4xx_hal_i2c.o
    0x080014f0   0x080014f0   0x00000092   Code   RO           82    .text.HAL_I2C_MspInit  i2c.o
    0x08001582   0x08001582   0x00000002   PAD
    0x08001584   0x08001584   0x0000001a   Code   RO         1220    .text.HAL_IncTick   stm32f4xx_hal.o
    0x0800159e   0x0800159e   0x00000002   PAD
    0x080015a0   0x080015a0   0x00000036   Code   RO         1210    .text.HAL_Init      stm32f4xx_hal.o
    0x080015d6   0x080015d6   0x00000002   PAD
    0x080015d8   0x080015d8   0x000000dc   Code   RO          175    .text.HAL_InitTick  stm32f4xx_hal_timebase_tim.o
    0x080016b4   0x080016b4   0x00000058   Code   RO          167    .text.HAL_MspInit   stm32f4xx_hal_msp.o
    0x0800170c   0x0800170c   0x00000014   Code   RO         1145    .text.HAL_NVIC_EnableIRQ  stm32f4xx_hal_cortex.o
    0x08001720   0x08001720   0x00000032   Code   RO         1137    .text.HAL_NVIC_SetPriority  stm32f4xx_hal_cortex.o
    0x08001752   0x08001752   0x00000002   PAD
    0x08001754   0x08001754   0x00000010   Code   RO         1133    .text.HAL_NVIC_SetPriorityGrouping  stm32f4xx_hal_cortex.o
    0x08001764   0x08001764   0x0000000c   Code   RO          745    .text.HAL_PCDEx_LPM_Callback  stm32f4xx_hal_pcd_ex.o
    0x08001770   0x08001770   0x00000018   Code   RO          743    .text.HAL_PCDEx_SetRxFiFo  stm32f4xx_hal_pcd_ex.o
    0x08001788   0x08001788   0x0000009c   Code   RO          741    .text.HAL_PCDEx_SetTxFiFo  stm32f4xx_hal_pcd_ex.o
    0x08001824   0x08001824   0x00000014   Code   RO          273    .text.HAL_PCD_ConnectCallback  usbd_conf.o
    0x08001838   0x08001838   0x00000026   Code   RO          259    .text.HAL_PCD_DataInStageCallback  usbd_conf.o
    0x0800185e   0x0800185e   0x00000002   PAD
    0x08001860   0x08001860   0x00000028   Code   RO          257    .text.HAL_PCD_DataOutStageCallback  usbd_conf.o
    0x08001888   0x08001888   0x00000014   Code   RO          275    .text.HAL_PCD_DisconnectCallback  usbd_conf.o
    0x0800189c   0x0800189c   0x0000005e   Code   RO          692    .text.HAL_PCD_EP_Abort  stm32f4xx_hal_pcd.o
    0x080018fa   0x080018fa   0x00000002   PAD
    0x080018fc   0x080018fc   0x000000a8   Code   RO          712    .text.HAL_PCD_EP_Close  stm32f4xx_hal_pcd.o
    0x080019a4   0x080019a4   0x000000c8   Code   RO          722    .text.HAL_PCD_EP_ClrStall  stm32f4xx_hal_pcd.o
    0x08001a6c   0x08001a6c   0x00000022   Code   RO          716    .text.HAL_PCD_EP_GetRxCount  stm32f4xx_hal_pcd.o
    0x08001a8e   0x08001a8e   0x00000002   PAD
    0x08001a90   0x08001a90   0x000000ee   Code   RO          710    .text.HAL_PCD_EP_Open  stm32f4xx_hal_pcd.o
    0x08001b7e   0x08001b7e   0x00000002   PAD
    0x08001b80   0x08001b80   0x0000006c   Code   RO          714    .text.HAL_PCD_EP_Receive  stm32f4xx_hal_pcd.o
    0x08001bec   0x08001bec   0x000000de   Code   RO          720    .text.HAL_PCD_EP_SetStall  stm32f4xx_hal_pcd.o
    0x08001cca   0x08001cca   0x00000002   PAD
    0x08001ccc   0x08001ccc   0x0000006c   Code   RO          718    .text.HAL_PCD_EP_Transmit  stm32f4xx_hal_pcd.o
    0x08001d38   0x08001d38   0x00000838   Code   RO          670    .text.HAL_PCD_IRQHandler  stm32f4xx_hal_pcd.o
    0x08002570   0x08002570   0x0000001c   Code   RO          271    .text.HAL_PCD_ISOINIncompleteCallback  usbd_conf.o
    0x0800258c   0x0800258c   0x0000001c   Code   RO          269    .text.HAL_PCD_ISOOUTIncompleteCallback  usbd_conf.o
    0x080025a8   0x080025a8   0x00000242   Code   RO          658    .text.HAL_PCD_Init  stm32f4xx_hal_pcd.o
    0x080027ea   0x080027ea   0x00000002   PAD
    0x080027ec   0x080027ec   0x000000b0   Code   RO          251    .text.HAL_PCD_MspInit  usbd_conf.o
    0x0800289c   0x0800289c   0x00000052   Code   RO          263    .text.HAL_PCD_ResetCallback  usbd_conf.o
    0x080028ee   0x080028ee   0x00000002   PAD
    0x080028f0   0x080028f0   0x00000014   Code   RO          267    .text.HAL_PCD_ResumeCallback  usbd_conf.o
    0x08002904   0x08002904   0x00000014   Code   RO          261    .text.HAL_PCD_SOFCallback  usbd_conf.o
    0x08002918   0x08002918   0x0000005c   Code   RO          708    .text.HAL_PCD_SetAddress  stm32f4xx_hal_pcd.o
    0x08002974   0x08002974   0x00000018   Code   RO          255    .text.HAL_PCD_SetupStageCallback  usbd_conf.o
    0x0800298c   0x0800298c   0x0000007c   Code   RO          666    .text.HAL_PCD_Start  stm32f4xx_hal_pcd.o
    0x08002a08   0x08002a08   0x0000003e   Code   RO          265    .text.HAL_PCD_SuspendCallback  usbd_conf.o
    0x08002a46   0x08002a46   0x00000002   PAD
    0x08002a48   0x08002a48   0x00000262   Code   RO          865    .text.HAL_RCC_ClockConfig  stm32f4xx_hal_rcc.o
    0x08002caa   0x08002caa   0x00000002   PAD
    0x08002cac   0x08002cac   0x00000054   Code   RO          883    .text.HAL_RCC_GetClockConfig  stm32f4xx_hal_rcc.o
    0x08002d00   0x08002d00   0x0000000c   Code   RO          875    .text.HAL_RCC_GetHCLKFreq  stm32f4xx_hal_rcc.o
    0x08002d0c   0x08002d0c   0x00000022   Code   RO          877    .text.HAL_RCC_GetPCLK1Freq  stm32f4xx_hal_rcc.o
    0x08002d2e   0x08002d2e   0x00000002   PAD
    0x08002d30   0x08002d30   0x00000022   Code   RO          879    .text.HAL_RCC_GetPCLK2Freq  stm32f4xx_hal_rcc.o
    0x08002d52   0x08002d52   0x00000002   PAD
    0x08002d54   0x08002d54   0x000000e6   Code   RO          867    .text.HAL_RCC_GetSysClockFreq  stm32f4xx_hal_rcc.o
    0x08002e3a   0x08002e3a   0x00000002   PAD
    0x08002e3c   0x08002e3c   0x000006be   Code   RO          863    .text.HAL_RCC_OscConfig  stm32f4xx_hal_rcc.o
    0x080034fa   0x080034fa   0x00000002   PAD
    0x080034fc   0x080034fc   0x00000100   Code   RO         1647    .text.HAL_SPI_Init  stm32f4xx_hal_spi.o
    0x080035fc   0x080035fc   0x000001b6   Code   RO           98    .text.HAL_SPI_MspInit  spi.o
    0x080037b2   0x080037b2   0x00000002   PAD
    0x080037b4   0x080037b4   0x00000008   Code   RO          645    .text.HAL_TIMEx_BreakCallback  stm32f4xx_hal_tim_ex.o
    0x080037bc   0x080037bc   0x00000008   Code   RO          641    .text.HAL_TIMEx_CommutCallback  stm32f4xx_hal_tim_ex.o
    0x080037c4   0x080037c4   0x000000b2   Code   RO          637    .text.HAL_TIMEx_ConfigBreakDeadTime  stm32f4xx_hal_tim_ex.o
    0x08003876   0x08003876   0x00000002   PAD
    0x08003878   0x08003878   0x00000122   Code   RO          635    .text.HAL_TIMEx_MasterConfigSynchronization  stm32f4xx_hal_tim_ex.o
    0x0800399a   0x0800399a   0x00000002   PAD
    0x0800399c   0x0800399c   0x0000009c   Code   RO          322    .text.HAL_TIM_Base_Init  stm32f4xx_hal_tim.o
    0x08003a38   0x08003a38   0x00000008   Code   RO          324    .text.HAL_TIM_Base_MspInit  stm32f4xx_hal_tim.o
    0x08003a40   0x08003a40   0x000000f6   Code   RO          336    .text.HAL_TIM_Base_Start_IT  stm32f4xx_hal_tim.o
    0x08003b36   0x08003b36   0x00000002   PAD
    0x08003b38   0x08003b38   0x00000008   Code   RO          458    .text.HAL_TIM_IC_CaptureCallback  stm32f4xx_hal_tim.o
    0x08003b40   0x08003b40   0x0000021a   Code   RO          456    .text.HAL_TIM_IRQHandler  stm32f4xx_hal_tim.o
    0x08003d5a   0x08003d5a   0x00000002   PAD
    0x08003d5c   0x08003d5c   0x0000010e   Code   RO          113    .text.HAL_TIM_MspPostInit  tim.o
    0x08003e6a   0x08003e6a   0x00000002   PAD
    0x08003e6c   0x08003e6c   0x00000008   Code   RO          460    .text.HAL_TIM_OC_DelayElapsedCallback  stm32f4xx_hal_tim.o
    0x08003e74   0x08003e74   0x00000142   Code   RO          488    .text.HAL_TIM_PWM_ConfigChannel  stm32f4xx_hal_tim.o
    0x08003fb6   0x08003fb6   0x00000002   PAD
    0x08003fb8   0x08003fb8   0x0000009c   Code   RO          376    .text.HAL_TIM_PWM_Init  stm32f4xx_hal_tim.o
    0x08004054   0x08004054   0x00000088   Code   RO          117    .text.HAL_TIM_PWM_MspInit  tim.o
    0x080040dc   0x080040dc   0x00000008   Code   RO          462    .text.HAL_TIM_PWM_PulseFinishedCallback  stm32f4xx_hal_tim.o
    0x080040e4   0x080040e4   0x00000022   Code   RO           17    .text.HAL_TIM_PeriodElapsedCallback  main.o
    0x08004106   0x08004106   0x00000002   PAD
    0x08004108   0x08004108   0x00000008   Code   RO          466    .text.HAL_TIM_TriggerCallback  stm32f4xx_hal_tim.o
    0x08004110   0x08004110   0x0000009e   Code   RO         1764    .text.HAL_UART_Init  stm32f4xx_hal_uart.o
    0x080041ae   0x080041ae   0x00000002   PAD
    0x080041b0   0x080041b0   0x00000090   Code   RO          132    .text.HAL_UART_MspInit  usart.o
    0x08004240   0x08004240   0x00000004   Code   RO          146    .text.HardFault_Handler  stm32f4xx_it.o
    0x08004244   0x08004244   0x0000007a   Code   RO          214    .text.IntToUnicode  usbd_desc.o
    0x080042be   0x080042be   0x00000002   PAD
    0x080042c0   0x080042c0   0x0000007e   Code   RO           49    .text.MX_ADC1_Init  adc.o
    0x0800433e   0x0800433e   0x00000002   PAD
    0x08004340   0x08004340   0x00000080   Code   RO           51    .text.MX_ADC2_Init  adc.o
    0x080043c0   0x080043c0   0x00000046   Code   RO           66    .text.MX_CAN1_Init  can.o
    0x08004406   0x08004406   0x00000002   PAD
    0x08004408   0x08004408   0x00000024   Code   RO           35    .text.MX_FREERTOS_Init  freertos.o
    0x0800442c   0x0800442c   0x000000c8   Code   RO           27    .text.MX_GPIO_Init  gpio.o
    0x080044f4   0x080044f4   0x00000048   Code   RO           80    .text.MX_I2C2_Init  i2c.o
    0x0800453c   0x0800453c   0x0000004e   Code   RO           94    .text.MX_SPI1_Init  spi.o
    0x0800458a   0x0800458a   0x00000002   PAD
    0x0800458c   0x0800458c   0x0000004e   Code   RO           96    .text.MX_SPI2_Init  spi.o
    0x080045da   0x080045da   0x00000002   PAD
    0x080045dc   0x080045dc   0x00000112   Code   RO          111    .text.MX_TIM1_Init  tim.o
    0x080046ee   0x080046ee   0x00000002   PAD
    0x080046f0   0x080046f0   0x0000009a   Code   RO          115    .text.MX_TIM3_Init  tim.o
    0x0800478a   0x0800478a   0x00000002   PAD
    0x0800478c   0x0800478c   0x00000040   Code   RO          130    .text.MX_USART1_UART_Init  usart.o
    0x080047cc   0x080047cc   0x00000076   Code   RO          189    .text.MX_USB_DEVICE_Init  usb_device.o
    0x08004842   0x08004842   0x00000002   PAD
    0x08004844   0x08004844   0x00000004   Code   RO          148    .text.MemManage_Handler  stm32f4xx_it.o
    0x08004848   0x08004848   0x00000004   Code   RO          144    .text.NMI_Handler   stm32f4xx_it.o
    0x0800484c   0x0800484c   0x0000006c   Code   RO         1143    .text.NVIC_EncodePriority  stm32f4xx_hal_cortex.o
    0x080048b8   0x080048b8   0x00000010   Code   RO          158    .text.OTG_FS_IRQHandler  stm32f4xx_it.o
    0x080048c8   0x080048c8   0x0000008a   Code   RO          674    .text.PCD_EP_OutSetupPacket_int  stm32f4xx_hal_pcd.o
    0x08004952   0x08004952   0x00000002   PAD
    0x08004954   0x08004954   0x000001c8   Code   RO          672    .text.PCD_EP_OutXfrComplete_int  stm32f4xx_hal_pcd.o
    0x08004b1c   0x08004b1c   0x00000132   Code   RO          682    .text.PCD_WriteEmptyTxFifo  stm32f4xx_hal_pcd.o
    0x08004c4e   0x08004c4e   0x00000002   PAD
    0x08004c50   0x08004c50   0x00000064   Code   RO         2720    .text.PendSV_Handler  port.o
    0x08004cb4   0x08004cb4   0x0000000c   PAD
    0x08004cc0   0x08004cc0   0x00000024   Code   RO         2704    .text.SVC_Handler   port.o
    0x08004ce4   0x08004ce4   0x0000000e   Code   RO         2500    .text.SVC_Setup     cmsis_os2.o
    0x08004cf2   0x08004cf2   0x00000002   PAD
    0x08004cf4   0x08004cf4   0x00000036   Code   RO         1988    .text.SWAPBYTE      usbd_ctlreq.o
    0x08004d2a   0x08004d2a   0x00000002   PAD
    0x08004d2c   0x08004d2c   0x00000014   Code   RO           37    .text.StartDefaultTask  freertos.o
    0x08004d40   0x08004d40   0x0000001e   Code   RO         2490    .text.SysTick_Handler  cmsis_os2.o
    0x08004d5e   0x08004d5e   0x00000002   PAD
    0x08004d60   0x08004d60   0x000000bc   Code   RO           13    .text.SystemClock_Config  main.o
    0x08004e1c   0x08004e1c   0x00000012   Code   RO         1895    .text.SystemInit    system_stm32f4xx.o
    0x08004e2e   0x08004e2e   0x00000002   PAD
    0x08004e30   0x08004e30   0x0000001c   Code   RO          156    .text.TIM1_TRG_COM_TIM11_IRQHandler  stm32f4xx_it.o
    0x08004e4c   0x08004e4c   0x000001b0   Code   RO          326    .text.TIM_Base_SetConfig  stm32f4xx_hal_tim.o
    0x08004ffc   0x08004ffc   0x000000ea   Code   RO          470    .text.TIM_OC1_SetConfig  stm32f4xx_hal_tim.o
    0x080050e6   0x080050e6   0x00000002   PAD
    0x080050e8   0x080050e8   0x000000f4   Code   RO          472    .text.TIM_OC2_SetConfig  stm32f4xx_hal_tim.o
    0x080051dc   0x080051dc   0x000000f2   Code   RO          474    .text.TIM_OC3_SetConfig  stm32f4xx_hal_tim.o
    0x080052ce   0x080052ce   0x00000002   PAD
    0x080052d0   0x080052d0   0x000000a4   Code   RO          476    .text.TIM_OC4_SetConfig  stm32f4xx_hal_tim.o
    0x08005374   0x08005374   0x0000013a   Code   RO         1768    .text.UART_SetConfig  stm32f4xx_hal_uart.o
    0x080054ae   0x080054ae   0x00000002   PAD
    0x080054b0   0x080054b0   0x000000f4   Code   RO         2031    .text.USBD_CDC_DataIn  usbd_cdc.o
    0x080055a4   0x080055a4   0x00000070   Code   RO         2033    .text.USBD_CDC_DataOut  usbd_cdc.o
    0x08005614   0x08005614   0x000000ec   Code   RO         2025    .text.USBD_CDC_DeInit  usbd_cdc.o
    0x08005700   0x08005700   0x00000078   Code   RO         2029    .text.USBD_CDC_EP0_RxReady  usbd_cdc.o
    0x08005778   0x08005778   0x00000016   Code   RO         2041    .text.USBD_CDC_GetDeviceQualifierDescriptor  usbd_cdc.o
    0x0800578e   0x0800578e   0x00000002   PAD
    0x08005790   0x08005790   0x0000006c   Code   RO         2037    .text.USBD_CDC_GetFSCfgDesc  usbd_cdc.o
    0x080057fc   0x080057fc   0x00000070   Code   RO         2035    .text.USBD_CDC_GetHSCfgDesc  usbd_cdc.o
    0x0800586c   0x0800586c   0x0000006c   Code   RO         2039    .text.USBD_CDC_GetOtherSpeedCfgDesc  usbd_cdc.o
    0x080058d8   0x080058d8   0x0000021c   Code   RO         2023    .text.USBD_CDC_Init  usbd_cdc.o
    0x08005af4   0x08005af4   0x0000007e   Code   RO         2051    .text.USBD_CDC_ReceivePacket  usbd_cdc.o
    0x08005b72   0x08005b72   0x00000002   PAD
    0x08005b74   0x08005b74   0x00000034   Code   RO         2043    .text.USBD_CDC_RegisterInterface  usbd_cdc.o
    0x08005ba8   0x08005ba8   0x0000003c   Code   RO         2047    .text.USBD_CDC_SetRxBuffer  usbd_cdc.o
    0x08005be4   0x08005be4   0x00000046   Code   RO         2045    .text.USBD_CDC_SetTxBuffer  usbd_cdc.o
    0x08005c2a   0x08005c2a   0x00000002   PAD
    0x08005c2c   0x08005c2c   0x000001cc   Code   RO         2027    .text.USBD_CDC_Setup  usbd_cdc.o
    0x08005df8   0x08005df8   0x00000032   Code   RO         1923    .text.USBD_ClrClassConfig  usbd_core.o
    0x08005e2a   0x08005e2a   0x00000002   PAD
    0x08005e2c   0x08005e2c   0x00000040   Code   RO         1978    .text.USBD_ClrFeature  usbd_ctlreq.o
    0x08005e6c   0x08005e6c   0x0000000e   Code   RO         1931    .text.USBD_CoreFindEP  usbd_core.o
    0x08005e7a   0x08005e7a   0x00000002   PAD
    0x08005e7c   0x08005e7c   0x0000000e   Code   RO         1929    .text.USBD_CoreFindIF  usbd_core.o
    0x08005e8a   0x08005e8a   0x00000002   PAD
    0x08005e8c   0x08005e8c   0x0000001e   Code   RO         2008    .text.USBD_CtlContinueRx  usbd_ioreq.o
    0x08005eaa   0x08005eaa   0x00000002   PAD
    0x08005eac   0x08005eac   0x0000001e   Code   RO         2004    .text.USBD_CtlContinueSendData  usbd_ioreq.o
    0x08005eca   0x08005eca   0x00000002   PAD
    0x08005ecc   0x08005ecc   0x0000001c   Code   RO         1980    .text.USBD_CtlError  usbd_ctlreq.o
    0x08005ee8   0x08005ee8   0x00000036   Code   RO         2006    .text.USBD_CtlPrepareRx  usbd_ioreq.o
    0x08005f1e   0x08005f1e   0x00000002   PAD
    0x08005f20   0x08005f20   0x00000022   Code   RO         2012    .text.USBD_CtlReceiveStatus  usbd_ioreq.o
    0x08005f42   0x08005f42   0x00000002   PAD
    0x08005f44   0x08005f44   0x00000032   Code   RO         2002    .text.USBD_CtlSendData  usbd_ioreq.o
    0x08005f76   0x08005f76   0x00000002   PAD
    0x08005f78   0x08005f78   0x00000022   Code   RO         2010    .text.USBD_CtlSendStatus  usbd_ioreq.o
    0x08005f9a   0x08005f9a   0x00000002   PAD
    0x08005f9c   0x08005f9c   0x0000004e   Code   RO          208    .text.USBD_FS_ConfigStrDescriptor  usbd_desc.o
    0x08005fea   0x08005fea   0x00000002   PAD
    0x08005fec   0x08005fec   0x0000001a   Code   RO          198    .text.USBD_FS_DeviceDescriptor  usbd_desc.o
    0x08006006   0x08006006   0x00000002   PAD
    0x08006008   0x08006008   0x0000004e   Code   RO          210    .text.USBD_FS_InterfaceStrDescriptor  usbd_desc.o
    0x08006056   0x08006056   0x00000002   PAD
    0x08006058   0x08006058   0x0000001a   Code   RO          200    .text.USBD_FS_LangIDStrDescriptor  usbd_desc.o
    0x08006072   0x08006072   0x00000002   PAD
    0x08006074   0x08006074   0x00000028   Code   RO          202    .text.USBD_FS_ManufacturerStrDescriptor  usbd_desc.o
    0x0800609c   0x0800609c   0x0000004e   Code   RO          204    .text.USBD_FS_ProductStrDescriptor  usbd_desc.o
    0x080060ea   0x080060ea   0x00000002   PAD
    0x080060ec   0x080060ec   0x00000020   Code   RO          206    .text.USBD_FS_SerialStrDescriptor  usbd_desc.o
    0x0800610c   0x0800610c   0x00000064   Code   RO         1972    .text.USBD_GetConfig  usbd_ctlreq.o
    0x08006170   0x08006170   0x000002d8   Code   RO         1966    .text.USBD_GetDescriptor  usbd_ctlreq.o
    0x08006448   0x08006448   0x00000076   Code   RO         1953    .text.USBD_GetEpDesc  usbd_core.o
    0x080064be   0x080064be   0x00000002   PAD
    0x080064c0   0x080064c0   0x00000032   Code   RO         1992    .text.USBD_GetLen   usbd_ctlreq.o
    0x080064f2   0x080064f2   0x00000002   PAD
    0x080064f4   0x080064f4   0x00000026   Code   RO         1955    .text.USBD_GetNextDesc  usbd_core.o
    0x0800651a   0x0800651a   0x00000002   PAD
    0x0800651c   0x0800651c   0x00000062   Code   RO         1974    .text.USBD_GetStatus  usbd_ctlreq.o
    0x0800657e   0x0800657e   0x00000002   PAD
    0x08006580   0x08006580   0x000000bc   Code   RO         1990    .text.USBD_GetString  usbd_ctlreq.o
    0x0800663c   0x0800663c   0x00000052   Code   RO          281    .text.USBD_Get_USB_Status  usbd_conf.o
    0x0800668e   0x0800668e   0x00000002   PAD
    0x08006690   0x08006690   0x0000006a   Code   RO         1909    .text.USBD_Init     usbd_core.o
    0x080066fa   0x080066fa   0x00000002   PAD
    0x080066fc   0x080066fc   0x0000003a   Code   RO          295    .text.USBD_LL_ClearStallEP  usbd_conf.o
    0x08006736   0x08006736   0x00000002   PAD
    0x08006738   0x08006738   0x0000003a   Code   RO          289    .text.USBD_LL_CloseEP  usbd_conf.o
    0x08006772   0x08006772   0x00000002   PAD
    0x08006774   0x08006774   0x00000190   Code   RO         1933    .text.USBD_LL_DataInStage  usbd_core.o
    0x08006904   0x08006904   0x000001b2   Code   RO         1927    .text.USBD_LL_DataOutStage  usbd_core.o
    0x08006ab6   0x08006ab6   0x00000002   PAD
    0x08006ab8   0x08006ab8   0x0000000a   Code   RO         1949    .text.USBD_LL_DevConnected  usbd_core.o
    0x08006ac2   0x08006ac2   0x00000002   PAD
    0x08006ac4   0x08006ac4   0x00000040   Code   RO         1951    .text.USBD_LL_DevDisconnected  usbd_core.o
    0x08006b04   0x08006b04   0x0000001c   Code   RO          305    .text.USBD_LL_GetRxDataSize  usbd_conf.o
    0x08006b20   0x08006b20   0x0000007e   Code   RO          277    .text.USBD_LL_Init  usbd_conf.o
    0x08006b9e   0x08006b9e   0x00000002   PAD
    0x08006ba0   0x08006ba0   0x0000005a   Code   RO          297    .text.USBD_LL_IsStallEP  usbd_conf.o
    0x08006bfa   0x08006bfa   0x00000002   PAD
    0x08006bfc   0x08006bfc   0x0000006e   Code   RO         1945    .text.USBD_LL_IsoINIncomplete  usbd_core.o
    0x08006c6a   0x08006c6a   0x00000002   PAD
    0x08006c6c   0x08006c6c   0x0000006e   Code   RO         1947    .text.USBD_LL_IsoOUTIncomplete  usbd_core.o
    0x08006cda   0x08006cda   0x00000002   PAD
    0x08006cdc   0x08006cdc   0x0000004a   Code   RO          287    .text.USBD_LL_OpenEP  usbd_conf.o
    0x08006d26   0x08006d26   0x00000002   PAD
    0x08006d28   0x08006d28   0x00000042   Code   RO          303    .text.USBD_LL_PrepareReceive  usbd_conf.o
    0x08006d6a   0x08006d6a   0x00000002   PAD
    0x08006d6c   0x08006d6c   0x0000009c   Code   RO         1935    .text.USBD_LL_Reset  usbd_core.o
    0x08006e08   0x08006e08   0x00000024   Code   RO         1941    .text.USBD_LL_Resume  usbd_core.o
    0x08006e2c   0x08006e2c   0x0000003e   Code   RO         1943    .text.USBD_LL_SOF   usbd_core.o
    0x08006e6a   0x08006e6a   0x00000002   PAD
    0x08006e6c   0x08006e6c   0x00000016   Code   RO         1937    .text.USBD_LL_SetSpeed  usbd_core.o
    0x08006e82   0x08006e82   0x00000002   PAD
    0x08006e84   0x08006e84   0x0000003a   Code   RO          299    .text.USBD_LL_SetUSBAddress  usbd_conf.o
    0x08006ebe   0x08006ebe   0x00000002   PAD
    0x08006ec0   0x08006ec0   0x00000094   Code   RO         1925    .text.USBD_LL_SetupStage  usbd_core.o
    0x08006f54   0x08006f54   0x0000003a   Code   RO          293    .text.USBD_LL_StallEP  usbd_conf.o
    0x08006f8e   0x08006f8e   0x00000002   PAD
    0x08006f90   0x08006f90   0x00000032   Code   RO          283    .text.USBD_LL_Start  usbd_conf.o
    0x08006fc2   0x08006fc2   0x00000002   PAD
    0x08006fc4   0x08006fc4   0x0000002c   Code   RO         1939    .text.USBD_LL_Suspend  usbd_core.o
    0x08006ff0   0x08006ff0   0x00000042   Code   RO          301    .text.USBD_LL_Transmit  usbd_conf.o
    0x08007032   0x08007032   0x00000002   PAD
    0x08007034   0x08007034   0x00000062   Code   RO         1986    .text.USBD_ParseSetupRequest  usbd_ctlreq.o
    0x08007096   0x08007096   0x00000002   PAD
    0x08007098   0x08007098   0x00000072   Code   RO         1913    .text.USBD_RegisterClass  usbd_core.o
    0x0800710a   0x0800710a   0x00000002   PAD
    0x0800710c   0x0800710c   0x0000000a   Code   RO         1919    .text.USBD_RunTestMode  usbd_core.o
    0x08007116   0x08007116   0x00000002   PAD
    0x08007118   0x08007118   0x0000008c   Code   RO         1968    .text.USBD_SetAddress  usbd_ctlreq.o
    0x080071a4   0x080071a4   0x00000036   Code   RO         1921    .text.USBD_SetClassConfig  usbd_core.o
    0x080071da   0x080071da   0x00000002   PAD
    0x080071dc   0x080071dc   0x0000017e   Code   RO         1970    .text.USBD_SetConfig  usbd_ctlreq.o
    0x0800735a   0x0800735a   0x00000002   PAD
    0x0800735c   0x0800735c   0x0000004e   Code   RO         1976    .text.USBD_SetFeature  usbd_ctlreq.o
    0x080073aa   0x080073aa   0x00000002   PAD
    0x080073ac   0x080073ac   0x00000010   Code   RO         1915    .text.USBD_Start    usbd_core.o
    0x080073bc   0x080073bc   0x000000cc   Code   RO         1964    .text.USBD_StdDevReq  usbd_ctlreq.o
    0x08007488   0x08007488   0x000003ac   Code   RO         1984    .text.USBD_StdEPReq  usbd_ctlreq.o
    0x08007834   0x08007834   0x000000f4   Code   RO         1982    .text.USBD_StdItfReq  usbd_ctlreq.o
    0x08007928   0x08007928   0x00000008   Code   RO          309    .text.USBD_static_free  usbd_conf.o
    0x08007930   0x08007930   0x00000010   Code   RO          307    .text.USBD_static_malloc  usbd_conf.o
    0x08007940   0x08007940   0x000000de   Code   RO          780    .text.USB_ActivateEndpoint  stm32f4xx_ll_usb.o
    0x08007a1e   0x08007a1e   0x00000002   PAD
    0x08007a20   0x08007a20   0x0000002c   Code   RO          822    .text.USB_ActivateSetup  stm32f4xx_ll_usb.o
    0x08007a4c   0x08007a4c   0x000000d6   Code   RO          756    .text.USB_CoreInit  stm32f4xx_ll_usb.o
    0x08007b22   0x08007b22   0x00000002   PAD
    0x08007b24   0x08007b24   0x00000076   Code   RO          758    .text.USB_CoreReset  stm32f4xx_ll_usb.o
    0x08007b9a   0x08007b9a   0x00000002   PAD
    0x08007b9c   0x08007b9c   0x00000138   Code   RO          784    .text.USB_DeactivateEndpoint  stm32f4xx_ll_usb.o
    0x08007cd4   0x08007cd4   0x0000002a   Code   RO          804    .text.USB_DevConnect  stm32f4xx_ll_usb.o
    0x08007cfe   0x08007cfe   0x00000002   PAD
    0x08007d00   0x08007d00   0x0000002a   Code   RO          806    .text.USB_DevDisconnect  stm32f4xx_ll_usb.o
    0x08007d2a   0x08007d2a   0x00000002   PAD
    0x08007d2c   0x08007d2c   0x0000029a   Code   RO          770    .text.USB_DevInit   stm32f4xx_ll_usb.o
    0x08007fc6   0x08007fc6   0x00000002   PAD
    0x08007fc8   0x08007fc8   0x00000014   Code   RO          764    .text.USB_DisableGlobalInt  stm32f4xx_ll_usb.o
    0x08007fdc   0x08007fdc   0x0000009e   Code   RO          824    .text.USB_EP0_OutStart  stm32f4xx_ll_usb.o
    0x0800807a   0x0800807a   0x00000002   PAD
    0x0800807c   0x0800807c   0x000000a0   Code   RO          798    .text.USB_EPClearStall  stm32f4xx_ll_usb.o
    0x0800811c   0x0800811c   0x000000a8   Code   RO          796    .text.USB_EPSetStall  stm32f4xx_ll_usb.o
    0x080081c4   0x080081c4   0x000003f8   Code   RO          788    .text.USB_EPStartXfer  stm32f4xx_ll_usb.o
    0x080085bc   0x080085bc   0x0000011c   Code   RO          792    .text.USB_EPStopXfer  stm32f4xx_ll_usb.o
    0x080086d8   0x080086d8   0x00000014   Code   RO          762    .text.USB_EnableGlobalInt  stm32f4xx_ll_usb.o
    0x080086ec   0x080086ec   0x00000074   Code   RO          776    .text.USB_FlushRxFifo  stm32f4xx_ll_usb.o
    0x08008760   0x08008760   0x0000007a   Code   RO          774    .text.USB_FlushTxFifo  stm32f4xx_ll_usb.o
    0x080087da   0x080087da   0x00000002   PAD
    0x080087dc   0x080087dc   0x0000004c   Code   RO          778    .text.USB_GetDevSpeed  stm32f4xx_ll_usb.o
    0x08008828   0x08008828   0x00000010   Code   RO          768    .text.USB_GetMode   stm32f4xx_ll_usb.o
    0x08008838   0x08008838   0x00000024   Code   RO          814    .text.USB_ReadDevAllInEpInterrupt  stm32f4xx_ll_usb.o
    0x0800885c   0x0800885c   0x00000024   Code   RO          812    .text.USB_ReadDevAllOutEpInterrupt  stm32f4xx_ll_usb.o
    0x08008880   0x08008880   0x0000004e   Code   RO          818    .text.USB_ReadDevInEPInterrupt  stm32f4xx_ll_usb.o
    0x080088ce   0x080088ce   0x00000002   PAD
    0x080088d0   0x080088d0   0x0000002e   Code   RO          816    .text.USB_ReadDevOutEPInterrupt  stm32f4xx_ll_usb.o
    0x080088fe   0x080088fe   0x00000002   PAD
    0x08008900   0x08008900   0x0000001a   Code   RO          808    .text.USB_ReadInterrupts  stm32f4xx_ll_usb.o
    0x0800891a   0x0800891a   0x00000002   PAD
    0x0800891c   0x0800891c   0x000000b4   Code   RO          794    .text.USB_ReadPacket  stm32f4xx_ll_usb.o
    0x080089d0   0x080089d0   0x000000de   Code   RO          766    .text.USB_SetCurrentMode  stm32f4xx_ll_usb.o
    0x08008aae   0x08008aae   0x00000002   PAD
    0x08008ab0   0x08008ab0   0x00000036   Code   RO          802    .text.USB_SetDevAddress  stm32f4xx_ll_usb.o
    0x08008ae6   0x08008ae6   0x00000002   PAD
    0x08008ae8   0x08008ae8   0x00000022   Code   RO          772    .text.USB_SetDevSpeed  stm32f4xx_ll_usb.o
    0x08008b0a   0x08008b0a   0x00000002   PAD
    0x08008b0c   0x08008b0c   0x000001ba   Code   RO          760    .text.USB_SetTurnaroundTime  stm32f4xx_ll_usb.o
    0x08008cc6   0x08008cc6   0x00000002   PAD
    0x08008cc8   0x08008cc8   0x00000082   Code   RO          790    .text.USB_WritePacket  stm32f4xx_ll_usb.o
    0x08008d4a   0x08008d4a   0x00000002   PAD
    0x08008d4c   0x08008d4c   0x00000004   Code   RO          152    .text.UsageFault_Handler  stm32f4xx_it.o
    0x08008d50   0x08008d50   0x00000030   Code   RO         1147    .text.__NVIC_EnableIRQ  stm32f4xx_hal_cortex.o
    0x08008d80   0x08008d80   0x00000010   Code   RO         1139    .text.__NVIC_GetPriorityGrouping  stm32f4xx_hal_cortex.o
    0x08008d90   0x08008d90   0x00000042   Code   RO         1141    .text.__NVIC_SetPriority  stm32f4xx_hal_cortex.o
    0x08008dd2   0x08008dd2   0x00000002   PAD
    0x08008dd4   0x08008dd4   0x00000042   Code   RO         2654    .text.__NVIC_SetPriority  cmsis_os2.o
    0x08008e16   0x08008e16   0x00000002   PAD
    0x08008e18   0x08008e18   0x0000003c   Code   RO         1135    .text.__NVIC_SetPriorityGrouping  stm32f4xx_hal_cortex.o
    0x08008e54   0x08008e54   0x00000048   Code   RO           11    .text.main          main.o
    0x08008e9c   0x08008e9c   0x00000034   Code   RO         2558    .text.osDelay       cmsis_os2.o
    0x08008ed0   0x08008ed0   0x00000046   Code   RO         2492    .text.osKernelInitialize  cmsis_os2.o
    0x08008f16   0x08008f16   0x00000002   PAD
    0x08008f18   0x08008f18   0x00000052   Code   RO         2498    .text.osKernelStart  cmsis_os2.o
    0x08008f6a   0x08008f6a   0x00000002   PAD
    0x08008f6c   0x08008f6c   0x0000015a   Code   RO         2522    .text.osThreadNew   cmsis_os2.o
    0x080090c6   0x080090c6   0x00000002   PAD
    0x080090c8   0x080090c8   0x000000d4   Code   RO         2284    .text.prvAddCurrentTaskToDelayedList  tasks.o
    0x0800919c   0x0800919c   0x00000122   Code   RO         2270    .text.prvAddNewTaskToReadyList  tasks.o
    0x080092be   0x080092be   0x00000002   PAD
    0x080092c0   0x080092c0   0x000000a2   Code   RO         2421    .text.prvCheckForValidListAndQueue  timers.o
    0x08009362   0x08009362   0x00000002   PAD
    0x08009364   0x08009364   0x0000005a   Code   RO         2388    .text.prvCheckTasksWaitingTermination  tasks.o
    0x080093be   0x080093be   0x00000002   PAD
    0x080093c0   0x080093c0   0x00000042   Code   RO         2163    .text.prvCopyDataFromQueue  queue.o
    0x08009402   0x08009402   0x00000002   PAD
    0x08009404   0x08009404   0x000000cc   Code   RO         2151    .text.prvCopyDataToQueue  queue.o
    0x080094d0   0x080094d0   0x0000005e   Code   RO         2276    .text.prvDeleteTCB  tasks.o
    0x0800952e   0x0800952e   0x00000002   PAD
    0x08009530   0x08009530   0x00000040   Code   RO         2459    .text.prvGetNextExpireTime  timers.o
    0x08009570   0x08009570   0x000000bc   Code   RO         2671    .text.prvHeapInit   heap_4.o
    0x0800962c   0x0800962c   0x00000038   Code   RO         2310    .text.prvIdleTask   tasks.o
    0x08009664   0x08009664   0x00000048   Code   RO         2125    .text.prvInitialiseNewQueue  queue.o
    0x080096ac   0x080096ac   0x00000122   Code   RO         2268    .text.prvInitialiseNewTask  tasks.o
    0x080097ce   0x080097ce   0x00000002   PAD
    0x080097d0   0x080097d0   0x0000008e   Code   RO         2386    .text.prvInitialiseTaskLists  tasks.o
    0x0800985e   0x0800985e   0x00000002   PAD
    0x08009860   0x08009860   0x000000c6   Code   RO         2673    .text.prvInsertBlockIntoFreeList  heap_4.o
    0x08009926   0x08009926   0x00000002   PAD
    0x08009928   0x08009928   0x00000086   Code   RO         2471    .text.prvInsertTimerInActiveList  timers.o
    0x080099ae   0x080099ae   0x00000002   PAD
    0x080099b0   0x080099b0   0x00000028   Code   RO         2165    .text.prvIsQueueEmpty  queue.o
    0x080099d8   0x080099d8   0x0000002e   Code   RO         2153    .text.prvIsQueueFull  queue.o
    0x08009a06   0x08009a06   0x00000002   PAD
    0x08009a08   0x08009a08   0x00000028   Code   RO         2712    .text.prvPortStartFirstTask  port.o
    0x08009a30   0x08009a30   0x0000008e   Code   RO         2467    .text.prvProcessExpiredTimer  timers.o
    0x08009abe   0x08009abe   0x00000002   PAD
    0x08009ac0   0x08009ac0   0x00000192   Code   RO         2463    .text.prvProcessReceivedCommands  timers.o
    0x08009c52   0x08009c52   0x00000002   PAD
    0x08009c54   0x08009c54   0x0000009a   Code   RO         2461    .text.prvProcessTimerOrBlockTask  timers.o
    0x08009cee   0x08009cee   0x00000002   PAD
    0x08009cf0   0x08009cf0   0x00000046   Code   RO         2278    .text.prvResetNextTaskUnblockTime  tasks.o
    0x08009d36   0x08009d36   0x00000002   PAD
    0x08009d38   0x08009d38   0x00000044   Code   RO         2465    .text.prvSampleTimeNow  timers.o
    0x08009d7c   0x08009d7c   0x000000d4   Code   RO         2469    .text.prvSwitchTimerLists  timers.o
    0x08009e50   0x08009e50   0x0000004c   Code   RO         2702    .text.prvTaskExitError  port.o
    0x08009e9c   0x08009e9c   0x0000001e   Code   RO         2423    .text.prvTimerTask  timers.o
    0x08009eba   0x08009eba   0x00000002   PAD
    0x08009ebc   0x08009ebc   0x000000ae   Code   RO         2155    .text.prvUnlockQueue  queue.o
    0x08009f6a   0x08009f6a   0x00000002   PAD
    0x08009f6c   0x08009f6c   0x000001ec   Code   RO         2669    .text.pvPortMalloc  heap_4.o
    0x0800a158   0x0800a158   0x0000005e   Code   RO         2700    .text.pxPortInitialiseStack  port.o
    0x0800a1b6   0x0800a1b6   0x00000002   PAD
    0x0800a1b8   0x0800a1b8   0x00000048   Code   RO         2112    .text.uxListRemove  list.o
    0x0800a200   0x0800a200   0x0000002a   Code   RO         2650    .text.vApplicationGetIdleTaskMemory  cmsis_os2.o
    0x0800a22a   0x0800a22a   0x00000002   PAD
    0x0800a22c   0x0800a22c   0x0000002c   Code   RO         2652    .text.vApplicationGetTimerTaskMemory  cmsis_os2.o
    0x0800a258   0x0800a258   0x0000002e   Code   RO         2104    .text.vListInitialise  list.o
    0x0800a286   0x0800a286   0x00000002   PAD
    0x0800a288   0x0800a288   0x0000000e   Code   RO         2106    .text.vListInitialiseItem  list.o
    0x0800a296   0x0800a296   0x00000002   PAD
    0x0800a298   0x0800a298   0x0000006a   Code   RO         2110    .text.vListInsert   list.o
    0x0800a302   0x0800a302   0x00000002   PAD
    0x0800a304   0x0800a304   0x0000003a   Code   RO         2108    .text.vListInsertEnd  list.o
    0x0800a33e   0x0800a33e   0x00000002   PAD
    0x0800a340   0x0800a340   0x00000014   Code   RO         2710    .text.vPortEnableVFP  port.o
    0x0800a354   0x0800a354   0x00000056   Code   RO         2716    .text.vPortEnterCritical  port.o
    0x0800a3aa   0x0800a3aa   0x00000002   PAD
    0x0800a3ac   0x0800a3ac   0x0000004a   Code   RO         2718    .text.vPortExitCritical  port.o
    0x0800a3f6   0x0800a3f6   0x00000002   PAD
    0x0800a3f8   0x0800a3f8   0x000000ce   Code   RO         2675    .text.vPortFree     heap_4.o
    0x0800a4c6   0x0800a4c6   0x00000002   PAD
    0x0800a4c8   0x0800a4c8   0x00000044   Code   RO         2708    .text.vPortSetupTimerInterrupt  port.o
    0x0800a50c   0x0800a50c   0x00000084   Code   RO         2724    .text.vPortValidateInterruptPriority  port.o
    0x0800a590   0x0800a590   0x00000052   Code   RO         2195    .text.vQueueAddToRegistry  queue.o
    0x0800a5e2   0x0800a5e2   0x00000002   PAD
    0x0800a5e4   0x0800a5e4   0x00000064   Code   RO         2199    .text.vQueueWaitForMessageRestricted  queue.o
    0x0800a648   0x0800a648   0x0000006e   Code   RO         2288    .text.vTaskDelay    tasks.o
    0x0800a6b6   0x0800a6b6   0x00000002   PAD
    0x0800a6b8   0x0800a6b8   0x00000024   Code   RO         2342    .text.vTaskInternalSetTimeOutState  tasks.o
    0x0800a6dc   0x0800a6dc   0x0000000e   Code   RO         2346    .text.vTaskMissedYield  tasks.o
    0x0800a6ea   0x0800a6ea   0x00000002   PAD
    0x0800a6ec   0x0800a6ec   0x00000042   Code   RO         2330    .text.vTaskPlaceOnEventList  tasks.o
    0x0800a72e   0x0800a72e   0x00000002   PAD
    0x0800a730   0x0800a730   0x00000052   Code   RO         2334    .text.vTaskPlaceOnEventListRestricted  tasks.o
    0x0800a782   0x0800a782   0x00000002   PAD
    0x0800a784   0x0800a784   0x000000e0   Code   RO         2308    .text.vTaskStartScheduler  tasks.o
    0x0800a864   0x0800a864   0x00000010   Code   RO         2282    .text.vTaskSuspendAll  tasks.o
    0x0800a874   0x0800a874   0x000000c6   Code   RO         2300    .text.vTaskSwitchContext  tasks.o
    0x0800a93a   0x0800a93a   0x00000002   PAD
    0x0800a93c   0x0800a93c   0x00000156   Code   RO         2706    .text.xPortStartScheduler  port.o
    0x0800aa92   0x0800aa92   0x00000002   PAD
    0x0800aa94   0x0800aa94   0x0000003c   Code   RO         2722    .text.xPortSysTickHandler  port.o
    0x0800aad0   0x0800aad0   0x0000010e   Code   RO         2123    .text.xQueueGenericCreateStatic  queue.o
    0x0800abde   0x0800abde   0x00000002   PAD
    0x0800abe0   0x0800abe0   0x000000ba   Code   RO         2121    .text.xQueueGenericReset  queue.o
    0x0800ac9a   0x0800ac9a   0x00000002   PAD
    0x0800ac9c   0x0800ac9c   0x0000022c   Code   RO         2141    .text.xQueueGenericSend  queue.o
    0x0800aec8   0x0800aec8   0x0000014c   Code   RO         2157    .text.xQueueGenericSendFromISR  queue.o
    0x0800b014   0x0800b014   0x000001dc   Code   RO         2161    .text.xQueueReceive  queue.o
    0x0800b1f0   0x0800b1f0   0x000000cc   Code   RO         2344    .text.xTaskCheckForTimeOut  tasks.o
    0x0800b2bc   0x0800b2bc   0x0000009e   Code   RO         2272    .text.xTaskCreate   tasks.o
    0x0800b35a   0x0800b35a   0x00000002   PAD
    0x0800b35c   0x0800b35c   0x000000ce   Code   RO         2266    .text.xTaskCreateStatic  tasks.o
    0x0800b42a   0x0800b42a   0x00000002   PAD
    0x0800b42c   0x0800b42c   0x00000038   Code   RO         2360    .text.xTaskGetSchedulerState  tasks.o
    0x0800b464   0x0800b464   0x00000014   Code   RO         2316    .text.xTaskGetTickCount  tasks.o
    0x0800b478   0x0800b478   0x000001c4   Code   RO         2314    .text.xTaskIncrementTick  tasks.o
    0x0800b63c   0x0800b63c   0x000000ec   Code   RO         2364    .text.xTaskPriorityDisinherit  tasks.o
    0x0800b728   0x0800b728   0x000000ce   Code   RO         2336    .text.xTaskRemoveFromEventList  tasks.o
    0x0800b7f6   0x0800b7f6   0x00000002   PAD
    0x0800b7f8   0x0800b7f8   0x00000186   Code   RO         2286    .text.xTaskResumeAll  tasks.o
    0x0800b97e   0x0800b97e   0x00000002   PAD
    0x0800b980   0x0800b980   0x00000094   Code   RO         2419    .text.xTimerCreateTimerTask  timers.o
    0x0800ba14   0x0800ba14   0x000000b0   Code   RO         2431    .text.xTimerGenericCommand  timers.o
    0x0800bac4   0x0800bac4   0x0000001a   Code   RO         2866    x$fpl$fpinit        fz_wm.l(fpinit.o)
    0x0800bade   0x0800bade   0x00000010   Data   RO         1900    .rodata.AHBPrescTable  system_stm32f4xx.o
    0x0800baee   0x0800baee   0x00000008   Data   RO         1901    .rodata.APBPrescTable  system_stm32f4xx.o
    0x0800baf6   0x0800baf6   0x00000002   PAD
    0x0800baf8   0x0800baf8   0x00000024   Data   RO           40    .rodata.defaultTask_attributes  freertos.o
    0x0800bb1c   0x0800bb1c   0x0000000c   Data   RO           39    .rodata.str1.1      freertos.o
    0x0800bb28   0x0800bb28   0x00000042   Data   RO          220    .rodata.str1.1      usbd_desc.o
    0x0800bb6a   0x0800bb6a   0x00000005   Data   RO         2404    .rodata.str1.1      tasks.o
    0x0800bb6f   0x0800bb6f   0x0000000d   Data   RO         2474    .rodata.str1.1      timers.o
    0x0800bb7c   0x0800bb7c   0x00000020   Data   RO         2927    Region$$Table       anon$$obj.o


    Execution Region RW_IRAM1 (Exec base: 0x20000000, Load base: 0x0800bba0, Size: 0x00006f78, Max: 0x0001c000, ABSOLUTE)

    Exec Addr    Load Addr    Size         Type   Attr      Idx    E Section Name        Object

    0x20000000   0x0800bba0   0x00000001   Data   RW         2057    .data.CDCCmdEpAdd   usbd_cdc.o
    0x20000001   0x0800bba1   0x00000001   Data   RW         2055    .data.CDCInEpAdd    usbd_cdc.o
    0x20000002   0x0800bba2   0x00000001   Data   RW         2056    .data.CDCOutEpAdd   usbd_cdc.o
    0x20000003   0x0800bba3   0x00000001   PAD
    0x20000004   0x0800bba4   0x0000001c   Data   RW          216    .data.FS_Desc       usbd_desc.o
    0x20000020   0x0800bbc0   0x00000004   Data   RW         1899    .data.SystemCoreClock  system_stm32f4xx.o
    0x20000024   0x0800bbc4   0x00000038   Data   RW         2053    .data.USBD_CDC      usbd_cdc.o
    0x2000005c   0x0800bbfc   0x00000043   Data   RW         2058    .data.USBD_CDC_CfgDesc  usbd_cdc.o
    0x2000009f   0x0800bc3f   0x00000001   PAD
    0x200000a0   0x0800bc40   0x0000000a   Data   RW         2054    .data.USBD_CDC_DeviceQualifierDesc  usbd_cdc.o
    0x200000aa   0x0800bc4a   0x00000002   PAD
    0x200000ac   0x0800bc4c   0x00000012   Data   RW          217    .data.USBD_FS_DeviceDesc  usbd_desc.o
    0x200000be   0x0800bc5e   0x00000002   PAD
    0x200000c0   0x0800bc60   0x00000014   Data   RW          241    .data.USBD_Interface_fops_FS  usbd_cdc_if.o
    0x200000d4   0x0800bc74   0x00000004   Data   RW          218    .data.USBD_LangIDDesc  usbd_desc.o
    0x200000d8   0x0800bc78   0x0000001a   Data   RW          219    .data.USBD_StringSerial  usbd_desc.o
    0x200000f2   0x0800bc92   0x00000001   Data   RW         1265    .data.uwTickFreq    stm32f4xx_hal.o
    0x200000f3   0x0800bc93   0x00000001   PAD
    0x200000f4   0x0800bc94   0x00000004   Data   RW         1264    .data.uwTickPrio    stm32f4xx_hal.o
    0x200000f8   0x0800bc98   0x00000004   Data   RW         2728    .data.uxCriticalNesting  port.o
    0x200000fc   0x0800bc9c   0x00000004   PAD
    0x20000100        -       0x00000060   Zero   RW         2792    .bss                c_w.l(libspace.o)
    0x20000160        -       0x00000004   Zero   RW         2656    .bss.KernelState    cmsis_os2.o
    0x20000164        -       0x00000001   Zero   RW         1994    .bss.USBD_SetConfig.cfgidx  usbd_ctlreq.o
    0x20000165   0x0800bc9c   0x00000003   PAD
    0x20000168        -       0x00000200   Zero   RW          221    .bss.USBD_StrDesc   usbd_desc.o
    0x20000368        -       0x00000220   Zero   RW          314    .bss.USBD_static_malloc.mem  usbd_conf.o
    0x20000588        -       0x00000800   Zero   RW          242    .bss.UserRxBufferFS  usbd_cdc_if.o
    0x20000d88        -       0x00000800   Zero   RW          243    .bss.UserTxBufferFS  usbd_cdc_if.o
    0x20001588        -       0x00000004   Zero   RW           41    .bss.defaultTaskHandle  freertos.o
    0x2000158c        -       0x000002dc   Zero   RW          191    .bss.hUsbDeviceFS   usb_device.o
    0x20001868        -       0x00000048   Zero   RW           57    .bss.hadc1          adc.o
    0x200018b0        -       0x00000048   Zero   RW           58    .bss.hadc2          adc.o
    0x200018f8        -       0x00000028   Zero   RW           72    .bss.hcan1          can.o
    0x20001920        -       0x00000054   Zero   RW           86    .bss.hi2c2          i2c.o
    0x20001974        -       0x000004e4   Zero   RW          313    .bss.hpcd_USB_OTG_FS  usbd_conf.o
    0x20001e58        -       0x00000058   Zero   RW          102    .bss.hspi1          spi.o
    0x20001eb0        -       0x00000058   Zero   RW          103    .bss.hspi2          spi.o
    0x20001f08        -       0x00000048   Zero   RW          121    .bss.htim1          tim.o
    0x20001f50        -       0x00000048   Zero   RW          181    .bss.htim11         stm32f4xx_hal_timebase_tim.o
    0x20001f98        -       0x00000048   Zero   RW          122    .bss.htim3          tim.o
    0x20001fe0        -       0x00000048   Zero   RW          136    .bss.huart1         usart.o
    0x20002028        -       0x000000a0   Zero   RW         2482    .bss.prvCheckForValidListAndQueue.ucStaticTimerQueueStorage  timers.o
    0x200020c8        -       0x00000050   Zero   RW         2481    .bss.prvCheckForValidListAndQueue.xStaticTimerQueue  timers.o
    0x20002118        -       0x00000004   Zero   RW         2478    .bss.prvSampleTimeNow.xLastTime  timers.o
    0x2000211c        -       0x00000004   Zero   RW         2390    .bss.pxCurrentTCB   tasks.o
    0x20002120        -       0x00000004   Zero   RW         2476    .bss.pxCurrentTimerList  timers.o
    0x20002124        -       0x00000004   Zero   RW         2398    .bss.pxDelayedTaskList  tasks.o
    0x20002128        -       0x00000004   Zero   RW         2685    .bss.pxEnd          heap_4.o
    0x2000212c        -       0x00000004   Zero   RW         2399    .bss.pxOverflowDelayedTaskList  tasks.o
    0x20002130        -       0x00000004   Zero   RW         2477    .bss.pxOverflowTimerList  timers.o
    0x20002134        -       0x00000460   Zero   RW         2401    .bss.pxReadyTasksLists  tasks.o
    0x20002594        -       0x00003c00   Zero   RW         2692    .bss.ucHeap         heap_4.o
    0x20006194        -       0x00000001   Zero   RW         2726    .bss.ucMaxSysCallPriority  port.o
    0x20006195   0x0800bc9c   0x00000003   PAD
    0x20006198        -       0x00000004   Zero   RW         2727    .bss.ulMaxPRIGROUPValue  port.o
    0x2000619c        -       0x00000004   Zero   RW         1266    .bss.uwTick         stm32f4xx_hal.o
    0x200061a0        -       0x00000004   Zero   RW         2394    .bss.uxCurrentNumberOfTasks  tasks.o
    0x200061a4        -       0x00000004   Zero   RW         2393    .bss.uxDeletedTasksWaitingCleanUp  tasks.o
    0x200061a8        -       0x00000004   Zero   RW         2396    .bss.uxSchedulerSuspended  tasks.o
    0x200061ac        -       0x00000004   Zero   RW         2391    .bss.uxTaskNumber   tasks.o
    0x200061b0        -       0x00000004   Zero   RW         2402    .bss.uxTopReadyPriority  tasks.o
    0x200061b4        -       0x00000200   Zero   RW         2659    .bss.vApplicationGetIdleTaskMemory.Idle_Stack  cmsis_os2.o
    0x200063b4        -       0x0000005c   Zero   RW         2658    .bss.vApplicationGetIdleTaskMemory.Idle_TCB  cmsis_os2.o
    0x20006410        -       0x00000400   Zero   RW         2661    .bss.vApplicationGetTimerTaskMemory.Timer_Stack  cmsis_os2.o
    0x20006810        -       0x0000005c   Zero   RW         2660    .bss.vApplicationGetTimerTaskMemory.Timer_TCB  cmsis_os2.o
    0x2000686c        -       0x00000014   Zero   RW         2479    .bss.xActiveTimerList1  timers.o
    0x20006880        -       0x00000014   Zero   RW         2480    .bss.xActiveTimerList2  timers.o
    0x20006894        -       0x00000004   Zero   RW         2686    .bss.xBlockAllocatedBit  heap_4.o
    0x20006898        -       0x00000014   Zero   RW         2410    .bss.xDelayedTaskList1  tasks.o
    0x200068ac        -       0x00000014   Zero   RW         2411    .bss.xDelayedTaskList2  tasks.o
    0x200068c0        -       0x00000004   Zero   RW         2687    .bss.xFreeBytesRemaining  heap_4.o
    0x200068c4        -       0x00000004   Zero   RW         2405    .bss.xIdleTaskHandle  tasks.o
    0x200068c8        -       0x00000004   Zero   RW         2689    .bss.xMinimumEverFreeBytesRemaining  heap_4.o
    0x200068cc        -       0x00000004   Zero   RW         2406    .bss.xNextTaskUnblockTime  tasks.o
    0x200068d0        -       0x00000004   Zero   RW         2409    .bss.xNumOfOverflows  tasks.o
    0x200068d4        -       0x00000004   Zero   RW         2690    .bss.xNumberOfSuccessfulAllocations  heap_4.o
    0x200068d8        -       0x00000004   Zero   RW         2691    .bss.xNumberOfSuccessfulFrees  heap_4.o
    0x200068dc        -       0x00000004   Zero   RW         2408    .bss.xPendedTicks   tasks.o
    0x200068e0        -       0x00000014   Zero   RW         2403    .bss.xPendingReadyList  tasks.o
    0x200068f4        -       0x00000040   Zero   RW         2201    .bss.xQueueRegistry  queue.o
    0x20006934        -       0x00000004   Zero   RW         2395    .bss.xSchedulerRunning  tasks.o
    0x20006938        -       0x00000008   Zero   RW         2688    .bss.xStart         heap_4.o
    0x20006940        -       0x00000014   Zero   RW         2400    .bss.xSuspendedTaskList  tasks.o
    0x20006954        -       0x00000014   Zero   RW         2392    .bss.xTasksWaitingTermination  tasks.o
    0x20006968        -       0x00000004   Zero   RW         2397    .bss.xTickCount     tasks.o
    0x2000696c        -       0x00000004   Zero   RW         2473    .bss.xTimerQueue    timers.o
    0x20006970        -       0x00000004   Zero   RW         2475    .bss.xTimerTaskHandle  timers.o
    0x20006974        -       0x00000004   Zero   RW         2407    .bss.xYieldPending  tasks.o
    0x20006978        -       0x00000200   Zero   RW            2    HEAP                startup_stm32f405xx.o
    0x20006b78        -       0x00000400   Zero   RW            1    STACK               startup_stm32f405xx.o


    Execution Region RW_IRAM2 (Exec base: 0x2001c000, Load base: 0x0800bca0, Size: 0x00000000, Max: 0x00004000, ABSOLUTE)

    **** No section assigned to this execution region ****


==============================================================================

Image component sizes


      Code (inc. data)   RO Data    RW Data    ZI Data      Debug   Object Name

       502          0          0          0        144       5249   adc.o
       216          0          0          0         40       4104   can.o
       746          0          0          0       1724      34897   cmsis_os2.o
        56          0         48          0          4       2598   freertos.o
       200          0          0          0          0       2148   gpio.o
      1084          0          0          0      15392       4482   heap_4.o
       218          0          0          0         84       5072   i2c.o
       296          0          0          0          0       2230   list.o
       300          0          0          0          0       5726   main.o
      1128         16          0          4          5       3842   port.o
      2604          0          0          0         64      17296   queue.o
       594          0          0          0        176       5319   spi.o
        64         26        392          0       1536        844   startup_stm32f405xx.o
       158          0          0          5          4       7074   stm32f4xx_hal.o
      1098          0          0          0          0      10057   stm32f4xx_hal_adc.o
       478          0          0          0          0      11515   stm32f4xx_hal_can.o
       384          0          0          0          0       9654   stm32f4xx_hal_cortex.o
       996          0          0          0          0       5111   stm32f4xx_hal_gpio.o
       676          0          0          0          0      37448   stm32f4xx_hal_i2c.o
        88          0          0          0          0       3319   stm32f4xx_hal_msp.o
      4970          0          0          0          0      14355   stm32f4xx_hal_pcd.o
       192          0          0          0          0       4238   stm32f4xx_hal_pcd_ex.o
      2730          0          0          0          0       7581   stm32f4xx_hal_rcc.o
       256          0          0          0          0      19377   stm32f4xx_hal_spi.o
      2774         14          0          0          0      35859   stm32f4xx_hal_tim.o
       484          0          0          0          0      15274   stm32f4xx_hal_tim_ex.o
       220          0          0          0         72       7007   stm32f4xx_hal_timebase_tim.o
       472          0          0          0          0      20244   stm32f4xx_hal_uart.o
        66          0          0          0          0        975   stm32f4xx_it.o
      5100          0          0          0          0      19726   stm32f4xx_ll_usb.o
        18          0         24          4          0       2539   system_stm32f4xx.o
      3918          0          5          0       1280      24107   tasks.o
       834          0          0          0        144       8473   tim.o
      1692         10         13          0        300      11601   timers.o
       208          0          0          0         72       4889   usart.o
       118          0          0          0        732       3127   usb_device.o
      2370         12          0        136          0      10799   usbd_cdc.o
       206         36          0         20       4096       2608   usbd_cdc_if.o
      1396          4          0          0       1796      14368   usbd_conf.o
      2130          0          0          0          0       8936   usbd_core.o
      3396         30          0          0          1       8536   usbd_ctlreq.o
       572          0         66         76        512       3100   usbd_desc.o
       232          0          0          0          0       4172   usbd_ioreq.o

    ----------------------------------------------------------------------
     46564        160        582        252      28188     429876   Object Totals
         0          0         32          0          0          0   (incl. Generated)
       324         12          2          7         10          0   (incl. Padding)

    ----------------------------------------------------------------------

      Code (inc. data)   RO Data    RW Data    ZI Data      Debug   Library Member Name

         8          0          0          0          0         68   __main.o
         0          0          0          0          0          0   __rtentry.o
        12          0          0          0          0          0   __rtentry2.o
         6          0          0          0          0          0   __rtentry4.o
        52          8          0          0          0          0   __scatter.o
        26          0          0          0          0          0   __scatter_copy.o
        28          0          0          0          0          0   __scatter_zi.o
        16          0          0          0          0         68   aeabi_memset4.o
        18          0          0          0          0         80   exit.o
         6          0          0          0          0        152   heapauxi.o
         0          0          0          0          0          0   indicate_semi.o
         2          0          0          0          0          0   libinit.o
         6          0          0          0          0          0   libinit2.o
         2          0          0          0          0          0   libshutdown.o
         2          0          0          0          0          0   libshutdown2.o
         8          4          0          0         96         68   libspace.o
       240          0          0          0          0        100   lludivv7m.o
        78          0          0          0          0         80   rt_memclr_w.o
       138          0          0          0          0         68   rt_memcpy_v6.o
       100          0          0          0          0         80   rt_memcpy_w.o
         2          0          0          0          0          0   rtexit.o
        10          0          0          0          0          0   rtexit2.o
        12          4          0          0          0         68   sys_exit.o
        74          0          0          0          0         80   sys_stackheap_outer.o
         2          0          0          0          0         68   use_no_semi.o
        26          0          0          0          0        116   fpinit.o

    ----------------------------------------------------------------------
       882         16          0          0         96       1096   Library Totals
         8          0          0          0          0          0   (incl. Padding)

    ----------------------------------------------------------------------

      Code (inc. data)   RO Data    RW Data    ZI Data      Debug   Library Name

       848         16          0          0         96        980   c_w.l
        26          0          0          0          0        116   fz_wm.l

    ----------------------------------------------------------------------
       882         16          0          0         96       1096   Library Totals

    ----------------------------------------------------------------------

==============================================================================


      Code (inc. data)   RO Data    RW Data    ZI Data      Debug   

     47446        176        582        252      28284     429736   Grand Totals
     47446        176        582        252      28284     429736   ELF Image Totals
     47446        176        582        252          0          0   ROM Totals

==============================================================================

    Total RO  Size (Code + RO Data)                48028 (  46.90kB)
    Total RW  Size (RW Data + ZI Data)             28536 (  27.87kB)
    Total ROM Size (Code + RO Data + RW Data)      48280 (  47.15kB)

==============================================================================

